[
["Αφγανιστάν", "Καμπούλ"],
["Αλβανία", "Τίρανα"],
["Αλγερία", "Αλγέρι"],
["Ανδόρα", "Ανδόρρα λα βέλα"],
["Αγκόλα", "Λουάντα"],
["Αντίγκουα και Μπαρμπούντα", "Σεντ Τζονς"],
["Αργεντινή", "Μπουένος Άιρες"],
["Αρμενία", "Ερεβάν"],
["Αυστραλία", "Καμπέρα"],
["Αυστρία", "Βιέννη"],
["Αζερμπαϊτζάν", "Μπακού"],
["Μπαχάμες", "Νασάου"],
["Μπαχρέιν", "Μανάμα"],
["Μπαγκλαντές", "Ντάκα"],
["Μπαρμπάντος", "Μπριτζτάουν"],
["Λευκορωσία", "Μινσκ"],
["Βέλγιο", "Βρυξέλλες"],
["Μπελίζ", "Μπελμοπάν"],
["Μπενίν", "Πόρτο Νόβο"],
["Μπουτάν", "Θίμφου"],
["Βολιβία", "Σούκρε"],
["Βοσνία και Ερζεγοβίνη", "Σαράγεβο"],
["Μποτσουάνα", "Γκαμπορόνε"],
["Βραζιλία", "Μπραζίλια"],
["Μπρουνέι", "Μπαντάρ Σερί Μπεγκαβάν"],
["Βουλγαρία", "Σόφια"],
["Μπουρκίνα Φάσο", "Ουαγκαντούγκου"],
["Μπουρούντι", "Γκιτέγκα"],
["Καμπότζη", "Πνομ Πεν"],
["Καμερούν", "Γιαουντέ"],
["Καναδάς", "Οτάβα"],
["Πράσινο Ακρωτήριο", "Πράια"],
["Κεντροαφρικανική Δημοκρατία", " Μπανγκούι"],
["Τσαντ", "Ντζαμένα"],
["Χιλή", "Σαντιάγο"],
["Κίνα", "Πεκίνο"],
["Κολομβία", "Μπογκοτά"],
["Κομόρες", "Μορόνι"],
["Λαϊκή Δημοκρατία του Κονγκό", "Κινσάσα"],
["Δημοκρατία του Κονγκό", "Μπραζαβίλ"],
["Κόστα Ρίκα", "Σαν Χοσέ"],
["Ακτή Ελεφαντοστού", "Γιαμουσιούκρο"],
["Κροατία", "Ζάγκρεμπ"],
["Κούβα", "Αβάνα"],
["Κύπρος", "Λευκωσία"],
["Τσεχία", "Πράγα"],
["Δανία", "Κοπεγχάγη"],
["Τζιμπουτί", "Τζιμπουτί"],
["Ντομίνικα", "Ροζάου"],
["Δομινικανή Δημοκρατία", " Σάντο Ντομίνγκο"],
["Ανατολικό Τιμόρ", "Ντίλι"],
["Εκουαδόρ", "Κίτο"],
["Αίγυπτος", "Κάιρο"],
["Ελ Σαλβαδόρ", "Σαν Σαλβαδόρ"],
["Αγγλία", "Λονδίνο"],
["Ισημερινή Γουινέα", " Μαλάμπο"],
["Ερυθραία", "Ασμάρα"],
["Εσθονία", "Ταλίν"],
["Εσουατίνι πρώην Σουιζιλάνδη", "Μπαμπάνε"],
["Αιθιοπία", "Αντίς Αμπέμπα"],
["Μικρονησία", "Παλικίρ"],
["Φίτζι", "Σούβα"],
["Φινλανδία", "Ελσίνκι"],
["Γαλλία", "Παρίσι"],
["Γκαμπόν", "Λιμπρεβίλ"],
["Γκάμπια", "Μπαντζούλ"],
["Γεωργία", "Τιφλίδα"],
["Γερμανία", "Βερολίνο"],
["Γκάνα", "Άκρα"],
["Ελλάδα", "Αθήνα"],
["Γρενάδα", "Άγιος Γεώργιος"],
["Γουατεμάλα", "Πόλη της Γουατεμάλας"],
["Γουινέα", "Κόνακρυ"],
["Γουινέα Μπισσάου", "Μπισσάου"],
["Γουιάνα", "Τζωρτζτάουν"],
["Αϊτή", "Πορτ-ο-Πρενς"],
["Ονδούρα", "Τεγκουσιγκάλπα"],
["Ουγγαρία", "Βουδαπέστη"],
["Ισλανδία", "Ρέικιαβικ"],
["Ινδία", "Νέο Δελχί"],
["Ινδονησία", "Τζακάρτα"],
["Ιράν", "Τεχεράνη"],
["Ιράκ", "Βαγδάτη"],
["Ιρλανδία", "Δουβλίνο"],
["Ισραήλ", "Ιερουσαλήμ"],
["Ιταλία", "Ρώμη"],
["Τζαμάικα", "Κίνγκστον"],
["Ιαπωνία", "Τόκιο"],
["Ιορδανία", "Αμμάν"],
["Καζακστάν", "Νουρ-Σουλτάν"],
["Κένυα", "Ναϊρόμπι"],
["Κιριμπάτι", "Ατόλη Ταράουα"],
["Κοσσυφοπέδιο", "Πρίστινα"],
["Κουβέιτ", "Κουβέιτ Σίτι"],
["Κιργιζία", "Μπισκέκ"],
["Λάος", "Βιεντιάν"],
["Λετονία", "Ρίγα"],
["Λίβανος", "Βηρυτός"],
["Λεσότο", " Μασέρου"],
["Λιβερία", " Μονρόβια"],
["Λιβύη", "Τρίπολη"],
["Λιχτενστάιν", "Βαντούζ"],
["Λιθουανία", "Βίλνιους"],
["Λουξεμβούργο", "Λουξεμβούργο"],
["Μαδαγασκάρη", "Ανταναναρίβο"],
["Μαλάουι", "Λιλόνγκουε"],
["Μαλαισία", "Κουάλα Λουμπούρ"],
["Μαλδίβες", "Μάλε"],
["Μάλι", "Μπαμάκο"],
["Μάλτα", "Βαλέτα"],
["Νήσοι Μάρσαλ", "Ματζούρο"],
["Μαυριτανία", "Νουακτσότ"],
["Μαυρίκιος", "Πορτ Λουί"],
["Μεξικό", "Πόλη του Μεξικού"],
["Μολδαβία", "Κισινάου"],
["Μονακό", "Μονακό"],
["Μογγολία", "Ουλάν Μπατόρ"],
["Μαυροβούνιο", "Ποντγκόριτσα"],
["Μαρόκο", "Ραμπάτ"],
["Μοζαμβίκη", "Μαπούτο"],
["Μιανμάρ", "Νάι Πι Τάου"],
["Ναμίμπια", "Βίντχοκ"],
["Ναουρού", "Γιαρέν"],
["Νεπάλ", "Κατμαντού"],
["Ολλανδία", "Άμστερνταμ"],
["Νέα Ζηλανδία", "Ουέλινγκτον"],
["Νικαράγουα", "Μανάγκουα"],
["Νίγηρας", " Νιαμέι"],
["Νιγηρία", "Αμπούτζα"],
["Βόρεια", "Κορέα Πιονγκγιάνγκ"],
["Βόρεια Μακεδονία", "Σκόπια"],
["Βόρεια Ιρλανδία", "Μπέλφαστ"],
["Νορβηγία", "Όσλο"],
["Ομάν", "Μουσκάτ"],
["Πακιστάν", "Ισλαμαμπάντ"],
["Παλάου", "Μελεκέοκ"],
["Παναμάς", "Πόλη του Παναμά"],
["Παπούα Νέα Γουινέα", "Πορτ Μόρεσμπι"],
["Παραγουάη", "Ασουνσιόν"],
["Περού", "Λίμα"],
["Φιλιππίνες", "Μανίλα"],
["Πολωνία", "Βαρσοβία"],
["Πορτογαλία", "Λισαβόνα"],
["Κατάρ", "Ντόχα"],
["Ρουμανία", "Βουκουρέστι"],
["Ρωσία", "Μόσχα"],
["Ρουάντα", "Κιγκάλι"],
["Άγιος Χριστόφορος και Νέβις", " Μπαστέρ"],
["Αγία Λουκία", "Καστρίς"],
["Άγιος Βικέντιος και Γρεναδίνες", "Κινγκς Τάουν"],
["Σαμόα", "Άπια"],
["Σαν Μαρίνο", "Άγιος Μαρίνος"],
["Σάο Τομέ και Πρίνσιπε", "Σάο Τομέ"],
["Σαουδική Αραβία", "Ριάντ"],
["Σκωτία", "Εδιμβούργο"],
["Σενεγάλη", "Ντακάρ"],
["Σερβία", "Βελιγράδι"],
["Σεϋχέλλες", "Βικτώρια"],
["Σιέρα Λεόνε", "Φρίταουν"],
["Σιγκαπούρη", "Σιγκαπούρη"],
["Σλοβακία", "Μπρατισλάβα"],
["Σλοβενία", "Λιουμπλιάνα"],
["Νησιά Σολομώντα", "Χονιάρα"],
["Σομαλία", "Μογκαντίσου"],
["Νότια Αφρική", "Πρετόρια, Μπλουμφοντέιν, Κέιπ Τάουν"],
["Νότια Κορέα", "Σεούλ"],
["Νότιο Σουδάν", "Τζούμπα"],
["Ισπανία", "Μαδρίτη"],
["Σρι Λάνκα", "Σρι Δζαγιαβαρντενεπούρα Κόττε"],
["Σουδάν", "Χαρτούμ"],
["Σουρινάμ", "Παραμαρίμπο"],
["Σουηδία", "Στοκχόλμη"],
["Ελβετία", "Βέρνη"],
["Συρία", "Δαμασκός"],
["Ταϊβάν", "Ταϊπέι"],
["Τατζικιστάν", "Ντουσανμπέ"],
["Τανζανία", "Ντοντόμα"],
["Ταϊλάνδη", "Μπανγκόκ"],
["Τόγκο", "Λομέ"],
["Τόνγκα", "Νουκουαλόφα"],
["Τρινιντάντ και Τομπάγκο", "Πορτ Οφ Σπέιν"],
["Τυνησία", "Τύνιδα"],
["Τουρκία", "Άγκυρα"],
["Τουρκμενιστάν", "Ασγκαμπάτ"],
["Τουβαλού", "Φουναφούτι"],
["Ουγκάντα", "Καμπάλα"],
["Ουκρανία", "Κίεβο"],
["Ηνωμένα Αραβικά Εμιράτα ", " Άμπου Ντάμπι"],
["Ηνωμένο Βασίλειο ", "Λονδίνο"],
["Ηνωμένες Πολιτείες", "Ουάσινγκτον"],
["Ουρουγουάη", "Μοντεβιδέο"],
["Ουζμπεκιστάν", "Τασκένδη"],
["Βανουάτου", "Πορτ Βίλα"],
["Βατικανό", "Βατικανό"],
["Βενεζουέλα", "Καράκας"],
["Βιετνάμ", "Ανόι"],
["Ουαλία", "Κάρντιφ"],
["Υεμένη", "Σαναά"],
["Ζάμπια", "Λουσάκα"],
["Ζιμπάμπουε", "Χαράρε"]
]
