[
["Τόκιο", "37.274.000"],
["Δελχί", "32.065.760"],
["Σαγκάη", "28.516.904"],
["Ντάκα", "22.478.116"],
["Σάο Πάολο", "22.429.800"],
["Πόλη του Μεξικού", "22.085.140"],
["Κάιρο", "21.750.020"],
["Πεκίνο", "21.333.332"],
["Βομβάη", "20.961.472"],
["Οσάκα", "19.059.856"],
["Τσονγκίνγκ", "16.874.740"],
["Καράτσι", "16.839.950"],
["Κωνσταντινούπολη", "15.636.243"],
["Κινσάσα", "15.628.085"],
["Λάγος", "15.387.639"],
["Μπουένος Άιρες", "15.369.919"],
["Καλκούτα", "15.133.888"],
["Μανίλα", "14.406.059"],
["Τιαντζίν", "14.011.828"],
["Κουανγκτσόου", "13.964.637"],
["Ρίο Ντε Τζανέιρο", "13.634.274"],
["Λαχόρη", "13.541.764"],
["Μπανγκαλόρ", "13.193.035"],
["Σεντζέν", "12.831.330"],
["Μόσχα", "12.640.818"],
["Τσενάι", "11.503.293"],
["Μπογκοτά", "11.344.312"],
["Παρίσι", "11.142.303"],
["Τζακάρτα", "11.074.811"],
["Λίμα", "11.044.607"],
["Μπανγκόκ", "10.899.698"],
["Χαϊντεραμπάντ", "10.534.418"],
["Σεούλ", "9.975.709"],
["Ναγκόγια", "9.571.596"],
["Λονδίνο", "9.540.576"],
["Τσενγκτού", "9.478.521"],
["Ναντσίνγκ", "9.429.381"],
["Τεχεράνη", "9.381.546"],
["Χο Τσι Μινχ", "9.077.158"],
["Λουάντα", "8.952.496"],
["Γουχάν", "8.591.611"],
["Σιάν", "8.537.646"],
["Αχμενταμπάντ", "8.450.228"],
["Κουάλα Λουμπούρ", "8.419.566"],
["Νέα Υόρκη", "8.177.025"],
["Χανγκτσόου", "8.044.878"],
["Σουράτ", "7.784.276"],
["Σουτσόου", "7.764.499"],
["Χονγκ Κονγκ", "7.643.256"],
["Ριάντ", "7.538.200"],
["Σενγιάνγκ", "7.527.975"],
["Βαγδάτη", "7.511.920"],
["Ντογκουάν", "7.511.851"],
["Φοσάν", "7.497.263"],
["Νταρ Ες Σαλάμ", "7.404.689"],
["Πούνε", "6.987.077"],
["Σαντιάγο", "6.856.939"],
["Μαδρίτη", "6.713.557"],
["Χαρμπίν", "6.665.951"],
["Τορόντο", "6.312.974"],
["Μπέλο Οριζόντε", "6.194.292"],
["Χαρτούμ", "6.160.327"],
["Γιοχάνεσμπουργκ", "6.065.354"],
["Σιγκαπούρη", "6.039.577"],
["Νταλιάν", "5.930.140"],
["Τσινγκτάο", "5.865.232"],
["Τσεντσόου", "5.690.312"],
["Τζινάν", "5.663.015"],
["Βαρκελώνη", "5.658.472"],
["Αγία Πετρούπολη", "5.535.556"],
["Αμπιτζάν", "5.515.790"],
["Γιανγκόν", "5.514.454"],
["Φουκουόκα", "5.502.591"],
["Αλεξάνδρεια", "5.483.605"],
["Γκουανταλαχάρα", "5.339.583"],
["Άγκυρα", "5.309.690"],
["Τσιτταγκόνγκ", "5.252.842"],
["Αντίς Αμπέμπα", "5.227.794"],
["Μελβούρνη", "5.150.766"],
["Ναϊρόμπι", "5.118.844"],
["Ανόι", "5.067.352"],
["Σίδνεϊ", "5.056.571"],
["Μοντερέι", "5.036.535"],
["Τσανγκσά", "4.809.887"],
["Μπραζίλια", "4.803.877"],
["Κέιπ Τάουν", "4.800.954"],
["Τζίντα", "4.780.740"],
["Ουρούμτσι", "4.710.203"],
["Κουνμίνγκ", "4.657.381"],
["Τσανγκτσούν", "4.616.002"],
["Χεφέι", "4.496.456"],
["Σαντού", "4.490.411"],
["Σινμπέι", "4.470.672"],
["Καμπούλ", "4.457.882"],
["Νινγκμπό", "4.405.292"],
["Τελ Αβίβ", "4.343.584"],
["Γιαουντέ", "4.336.670"],
["Ρώμη", "4.297.877"],
["Σιχιαζουάνγκ", "4.285.135"],
["Μόντρεαλ", "4.276.526"],
["Ρεσίφε", "4.220.458"],
["Κάνο", "4.219.209"],
["Πόρτο Αλέγκρε", "4.185.488"],
["Φορταλέζα", "4.163.953"],
["Τζαϊπούρ", "4.106.756"],
["Νανίνγκ", "4.085.697"],
["Μεντεγίν", "4.067.758"],
["Ταϊγουάν", "4.061.003"],
["Εκουρχουλένι", "4.044.660"],
["Λος Άντζελες", "3.985.516"],
["Ντουάλα", "3.926.645"],
["Κοζικόντε", "3.920.873"],
["Σαλβαδόρ", "3.920.132"],
["Τσανγκζού", "3.869.213"],
["Σιαμέν", "3.862.882"],
["Λάκναου", "3.854.224"],
["Φουζού Φουτζιάν", "3.843.753"],
["Καζαμπλάνκα", "3.840.396"],
["Γουενζού", "3.824.561"],
["Ναντσάνγκ", "3.817.888"],
["Μαλαπουράμ", "3.816.345"],
["Κουριτίμπα", "3.770.919"],
["Ιμπαντάν", "3.756.445"],
["Ανταναναρίβο", "3.699.900"],
["Τανγκσάν", "3.693.292"],
["Αμπούτζα", "3.652.029"],
["Καμπάλα", "3.651.919"],
["Κουμάσι", "3.630.326"],
["Φαϊζαλαμπάντ", "3.624.804"],
["Μπεκάσι", "3.622.203"],
["Βερολίνο", "3.570.750"],
["Γκουϊγιάνγκ", "3.495.855"],
["Μπουσάν", "3.468.139"],
["Σάντο Ντομίνγκο", "3.457.626"],
["Ασουνσιόν", "3.452.315"],
["Καμπίνας", "3.384.564"],
["Βούξι", "3.375.810"],
["Θρισούρ", "3.351.322"],
["Ντακάρ", "3.326.001"],
["Πορτ Χαρκούρτ", "3.324.694"],
["Μασχάντ", "3.317.640"],
["Κότσι", "3.301.294"],
["Πουέμπλα", "3.294.779"],
["Κουβέιτ", "3.238.523"],
["Λανζού", "3.226.493"],
["Ιντόρε", "3.208.722"],
["Ντουρμπάν", "3.199.329"],
["Κανπούρ", "3.189.926"],
["Σανάα", "3.181.655"],
["Αθήνα", "3.153.781"],
["Μιλάνο", "3.149.223"],
["Πιονγκγιάνγκ", "3.132.527"],
["Γκουαγιακίλ", "3.092.355"],
["Σμύρνη", "3.056.149"],
["Ουαγκαντούγκου", "3.055.788"],
["Λουσάκα", "3.041.789"],
["Γουατεμάλα", "3.036.405"],
["Κίεβο", "3.010.209"],
["Σουραμπάγια", "3.005.385"],
["Ναγκπούρ", "2.991.427"],
["Λισαβόνα", "2.986.162"],
["Τζόνγκσαν", "2.973.878"],
["Ντουμπάι", "2.964.382"],
["Καράκας", "2.956.813"],
["Ντεπόκ", "2.942.149"],
["Σιζουόκα", "2.935.436"],
["Κοϊμπατόρε", "2.934.621"],
["Χαντάν", "2.917.786"],
["Πορ ω Πρενς", "2.915.276"],
["Χουαϊάν", "2.879.079"],
["Αλγέρι", "2.853.959"],
["Κάλι", "2.836.747"],
["Γουιφάνγκ", "2.834.645"],
["Ίντσεον", "2.834.132"],
["Μπαμάκο", "2.816.943"],
["Γκοϊάνια", "2.800.919"],
["Θιρουβανανθαπούραμ", "2.793.173"],
["Μάντσεστερ", "2.770.434"],
["Μπούτζι Μάγι", "2.765.002"],
["Ταϊπέι", "2.742.379"],
["Πρετόρια", "2.739.768"],
["Ζίμπο", "2.732.104"],
["Σάο Τσινγκ", "2.722.257"],
["Λουμπούμπασι", "2.695.331"],
["Γιαντάι", "2.689.227"],
["Χουιζού", "2.684.343"],
["Σικάγο", "2.671.635"],
["Σαπόρο", "2.668.982"],
["Μπέρμιγχαμ", "2.645.598"],
["Μπαντούνγκ", "2.638.090"],
["Βανκούβερ", "2.631.690"],
["Άκρα", "2.605.402"],
["Τολούκα", "2.575.626"],
["Τασκένδη", "2.573.758"],
["Μπραζαβίλ", "2.552.813"],
["Λουογιάνγκ", "2.534.195"],
["Πάτνα", "2.529.210"],
["Μποπάλ", "2.505.183"],
["Δαμασκός", "2.502.761"],
["Μογκαντίσου", "2.497.463"],
["Μπρίσμπεϊν", "2.472.222"],
["Τάνγκερανγκ", "2.456.106"],
["Σαν Χουάν", "2.442.512"],
["Τύνιδα", "2.439.404"],
["Βηρυτός", "2.433.155"],
["Ναντόνγκ", "2.423.725"],
["Μεντάν", "2.402.041"],
["Μπακού", "2.401.108"],
["Μπελέμ", "2.385.490"],
["Γκουζρανβάλα", "2.352.547"],
["Πεσαβάρ", "2.342.514"],
["Μανάους", "2.340.784"],
["Σεντάι", "2.339.991"],
["Μαρακαΐμπο", "2.332.718"],
["Ραβαλπίντι", "2.327.455"],
["Χιούστον", "2.325.353"],
["Μπαρρανκίγια", "2.324.690"],
["Άγκρα", "2.313.971"],
["Χοχότ", "2.312.208"],
["Ταογιουάν", "2.296.368"],
["Μπαοτού", "2.287.174"],
["Καννούρ", "2.286.474"],
["Λιουζού", "2.286.224"],
["Βιζαχαπατνάμ", "2.277.870"],
["Βαντοντάρα", "2.277.153"],
["Ξουζού", "2.240.503"],
["Τιχουάνα", "2.221.008"],
["Εσφαχάν", "2.219.343"],
["Πνομ Πεν", "2.211.444"],
["Αμμάν", "2.209.584"],
["Νταεγκού", "2.184.528"],
["Νάπολη", "2.180.348"],
["Νασίκ", "2.180.269"],
["Βιτζαγιαβάντα", "2.167.516"],
["Αβάνα", "2.145.691"],
["Βιτόρια", "2.141.511"],
["Μέκκα", "2.114.675"],
["Βρυξέλλες", "2.109.631"],
["Μουλτάν", "2.105.987"],
["Χαλέπι", "2.098.210"],
["Πουτιάν", "2.093.166"],
["Περθ", "2.092.649"],
["Γιανγκζού", "2.085.864"],
["Χιροσίμα", "2.072.344"],
["Μπαόντινγκ", "2.064.081"],
["Μπούρσα", "2.054.748"],
["Ταϊζού Ζετζιάνγκ", "2.048.701"],
["Μινσκ", "2.048.574"],
["Κονακρί", "2.048.525"],
["Γουχού", "2.046.187"],
["Λινγί", "2.030.847"],
["Κόλαμ", "2.025.984"],
["Ρατζκότ", "1.988.607"],
["Χαϊκού", "1.974.244"],
["Βιέννη", "1.960.023"],
["Βαλένθια", "1.959.318"],
["Αλμάτι", "1.958.135"],
["Ντακίνγκ", "1.954.752"],
["Γιαντσένγκ", "1.951.122"],
["Πόλη του Παναμά", "1.937.963"],
["Σεμαράνγκ", "1.937.887"],
["Λιανιουνγκάνγκ", "1.933.605"],
["Ραμπάτ", "1.931.930"],
["Μπαϊσάντα Σαντίστα", "1.929.846"],
["Κίτο", "1.928.296"],
["Χιντεραμπάντ", "1.925.953"],
["Λομέ", "1.925.517"],
["Λουντιάνα", "1.916.772"],
["Δυτικό Γιορκσάιρ", "1.915.134"],
["Νταβάο", "1.907.721"],
["Λα Παζ", "1.907.686"],
["Λεόν", "1.873.522"],
["Ζουχάι", "1.847.411"],
["Μπενίν Σίτι", "1.841.084"],
["Ντατόνγκ", "1.831.912"],
["Κουανζού", "1.814.734"],
["Άδανα", "1.814.445"],
["Μαντουράι", "1.798.834"],
["Τορίνο", "1.798.471"],
["Μάτολα", "1.796.872"],
["Βαρσοβία", "1.794.532"],
["Αμβούργο", "1.788.170"],
["Καν Θο", "1.786.437"],
["Σάρτζα", "1.785.684"],
["Βουκουρέστι", "1.785.294"],
["Πάλεμπανγκ", "1.785.209"],
["Σάντα Κρουζ", "1.784.372"],
["Βουδαπέστη", "1.775.207"],
["Γκαζιαντέπ", "1.773.495"],
["Μοντεβιδέο", "1.767.243"],
["Μεερούτ", "1.762.162"],
["Ρέιπουρ", "1.760.411"],
["Φοίνιξ", "1.759.943"],
["Λυών", "1.747.575"],
["Τζιανγκμέν", "1.740.196"],
["Μοσούλη", "1.737.101"],
["Τσίσι Σιξί", "1.732.743"],
["Λα Λαγκούνα", "1.729.825"],
["Βαρανάσι", "1.722.259"],
["Ξιανγκγιάνγκ", "1.713.433"],
["Σιράζ", "1.698.584"],
["Γλασκώβη", "1.688.907"],
["Νοβοσιμπίρσκ", "1.686.236"],
["Μπατάμ", "1.684.932"],
["Στοκχόλμη", "1.679.050"],
["Γιντσουάν", "1.672.688"],
["Ανσάν", "1.667.187"],
["Τζαμσεντπούρ", "1.661.439"],
["Γιτσάνγκ", "1.660.148"],
["Σριναγκάρ", "1.659.935"],
["Όκλαντ", "1.652.341"],
["Τζιλίν", "1.645.140"],
["Ουλάν Μπατόρ", "1.644.544"],
["Ταμπρίζ", "1.643.960"],
["Μακάσαρ", "1.642.129"],
["Ορανγκαμπάντ", "1.641.602"],
["Τσινχουανγκντάο", "1.634.829"],
["Σινίνγκ", "1.625.782"],
["Μουσκάτ", "1.622.620"],
["Μονρόβια", "1.622.582"],
["Μασσαλία", "1.620.227"],
["Τιρουπούρ", "1.619.469"],
["Χενγκγιάνγκ", "1.618.900"],
["Κάλγκαρι", "1.611.475"],
["Κιτσιχάερ", "1.609.057"],
["Σαν Αντόνιο", "1.598.964"],
["Κόρδοβα", "1.597.844"],
["Σουκιάν", "1.595.867"],
["Κανάνγκα", "1.592.924"],
["Καράτζ", "1.586.825"],
["Ανγιάνγκ", "1.585.812"],
["Φιλαδέλφεια", "1.585.480"],
["Ροσάριο", "1.574.235"],
["Νταετζόν", "1.573.369"],
["Μόναχο", "1.566.128"],
["Χουάρες", "1.560.821"],
["Χαράρε", "1.557.740"],
["Ονίτσα", "1.552.630"],
["Τζοντπούρ", "1.548.048"],
["Γκαοξιόνγκ", "1.547.094"],
["Μεδίνα", "1.545.420"],
["Ζινίνγκ", "1.543.534"],
["Αμπού Ντάμπι", "1.539.830"],
["Ντζαμένα", "1.532.588"],
["Τεγκουσιγκάλπα", "1.526.660"],
["Γκουάντζου", "1.526.457"],
["Γιεκατερίνμπουργκ", "1.521.136"],
["Κατμαντού", "1.521.057"],
["Έντμοντον", "1.518.921"],
["Νατάλ", "1.511.614"],
["Σαο Λούις", "1.511.102"],
["Ράντσι", "1.510.765"],
["Ζανγκτζιάκου", "1.502.958"],
["Μανταλέι", "1.500.625"],
["Τζαλαπούρ", "1.495.679"],
["Χουαϊνάν", "1.486.964"],
["Ασανσόλ", "1.478.266"],
["Κότα", "1.474.243"],
["Τσαοζού", "1.472.558"],
["Γκουαλιόρ", "1.442.015"],
["Σαν Χοσέ", "1.441.324"],
["Αλλαχαμπάντ", "1.439.202"],
["Γιγού", "1.436.780"],
["Τσον Μπουρί", "1.435.745"],
["Νουακσότ", "1.431.539"],
["Σαν Ντιέγκο", "1.429.653"],
["Αμριτσάρ", "1.425.040"],
["Χάρκοβο", "1.423.343"],
["Οτάβα", "1.422.635"],
["Ζυρίχη", "1.419.621"],
["Ταϊζού", "1.414.649"],
["Βασόρα", "1.413.646"],
["Ζοάο Πεσόα", "1.407.889"],
["Γκανζού", "1.405.736"],
["Βελιγράδι", "1.405.192"],
["Χομς", "1.397.632"],
["Ταϊάν Σαντόνγκ", "1.390.010"],
["Γουεϊχάι", "1.389.782"],
["Κερέταρο", "1.389.302"],
["Μομπάσα", "1.388.979"],
["Νιαμέι", "1.383.909"],
["Ικόνιο", "1.383.000"],
["Χάι Φονγκ", "1.382.031"],
["Τζιαξίνγκ", "1.373.885"],
["Κοπεγχάγη", "1.370.131"],
["Κοτσαμπάμπα", "1.368.920"],
["Ντάνμπαντ", "1.367.686"],
["Κισανγκάνι", "1.366.342"],
["Μπουκαραμάνγκα", "1.365.580"],
["Καϊφένγκ", "1.359.105"],
["Αδελαΐδα", "1.355.522"],
["Ταϊζόνγκ", "1.354.431"],
["Ριζάο", "1.353.165"],
["Μασεϊό", "1.350.505"],
["Σουγόν", "1.349.905"],
["Ντάλας", "1.348.886"],
["Ντονγίνγκ", "1.346.126"],
["Ζουνγί", "1.345.424"],
["Ζαντζιάνγκ", "1.343.882"],
["Σαμούτ Πρακάν", "1.341.605"],
["Ναντσόνγκ", "1.339.649"],
["Τζόινσβιλ", "1.334.194"],
["Κομ", "1.333.404"],
["Ελσίνκι", "1.327.762"],
["Μιανγιάνγκ", "1.326.012"],
["Λιουάν", "1.322.063"],
["Πόρτο", "1.320.347"],
["Αττάλεια", "1.318.826"],
["Σιγιάν", "1.318.236"],
["Πράγα", "1.318.085"],
["Μπαρέλι", "1.317.085"],
["Λιούγιανγκ", "1.310.870"],
["Νταμάμ", "1.304.688"],
["Φουσούν", "1.294.781"],
["Πουάντ Νουάρ", "1.294.612"],
["Γινγκού", "1.288.451"],
["Σόφια", "1.286.789"],
["Καζάν", "1.286.418"],
["Τενγκζού", "1.281.380"],
["Πορτ Ελίζαμπεθ", "1.280.550"],
["Αλιγκάρ", "1.278.555"],
["Αβάζ", "1.277.613"],
["Φλοριανόπολις", "1.277.547"],
["Τάνγκερ", "1.277.242"],
["Φριτάουν", "1.272.145"],
["Μαομίνγκ", "1.272.048"],
["Πεκανμπάρου", "1.271.197"],
["Φες", "1.267.317"],
["Μορανταμπάντ", "1.267.139"],
["Σουτσόου", "1.266.746"],
["Ούγιο", "1.264.636"],
["Μαϊσόρ", "1.261.097"],
["Δουβλίνο", "1.255.963"],
["Σαν Λουίς Ποτοσί", "1.254.382"],
["Αστάνα", "1.253.779"],
["Νίζνι Νόβγκοροντ", "1.252.917"],
["Ρουιάν", "1.246.135"],
["Μουάνζα", "1.245.444"],
["Ντάργκ", "1.244.528"],
["Μπαρκισιμέτο", "1.240.714"],
["Τζιεγιάνγκ", "1.240.240"],
["Τσελιαμπίνσκ", "1.237.272"],
["Ζούζχου", "1.231.664"],
["Μπάοζι", "1.230.134"],
["Μαρακάι", "1.229.520"],
["Μπουμπανεσβάρ", "1.226.033"],
["Πινγκντινγκσάν Χενάν", "1.225.598"],
["Τσεντσιάνγκ Τζιανγκσού", "1.225.251"],
["Τσιφένγκ", "1.223.975"],
["Πούνινγκ", "1.223.886"],
["Λιλόνγκβε", "1.222.325"],
["Τζίνχουα", "1.215.822"],
["Μεντόσα", "1.209.458"],
["Κιγκάλι", "1.208.296"],
["Μπογκόρ", "1.207.036"],
["Χουάιμπεϊ", "1.205.931"],
["Μέριδα", "1.201.142"],
["Τιρουτσιραπάλι", "1.200.947"],
["Ισλαμαμπάντ", "1.198.035"],
["Τσιάνγκ Μάι", "1.197.931"],
["Νανιάνγκ Χενάν", "1.197.901"],
["Σιάνγκταν Χουνάν", "1.197.437"],
["Μπενξί", "1.196.384"],
["Τζινζού", "1.191.977"],
["Τσαντιγκάρ", "1.191.299"],
["Μπουκαβού", "1.190.367"],
["Αμπόμι Καλαβί", "1.188.736"],
["Ντά Νανγκ", "1.188.374"],
["Λιουπάνσουι", "1.183.380"],
["Ομσκ", "1.181.049"],
["Ννιούι", "1.176.550"],
["Τρίπολη", "1.175.830"],
["Γκουιλίν", "1.175.605"],
["Άμστερνταμ", "1.165.898"],
["Τασικμαλάγια", "1.164.908"],
["Χάιφα", "1.163.950"],
["Μπινζού", "1.163.766"],
["Πιζού", "1.162.776"],
["Kέτα", "1.159.635"],
["Μεξικάλι", "1.159.544"],
["Κρασνογιάρσκ", "1.158.761"],
["Χούμπλι Νταργουάντ", "1.158.368"],
["Καντούνα", "1.158.048"],
["Σαμάρα", "1.157.631"],
["Γκαουχάτι", "1.154.876"],
["Άμπα", "1.150.116"],
["Λουοχέ", "1.149.350"],
["Σάλεμ", "1.146.334"],
["Αγουασκαλιέντες", "1.143.281"],
["Ούφα", "1.142.399"],
["Μπουτζουμπούρα", "1.139.265"],
["Μαπούτο", "1.138.960"],
["Μπαντάρ Λαμπούνγκ", "1.138.359"],
["Ροστόφ του Ντον", "1.138.025"],
["Κολωνία", "1.136.992"],
["Γιούεκινγκ", "1.135.548"],
["Σαχαρανπούρ", "1.133.891"],
["Σιμκέντ", "1.125.804"],
["Γιονγκίν", "1.120.784"],
["Σινσιάνγκ", "1.120.346"],
["Μπαζόνγκ", "1.119.608"],
["Ξιονγκάν", "1.117.707"],
["Ζαοζουάνγκ", "1.117.176"],
["Σαν Σαλβαδόρ", "1.110.681"],
["Κουερναβάκα", "1.107.476"],
["Γουένλινγκ", "1.101.419"],
["Παντζίν", "1.098.267"],
["Τσιουάουα", "1.096.429"],
["Τζαλαντάρ", "1.096.068"],
["Γκογιάνγκ", "1.094.880"],
["Φουγιάνγκ", "1.093.520"],
["Ερεβάν", "1.092.028"],
["Σιλιγκούρι", "1.091.949"],
["Μανάγκουα", "1.083.094"],
["Μαανσάν", "1.083.048"],
["Μπίσκεκ", "1.082.214"],
["Σανγκράο", "1.081.383"],
["Τιφλίδα", "1.080.349"],
["Χαργκέισα", "1.079.377"],
["Καρθαγένη", "1.079.004"],
["Ντιγιάρμπακιρ", "1.078.994"],
["Περμ", "1.078.878"],
["Μπιεν Χόα", "1.078.342"],
["Τζάοτσινγκ", "1.077.519"],
["Βορονέζ", "1.077.179"],
["Μπομπό Ντιούλασο", "1.074.309"],
["Λιλ", "1.073.395"],
["Τζινγκτσόου", "1.072.008"],
["Σαμαρίντα", "1.071.258"],
["Όσλο", "1.071.062"],
["Κερμανσάχ", "1.066.369"],
["Φουτζόου", "1.065.779"],
["Τζόχορ Μπαρού", "1.065.341"],
["Λεσάν", "1.055.794"],
["Σολαπούρ", "1.054.911"],
["Τσανγκγουόν", "1.054.243"],
["Μερσίνη", "1.052.637"],
["Αμβέρσα", "1.052.622"],
["Κιρκούκ", "1.051.780"],
["Ντετζόου", "1.050.796"],
["Τουλούζη", "1.049.246"],
["Τσεντσόου", "1.046.252"],
["Άντεν", "1.044.911"],
["Αρακάου", "1.042.445"],
[" Χουτσόου", "1.042.111"],
["Ικορόντου", "1.041.166"],
["Τερεσίνα", "1.040.971"],
["Σεκόντι Τακοράντ", "1.034.917"],
["Ασμάρα", "1.034.872"],
["Γιουεγιάνγκ", "1.034.517"],
["Συτσάνγκ", "1.033.680"],
["Μαρακές", "1.033.050"],
["Ταμπίκο", "1.031.867"],
["Ντενπασάρ", "1.030.815"],
["Γιτσούν", "1.029.428"],
["Όστιν", "1.028.225"],
["Τσικάπα", "1.023.575"],
["Τσανγκσού", "1.022.366"],
["Σαλτίγιο", "1.017.570"],
["Παντάνγκ", "1.015.105"],
["Ρότερνταμ", "1.014.675"],
["Σαν Μιγκέλ ντε Τουκουμάν", "1.013.645"],
["Νιάλα", "1.012.312"],
["Σεμπού", "1.008.662"],
["Τσουτσίνγκ", "1.008.582"],
["Οδησσός", "1.007.989"],
["Βαράγκαλ", "1.006.935"],
["Ακαπούλκο", "1.005.421"],
["Σαν Χοσέ", "1.003.120"],
["Ιλορίν", "1.000.477"],
["Βαλπαραΐσο", "1.000.467"],
["Καισάρεια", "1.000.348"],
["Κανκούν", "998.146"],
["Βόλγκογκραντ", "997.537"],
["Ξιντάι", "996.054"],
["Λίμπε", "994.911"],
["Σονγκχλά", "992.237"],
["Μπορντό", "990.650"],
["Κρασνοντάρ", "989.104"],
["Νοντάμπουρι", "988.230"],
["Γκουιπίνγκ", "980.589"],
[" Τζιξί", "977.845"],
["Πινγκσιάνγκ", "976.771"],
["Μορέλια", "975.171"],
["Ντεχράντουν", "967.454"],
["Χάμα", "964.154"],
["Ντουσάνμπε", "962.139"],
["Λαιγού", "961.197"],
["Αγκαντίρ", "961.197"],
["Τζιοουτζιάνγκ", "960.233"],
["Ζουτσιένγκ", "960.233"],
["Φορτ Γουόρθ", "958.692"],
["Μουνταντζιάνγκ", "958.338"],
["Τσενγκντέ", "958.210"],
["Ιερουσαλήμ", "956.849"],
["Σαν Πέδρο Σούλα", "955.649"],
["Μισράτα", "953.472"],
["Κούκουτα", "953.378"],
["Χούλνα", "949.659"],
["Γκουαγιάνα Σίτι", "949.518"],
["Αρεκίπα", "946.844"],
["Ντνίπρο", "946.574"],
["Νίκαια", "945.312"],
["Ογουέρι", "945.046"],
["Ζαμποάνγκα", "944.864"],
["Σαουθάμπτον", "943.745"],
["Γκουιγκάνγκ", "943.042"],
["Γάρι", "942.683"],
["Βερακρούζ", "942.635"],
["Τζος", "942.167"],
["Ραχσάχι", "942.126"],
["Σιονγκνάμ", "941.569"],
["Λεϊγιάνγκ", "939.173"],
["Τζάκσονβιλ", "938.717"],
["Πάθουμ Θάνι", "937.977"],
["Γιανγκτζιάνγκ", "934.600"],
["Ρεϊνόσα", "934.515"],
["Μπανγκούι", "933.176"],
["Νατζάφ", "929.669"],
["Μπενγκμπού", "929.529"],
["Τζανγκτζόου", "929.015"],
["Βιλερμόσα", "928.663"],
["Σιλέτ", "927.856"],
["Ναμπούλα", "927.472"],
["Τιανμέν", "927.240"],
["Σάρλοτ", "925.290"],
["Αντιπόλο", "924.888"],
["Χενγκσουέι", "924.817"],
["Σινγιού", "922.665"],
["Λινφέν", "922.495"],
["Οράν", "922.302"],
["Κολόμπους", "921.605"],
["Γουεστ Ραντ", "921.524"],
["Κάμπο Γκράντε", "916.786"],
["Λουμπάνγκο", "914.456"],
["Ντεγιάνγκ", "913.268"],
["Ουλσάν", "911.564"],
["Λίβερπουλ", "911.546"],
["Λοντρίνα", "911.014"],
["Ταΐζ", "907.739"],
["Μπέργκαμο", "907.202"],
["Μαλάνγκ", "906.940"],
["Τζιανγκιν", "905.154"],
["Λα Πλάτα", "904.170"],
["Νταντόνγκ", "903.644"],
["Κονσεπσιόν", "902.142"],
["Χερμοσίγιο", "899.681"],
["Λίλινγκ", "898.864"],
["Γκουντούρ", "896.750"],
["Μπαϊσάν", "894.834"],
["Μπαχαγουαλπούρ", "894.561"],
["Ντόνετσκ", "893.392"],
["Ινδιανάπολη", "892.656"],
["Τρουχίγιο", "890.973"],
["Τσανγκζί", "889.876"],
["Μπιγουάντι", "889.708"],
["Τουμέν", "887.092"],
["Λιαογιάνγκ", "885.256"],
["Σαν Φρανσίσκο", "884.108"],
["Ασγκαμπάτ", "883.389"],
["Τούξτλα Γκουτιέρρες", "881.638"],
["Σοσανγκούβε", "878.960"],
["Αρμπίλ", "877.888"],
["Ποντιτσέρυ", "877.010"],
["Τσανγκντέ", "876.395"],
["Σανγκιού", "873.125"],
["Κουλιακάν", "872.643"],
["Φιροζαμπάντ", "870.224"],
["Σινγκτάι", "868.161"],
["Μπόγκρα", "864.183"],
["Ταϊνάν", "863.377"],
["Φουσίν", "863.008"],
["Καμπίντα", "861.878"],
["Χουανσί", "860.580"],
["Ουμουαχία", "860.555"],
["Χουφούφ Μουμπαράζ", "860.353"],
["Λιμπρεβίλ", "856.854"],
["Παλέρμο", "849.675"],
["Γιμπίν", "848.003"],
["Βεγγάζη", "847.790"],
["Λουτζού", "845.243"],
["Ίπο", "842.281"],
["Κόρλα", "840.372"],
["Σινγκούα", "839.474"],
["Σάρατοφ", "839.439"],
["Κεμπέκ", "837.814"],
["Κεράλα", "836.876"],
["Βαλένθια", "836.857"],
["Κουτσόου", "836.448"],
["Ξινγιάνγκ", "836.336"],
["Γιονγκτσού", "835.771"],
["Γουίνιπεγκ", "832.944"],
["Γιανγκουάν", "832.913"],
["Σιαογκάν", "828.411"],
["Μπουτσεόν", "827.868"],
["Ούρμια", "822.533"],
["Μαϊντουγκούρι", "822.337"],
["Ενούγκου", "819.791"],
["Εσκισεχίρ", "818.551"],
["Νιούκαστλ", "818.452"],
["Τζούζι", "816.151"],
["Χεζέ", "815.308"],
["Χουάϊχουα", "815.194"],
["Βαρκελώνη Πουέρτο Λα Κρουζ", "815.141"],
["Τιανσούι", "814.639"],
["Θεσσαλονίκη", "813.793"],
["Μπολόνια", "811.707"],
["Χαϊτσένγκ", "808.044"],
["Χουλουντάο", "805.739"],
["Σοροκάμπα", "804.692"],
["Μποτζόου", "802.749"],
["Μπικάνερ", "802.188"],
["Νότιγχαμ", "800.394"],
["Νιιγκάτα", "799.832"],
["Τζαλάπα", "799.178"],
["Κουνσάν", "798.818"],
["Λιαοτσένγκ", "796.139"],
["Νελόρ", "794.715"],
["Γκέμπτζε", "792.744"],
["Νακόν Ρατσασίμα", "792.437"],
["Τζιντσένγκ", "791.806"],
["Φρανκφούρτη", "791.232"],
["Ταϊξίνγκ", "791.025"],
["Λοκότζα", "790.742"],
["Σιάτλ", "787.995"],
["Καγκαγιάν Ντε Όρο", "786.304"],
["Λανγκφάνγκ", "786.186"],
["Βερέενιγκινγκ", "786.127"],
["Τσιαοτζουό", "785.635"],
["Ντασμαρίνας Σίτι", "784.218"],
["Κοταγιάμ", "780.349"],
["Αρ Ραϊάν", "779.386"],
["Σουλεϊμανίγια", "779.320"],
["Αμράβατι", "778.087"],
["Ζουμάντιαν", "777.056"],
["Μπενγκουέλα", "776.832"],
["Γκορακπούρ", "776.617"],
["Χάμιλτον", "775.751"],
["Σαογκουάν", "775.245"],
["Μέισχαν", "773.630"],
["Γκαόμι", "772.476"],
["Χαντσουάν", "770.665"],
["Κρακοβία", "769.595"],
["Μπούνια", "767.645"],
["Ντανγιάνγκ", "767.329"],
["Μουτζαφαρναγκάρ", "767.107"],
["Ζανζιβάρη", "766.392"],
["Ανσάν", "764.669"],
["Πορτ Σαΐντ", "764.116"],
["Κουτάκ", "762.998"],
["Αντσίνγκ", "762.382"],
["Ντένβερ", "760.049"],
["Ανκιού", "758.275"],
["Μπαντζρμάσιν", "757.329"],
["Καγιαμκουλάμ", "757.238"],
["Ζιγκόνγκ", "757.011"],
["Γάζα", "756.083"],
["Τσινγκγιουέν", "755.409"],
["Λινχάι", "754.831"],
["Ορντος", "752.919"],
["Μπελγκαούμ", "752.185"],
["Οσόγκμπο", "749.750"],
["Ζάρια", "749.297"],
["Μαλεγκάον", "747.821"],
["Σαογιάνγκ", "745.467"],
["Μαλάνζε", "743.760"],
["Ζάρκα", "743.280"],
["Σαν Χοσέ Ντος Κάμπος", "740.631"],
["Σέφιλντ", "740.532"],
["Κουμαμότο", "740.067"],
["Γιάναν", "739.777"],
["Ματούριν", "739.052"],
["Τονγκλιάο", "738.713"],
["Τζιαμούσι", "737.932"],
["Γιάντζι", "737.464"],
["Σιαλκότ", "736.488"],
["Σαραγόσα", "736.488"],
["Μπανγκαλόρ", "736.027"],
["Κίτουε", "735.499"],
["Τονγκλίνγκ", "734.805"],
["Γουτσόου", "733.917"],
["Σουίνινγκ Σιτσουάν", "733.643"],
["Ριμπεράου Πρέτο", "733.400"],
["Ζιαν Γιανγκ", "733.142"],
["Ντενγκτσόου", "732.643"],
["Ήμπ", "731.511"],
["Ραστ", "731.253"],
["Γιουντσένγκ", "729.924"],
["Τιρουπάτι", "729.109"],
["Ζαπορίζια", "728.012"],
["Μάρκα", "727.772"],
["Νταζόου", "727.425"],
["Παντζιχούα", "727.372"],
["Σαργκόντα", "726.839"],
["Μπάφαλο", "726.091"],
["Οαχάκα", "725.528"],
["Τσεονγκού", "723.912"],
["Μπχάβναγκαρ", "723.845"],
["Οκαγιάμα", "723.296"],
["Γιουξί", "723.114"],
["Μπακούρ", "722.114"],
["Ναντέντ", "721.918"],
["Χρυσή Ακτή", "721.687"],
["Λβιβ", "721.383"],
["Ντονγκτάι", "718.737"],
["Ουάσινγκτον", "718.355"],
["Γιουλίν", "718.085"],
["Ακούρ", "716.815"],
["Τζαμού", "716.740"],
["Λονγκγιάν", "715.532"],
["Γιουγιάο", "712.351"],
["Αλ Χουνταϊντά", "711.534"],
["Μπαλί", "710.136"],
["Φλωρεντία", "709.915"],
["Τσανγκτζιαγκάνγκ", "709.608"],
["Χάγη", "709.388"],
["Κοτονού", "708.999"],
["Σάλτα", "708.049"],
["Γκόμα", "706.978"],
["Χουάμπο", "706.476"],
["Βιεντιάν", "706.455"],
["Κουρνουάλ", "706.202"],
["Αμάρα", "704.736"],
["Ταϊτσάνγκ", "703.656"],
["Ουμπερλάντια", "703.607"],
["Γκουλμπάργκα", "703.161"],
["Ταΐφ", "701.675"],
["Σεβίλλη", "701.339"],
["Ταμάλ", "701.171"],
["Μπρίστολ", "700.630"],
["Μπουράιντα", "699.756"],
["Σελάγια", "698.793"],
["Ντούργκαπουρ", "698.637"],
["Ζουντιάι", "697.282"],
["Βοστώνη", "696.959"],
["Τσεονάν", "696.284"],
["Άνκανγκ", "695.386"],
["Τολιάτι", "694.127"],
["Ποντιάνακ", "693.820"],
["Ναντ", "692.582"],
["Ζουκού", "692.000"],
["Πάντοβα", "691.407"],
["Μανάμα", "688.558"],
["Ελ Πάσο", "687.287"],
["Λουντί", "687.241"],
["Ρενκιού", "687.190"],
["Μπιτζιέ", "686.446"],
["Λαττάκεια", "686.064"],
["Ετζόου", "685.640"],
["Σοκότο", "684.621"],
["Ζάγκρεμπ", "684.254"],
["Νάι Πι Τάου", "683.265"],
["Λιέγη", "682.272"],
["Νάσβιλ", "682.262"],
["Χετσόου", "681.538"],
["Τονγκσιάνγκ", "681.420"],
["Σαντιάγο", "680.377"],
["Σιντσόου", "679.161"],
["Μαρ ντελ Πλάτα", "678.623"],
["Στρατηγός Σάντος", "678.482"],
["Σαμψούντα", "677.895"],
["Λονγκχάι", "677.890"],
["Ταμπούκ", "677.042"],
["Οκλαχόμα Σίτι", "676.492"],
["Λας Βέγκας", "675.592"],
["Ντενιζλί", "675.546"],
["Γένοβα", "675.464"],
["Πουγιάνγκ", "675.300"],
["Τσοουσάν", "672.378"],
["Μιλούο", "671.881"],
["Μακάο", "671.858"],
["Πόρτλαντ", "666.453"],
["Λοτζ", "666.032"],
["Τζάνσι", "665.825"],
["Χεράτ", "665.477"],
["Χαϊμέν", "664.488"],
["Γεονγού", "664.293"],
["Σανυά", "663.532"],
["Νεϊτζιάνγκ", "662.665"],
["Ερόντ", "661.521"],
["Ντιτρόιτ", "661.193"],
["Σουέζ", "660.883"],
["Μπούστο Αρζίτσιο", "660.841"],
["Γουχάι", "659.418"],
["Τζαμναγκάρ", "658.652"],
["Πατσούκα", "658.437"],
["Ούβιρα", "656.701"],
["Τζουμπάίλ", "654.568"],
["Ντουράνγκο", "654.310"],
["Τσικλάγιο", "653.592"],
["Νασιρίγια", "652.629"],
["Χεγκάνγκ", "651.987"],
["Ιζέβσκ", "651.870"],
["Μποκάρο", "651.817"],
["Ντόχα", "651.799"],
["Μπερ Σεβά", "651.416"],
["Μέμφις", "650.980"],
["Ένσι", "649.846"],
["Τσονγκτζίν", "648.931"],
["Τζαμπί", "648.413"],
["Μπαντάρ Αμπάς", "646.124"],
["Σιχούι", "645.156"],
["Μπαουτσί", "645.005"],
["Ιρκούτσκ", "643.796"],
["Μπουλαβάγιο", "643.427"],
["Σαφάκις", "643.334"],
["Μπισάου", "642.564"],
["Βρότσλαβ", "642.497"],
["Ρουρκέλα", "641.013"],
["Μπαρνάουλ", "640.958"],
["Βενετία", "639.352"],
["Χαμπάροφσκ", "638.918"],
["Μπέλφαστ", "638.717"],
["Ντίσελντορφ", "637.658"],
["Άνσουν", "637.467"],
["Μπακολόντ", "636.549"],
["Βερόνα", "636.288"],
["Κολχάπουρ", "635.405"],
["Στουτγάρδη", "634.740"],
["Τζιντσόνγκ", "634.364"],
["Αλ-Άυν", "634.112"],
["Πατιάλα", "633.896"],
["Μπιλασπούρ", "632.971"],
["Αμπακαλίκι", "631.844"],
["Σάνχε", "631.313"],
["Γιούλιν", "631.214"],
["Κούτσινγκ", "631.102"],
["Χάνζονγκ", "630.966"],
["Καλαμπάρ", "630.628"],
["Ατζμέρ", "630.495"],
["Κομίλα", "629.972"],
["Ουτζαίν", "629.276"],
["Σερέγκνο", "629.025"],
["Χίλα", "627.517"],
["Γενεύη", "626.618"],
["Κολόμπο", "625.637"],
["Σίνμι", "624.970"],
["Ρίγα", "624.925"],
["Γκέτεμποργκ", "624.780"],
["Σαν Χοσέ Ντελ Μόντε", "624.757"],
["Ουλιανόβσκ", "623.483"],
["Ζαεντάν", "623.260"],
["Μπάρι", "622.994"],
["Μπέγια", "620.340"],
["Τζινγκτζιάνγκ", "619.964"],
["Mατούρα", "618.409"],
["Τσενσί", "618.141"],
["Μπράιτον", "617.353"],
["Φεϊρά ντε Σαντάνα", "617.341"],
["Τλαξκάλα", "616.737"],
["Σίπινγκ", "615.328"],
["Λούισβιλ", "615.067"],
["Αγκαρτάλα", "614.898"],
["Γιάροσλαβλ", "612.662"],
["Σίσι", "611.746"],
["Ιμπχάλ", "611.205"],
["Φουκίνγκ", "610.752"],
["Βλαδιβοστόκ", "609.574"],
["Κρύβιι Ρι", "608.884"],
["Νταγιέ", "607.359"],
["Σκόπια", "605.996"],
["Λίκασι", "605.313"],
["Τομσκ", "604.200"],
["Σουοζού", "604.181"],
["Κουίτο", "603.814"],
["Σαμαρκάνδη", "603.131"],
["Σανλιούρφα", "603.105"],
["Ογκμπομόσο", "602.329"],
["Μπέιρα", "602.060"],
["Σανγκλί", "601.522"],
["Μαχατσκάλα", "601.215"],
["Σιαντάο", "600.733"],
["Λειψία", "600.609"],
["Ντενφένγκ", "599.655"],
["Καμπίμας", "598.037"],
["Τσιτάιχε", "597.882"],
["Σανμενσιά", "596.561"],
["Τόνγκουα", "595.627"],
["Ιβαγιέ", "595.312"],
["Τουτουκούντι", "594.792"],
["Κουιαμπά", "594.751"],
["Σινιγι", "594.719"],
["Μαζάρι Σαρίφ", "594.551"],
["Κίνγκστον", "594.531"],
["Σάμουτ Σάκον", "593.612"],
["Ζάοντονγκ", "593.421"],
["Γιγιάνγκ", "592.894"],
["Μάλαγα", "592.091"],
["Γιτσούν", "591.834"],
["Ουνταϊπούρ", "591.710"],
["Χαμαντάν", "591.511"],
["Τζιμπουτί", "591.469"],
["Ντονγκγιάνγκ", "591.371"],
["Μπουακέ", "591.199"],
["Ντόρτμουντ", "589.865"],
["Ζαογιάνγκ", "589.591"],
["Βελόρε", "589.549"],
["Τζαλγκαόν", "588.888"],
["Αρνταμπίλ", "588.081"],
["Μπλουμφοντέιν", "588.013"],
["Χέμπι", "587.125"],
["Γκάγια", "586.662"],
["Μιλγουόκι", "586.503"],
["Κατάνια", "586.406"],
["Χουίζ ντε Φόρα", "586.167"],
["Καγκοσίμα", "585.913"],
["Δρέσδη", "585.446"],
["Γιαζντ", "584.392"],
["Τζιαοζού", "584.363"],
["Γκαοζού", "583.833"],
["Τουλόν", "583.719"],
["Ουντόν Θάνι", "583.316"],
["Τρουνέλβελι", "583.149"],
["Ουίγκε", "582.775"],
["Ούτζα", "582.096"],
["Περέιρα", "581.534"],
["Έσσεν", "581.112"],
["Ματαμόρος", "578.890"],
["Κίτσενερ", "578.536"],
["Ίμους", "578.106"],
["Τσανγκτσόου", "577.252"],
["Πόζα Ρίκα Ντε Χιντάλγκο", "576.991"],
["Σάντα Φε", "576.917"],
["Καρμπάλα", "576.542"],
["Γουινάν", "576.220"],
["Κότα Κιναμπαλού", "575.880"],
["Ελ Μανσούρα", "574.775"],
["Γκουανγκιουάν", "574.437"],
["Μπαμέντα", "573.285"],
["Πάνιπατ", "572.020"],
["Καχραμανμάρας", "571.714"],
["Ντόλα", "570.567"],
["Φέιτσενγκ", "570.537"],
["Τεπίκ", "569.745"],
["Όρενμπουργκ", "569.254"],
["Μεκνές", "568.438"],
["Κεμέροβο", "568.150"],
["Αράκ", "567.380"],
["Βρέμη", "567.146"],
["Γκόμελ", "566.678"],
["Βαλτιμόρη", "566.631"],
["Τονγκτσουάν", "566.600"],
["Σακάρια", "566.544"],
["Βασιλεία", "566.503"],
["Αλ Μουκάλα", "565.894"],
["Μεκέλε", "564.756"],
["Τσιάνγκ Ράι", "564.553"],
["Λαρκάνα", "563.752"],
["Χαμίς Μουσχάιτ", "563.511"],
["Μπασιλάν", "563.479"],
["Αλμπουκέρκη", "563.165"],
["Οσούρ", "562.351"],
["Ανγιάνγκ", "562.213"],
["Βιλιαβισένσιο", "562.190"],
["Ρουπγκάντζ", "561.639"],
["Λέστερ", "561.635"],
["Σουγκουάνγκ", "561.455"],
["Ιρμπίντ", "561.123"],
["Βαγιεντουπάρ", "560.903"],
["Ραχανμουντρί", "560.756"],
["Γιονγκκάνγκ", "559.477"],
["Ουτρέχτη", "558.802"],
["Τουσόν", "557.718"],
["Σουκούρ", "556.856"],
["Χάινινγκ", "556.754"],
["Αμπεκούτα", "556.554"],
["Γιάνσι", "555.395"],
["Τσαογιάνγκ", "555.106"],
["Ράστενμπεργκ", "554.517"],
["Ταϊσάν", "554.052"],
["Καλάμπα", "553.519"],
["Αμπόν", "552.982"],
["Ντιβανίγια", "552.582"],
["Ράγιονγκ", "552.425"],
["Τσουτζόου", "551.067"],
["Γκόμπε", "550.824"],
["Τσινγκζού", "550.740"],
["Τσανγκνίνγκ", "550.228"],
["Λονγκού", "550.034"],
["Τζέλφα", "549.565"],
["Άντζελες", "549.389"],
["Λουμ", "549.317"],
["Νοβοκουζνέτσκ", "548.390"],
["Μέσα", "548.213"],
["Εδιμβούργο", "548.206"],
["Πινγκντού", "547.622"],
["Νταλί", "547.496"],
["Κεμάν", "546.834"],
["Κικγουίτ", "546.313"],
["Μπελάρι", "546.285"],
["Σαν Χουάν", "546.001"],
["Μπουντά", "545.812"],
["Αλ Ράκα", "545.676"],
["Μπερμπέρα", "545.378"],
["Γκαογιού", "545.339"],
["Πορτ Οφ Σπέιν", "544.579"],
["Σεϊκουπούρα", "544.534"],
["Ναμανγκάν", "543.956"],
["Χάμχουνγκ", "543.954"],
["Γκονγκί", "543.773"],
["Πουέρτο Βαγιάρτα", "543.530"],
["Μπαλασίκα", "543.345"],
["Ζάιντερ", "543.171"],
["Βαν", "542.795"],
["Χεγιουέν", "541.758"],
["Βίλνιους", "540.775"],
["Λαΐσι", "540.351"],
["Ραζάν", "540.110"],
["Σάντα Μάρτα", "540.028"],
["Φρέσνο", "539.862"],
["Σιζουισάν", "539.502"],
["Πητερμάριτζμπουργκ", "539.069"],
["Τσουξιόνγκ", "538.803"],
["Τσανγκέ", "538.711"],
["Σινγκίνγ", "537.850"],
["Ανόβερο", "537.783"],
["Σανγκιού", "537.616"],
["Σουρακάρτα", "537.566"],
["Καμπίντα", "536.653"],
["Ναμπερέζνι Τσέλνι", "535.498"],
["Αστραχάν", "534.646"],
["Κουαούτλα", "534.186"],
["Γκρενόμπλ", "533.773"],
["Ατλάντα", "532.695"],
["Νακόν Πατόμ", "532.517"],
["Κακινάδα", "531.807"],
["Καλάσιν", "531.365"],
["Σακραμέντο", "531.285"],
["Πόρτο Βέλιο", "531.220"],
["Αλ Μαχαλά Αλ Κούμπρα", "530.913"],
["Νταβάνγκερε", "530.472"],
["Τσιαντζιάνγκ", "529.771"],
["Βάλε Ντο Άκο", "529.577"],
["Μουζαφαρπούρ", "528.834"],
["Ζιγιάνγκ", "527.785"],
["Ματαράμ", "527.656"],
["Αρ Ρουσάιφα", "527.512"],
["Κανταχάρ", "526.775"],
["Τσανγκί", "526.774"],
["Σονγκιουάν", "526.745"],
["Πόζναν", "525.919"],
["Κουαντάν", "525.872"],
["Εσλαμσάχρ", "523.318"],
["Ντούισμπουργκ", "522.418"],
["Γκουανγκ Αν", "521.871"],
["Πένζα", "521.504"],
["Τζιντζιάνγκ", "521.427"],
["Ουτσουνομίγια", "521.011"],
["Μπεκουσαράι", "520.301"],
["Αρούσα", "518.898"],
["Κίροφ", "516.717"],
["Μπάρισαλ", "516.299"],
["Άντο Εκίτι", "516.227"],
["Κόν Καέν", "515.924"],
["Πούρνια", "515.479"],
["Τάντα", "515.179"],
["Λονδίνο Καναδά", "514.785"],
["Τζιανιάνγκ", "514.370"],
["Μπόρνμουθ", "514.313"],
["Κισμάγιο", "512.590"],
["Σουανγκγιασάν", "512.261"],
["Νυρεμβέργη", "511.839"],
["Μαλάτεια", "511.763"],
["Τσεμποξάρι", "511.753"],
["Τίρανα", "511.559"],
["Κολγουέζι", "510.648"],
["Νανπίνγκ", "510.451"],
["Ελ Ομπέιντ", "510.061"],
["Τσινγκμέν", "509.926"],
["Σουράτ Τανί", "509.124"],
["Μούρθια", "508.575"],
["Ουμπόν Ρατσατάνι", "508.169"],
["Ματσουγιάμα", "506.632"],
["Γιονγκτσένγκ", "506.310"],
["Καραγάντα", "506.193"],
["Ζονγκσιάνγκ", "505.774"],
["Κάνσας Σίτι", "505.272"],
["Κατσίνα", "504.873"],
["Λίπεκ", "504.673"],
["Πορτ Σουδάν", "504.533"],
["Μακαπά", "504.509"],
["Τσαοχού", "504.099"],
["Λα Σερένα", "503.013"],
["Ζουάνγκε", "502.143"],
["Λατούρ", "501.664"],
["Λανς", "501.583"],
["Συαντσένγκ", "500.734"]
]
