[
["Τόκιο", "Ιαπωνία"],
["Δελχί", "Ινδία"],
["Σαγκάη", "Κίνα"],
["Ντάκα", "Μπαγκλαντές"],
["Σάο Πάολο", "Βραζιλία"],
["Πόλη του Μεξικού", "Μεξικό"],
["Κάιρο", "Αίγυπτος"],
["Πεκίνο", "Κίνα"],
["Βομβάη", "Ινδία"],
["Οσάκα", "Ιαπωνία"],
["Τσονγκίνγκ", "Κίνα"],
["Καράτσι", "Πακιστάν"],
["Κωνσταντινούπολη", "Τουρκία"],
["Κινσάσα", "ΛΔ Κονγκό"],
["Λάγος", "Νιγηρία"],
["Μπουένος Άιρες", "Αργεντινή"],
["Καλκούτα", "Ινδία"],
["Μανίλα", "Φιλιππίνες"],
["Τιαντζίν", "Κίνα"],
["Κουανγκτσόου", "Κίνα"],
["Ρίο Ντε Τζανέιρο", "Βραζιλία"],
["Λαχόρη", "Πακιστάν"],
["Μπανγκαλόρ", "Ινδία"],
["Σεντζέν", "Κίνα"],
["Μόσχα", "Ρωσία"],
["Τσενάι", "Ινδία"],
["Μπογκοτά", "Κολομβία"],
["Παρίσι", "Γαλλία"],
["Τζακάρτα", "Ινδονησία"],
["Λίμα", "Περού"],
["Μπανγκόκ", "Ταϊλάνδη"],
["Χαϊντεραμπάντ", "Ινδία"],
["Σεούλ", "Νότια Κορέα"],
["Ναγκόγια", "Ιαπωνία"],
["Λονδίνο", "Ηνωμένο Βασίλειο"],
["Τσενγκτού", "Κίνα"],
["Ναντσίνγκ", "Κίνα"],
["Τεχεράνη", "Ιράν"],
["Χο Τσι Μινχ", "Βιετνάμ"],
["Λουάντα", "Αγκόλα"],
["Γουχάν", "Κίνα"],
["Σιάν", "Κίνα"],
["Αχμενταμπάντ", "Ινδία"],
["Κουάλα Λουμπούρ", "Μαλαισία"],
["Νέα Υόρκη", "Ηνωμένες Πολιτείες"],
["Χανγκτσόου", "Κίνα"],
["Σουράτ", "Ινδία"],
["Σουτσόυ", "Κίνα"],
["Χονγκ Κονγκ", "Χονγκ Κονγκ"],
["Ριάντ", "Σαουδική Αραβία"],
["Σενγιάνγκ", "Κίνα"],
["Βαγδάτη", "Ιράκ"],
["Ντογκουάν", "Κίνα"],
["Φοσάν", "Κίνα"],
["Νταρ Ες Σαλάμ", "Τανζανία"],
["Πούνε", "Ινδία"],
["Σαντιάγο", "Χιλή"],
["Μαδρίτη", "Ισπανία"],
["Χαρμπίν", "Κίνα"],
["Τορόντο", "Καναδάς"],
["Μπέλο Οριζόντε", "Βραζιλία"],
["Χαρτούμ", "Σουδάν"],
["Γιοχάνεσμπουργκ", "Νότια Αφρική"],
["Σιγκαπούρη", "Σιγκαπούρη"],
["Νταλιάν", "Κίνα"],
["Τσινγκτάο", "Κίνα"],
["Τσεντσόου", "Κίνα"],
["Τζινάν", "Κίνα"],
["Βαρκελώνη", "Ισπανία"],
["Αγία Πετρούπολη", "Ρωσία"],
["Αμπιτζάν", "Ακτή Ελεφαντοστού"],
["Γιανγκόν", "Μιανμάρ"],
["Φουκουόκα", "Ιαπωνία"],
["Αλεξάνδρεια", "Αίγυπτος"],
["Γκουανταλαχάρα", "Μεξικό"],
["Άγκυρα", "Τουρκία"],
["Τσιτταγκόνγκ", "Μπαγκλαντές"],
["Αντίς Αμπέμπα", "Αιθιοπία"],
["Μελβούρνη", "Αυστραλία"],
["Ναϊρόμπι", "Κένυα"],
["Ανόι", "Βιετνάμ"],
["Σίδνεϊ", "Αυστραλία"],
["Μοντερέι", "Μεξικό"],
["Τσανγκσά", "Κίνα"],
["Μπραζίλια", "Βραζιλία"],
["Κέιπ Τάουν", "Νότια Αφρική"],
["Τζίντα", "Σαουδική Αραβία"],
["Ουρούμτσι", "Κίνα"],
["Κουνμίνγκ", "Κίνα"],
["Τσανγκτσούν", "Κίνα"],
["Χεφέι", "Κίνα"],
["Σαντού", "Κίνα"],
["Σινμπέι", "Ταϊβάν"],
["Καμπούλ", "Αφγανιστάν"],
["Νινγκμπό", "Κίνα"],
["Τελ Αβίβ", "Ισραήλ"],
["Γιαουντέ", "Καμερούν"],
["Ρώμη", "Ιταλία"],
["Σιχιαζουάνγκ", "Κίνα"],
["Μόντρεαλ", "Καναδάς"],
["Ρεσίφε", "Βραζιλία"],
["Κάνο", "Νιγηρία"],
["Πόρτο Αλέγκρε", "Βραζιλία"],
["Φορταλέζα", "Βραζιλία"],
["Τζαϊπούρ", "Ινδία"],
["Νανίνγκ", "Κίνα"],
["Μεντεγίν", "Κολομβία"],
["Ταϊγουάν", "Κίνα"],
["Εκουρχουλένι", "Νότια Αφρική"],
["Λος Άντζελες", "Ηνωμένες Πολιτείες"],
["Ντουάλα", "Καμερούν"],
["Κοζικόντε", "Ινδία"],
["Σαλβαδόρ", "Βραζιλία"],
["Τσανγκζού", "Κίνα"],
["Σιαμέν", "Κίνα"],
["Λάκναου", "Ινδία"],
["Φουζού Φουτζιάν", "Κίνα"],
["Καζαμπλάνκα", "Μαρόκο"],
["Γουενζού", "Κίνα"],
["Ναντσάνγκ", "Κίνα"],
["Μαλαπουράμ", "Ινδία"],
["Κουριτίμπα", "Βραζιλία"],
["Ιμπαντάν", "Νιγηρία"],
["Ανταναναρίβο", "Μαδαγασκάρη"],
["Τανγκσάν", "Κίνα"],
["Αμπούτζα", "Νιγηρία"],
["Καμπάλα", "Ουγκάντα"],
["Κουμάσι", "Γκάνα"],
["Φαϊζαλαμπάντ", "Πακιστάν"],
["Μπεκάσι", "Ινδονησία"],
["Βερολίνο", "Γερμανία"],
["Γκουϊγιάνγκ", "Κίνα"],
["Μπουσάν", "Νότια Κορέα"],
["Σάντο Ντομίνγκο", "Δομινικανή Δημοκρατία"],
["Ασουνσιόν", "Παραγουάη"],
["Καμπίνας", "Βραζιλία"],
["Βούξι", "Κίνα"],
["Θρισούρ", "Ινδία"],
["Ντακάρ", "Σενεγάλη"],
["Πορτ Χαρκούρτ", "Νιγηρία"],
["Μασχάντ", "Ιράν"],
["Κότσι", "Ινδία"],
["Πουέμπλα", "Μεξικό"],
["Κουβέιτ", "Κουβέιτ"],
["Λανζού", "Κίνα"],
["Ιντόρε", "Ινδία"],
["Ντουρμπάν", "Νότια Αφρική"],
["Κανπούρ", "Ινδία"],
["Σανάα", "Υεμένη"],
["Αθήνα", "Ελλάδα"],
["Μιλάνο", "Ιταλία"],
["Πιονγκγιάνγκ", "Βόρεια Κορέα"],
["Γκουαγιακίλ", "Εκουαδόρ"],
["Σμύρνη", "Τουρκία"],
["Ουαγκαντούγκου", "Μπουρκίνα Φάσο"],
["Λουσάκα", "Ζάμπια"],
["Γουατεμάλα", "Γουατεμάλα"],
["Κίεβο", "Ουκρανία"],
["Σουραμπάγια", "Ινδονησία"],
["Ναγκπούρ", "Ινδία"],
["Λισαβόνα", "Πορτογαλία"],
["Τζόνγκσαν", "Κίνα"],
["Ντουμπάι", "Ηνωμένα Αραβικά Εμιράτα"],
["Καράκας", "Βενεζουέλα"],
["Ντεπόκ", "Ινδονησία"],
["Σιζουόκα", "Ιαπωνία"],
["Κοϊμπατόρε", "Ινδία"],
["Χαντάν", "Κίνα"],
["Πορ ω Πρενς", "Αϊτή"],
["Χουαϊάν", "Κίνα"],
["Αλγέρι", "Αλγερία"],
["Κάλι", "Κολομβία"],
["Γουιφάνγκ", "Κίνα"],
["Ίντσεον", "Νότια Κορέα"],
["Μπαμάκο", "Μάλι"],
["Γκοϊάνια", "Βραζιλία"],
["Θιρουβανανθαπούραμ", "Ινδία"],
["Μάντσεστερ", "Ηνωμένο Βασίλειο"],
["Μπούτζι Μάγι", "ΛΔ Κονγκό"],
["Ταϊπέι", "Ταϊβάν"],
["Πρετόρια", "Νότια Αφρική"],
["Ζίμπο", "Κίνα"],
["Σάο Τσινγκ", "Κίνα"],
["Λουμπούμπασι", "ΛΔ Κονγκό"],
["Γιαντάι", "Κίνα"],
["Χουιζού", "Κίνα"],
["Σικάγο", "Ηνωμένες Πολιτείες"],
["Σαπόρο", "Ιαπωνία"],
["Μπέρμιγχαμ", "Ηνωμένο Βασίλειο"],
["Μπαντούνγκ", "Ινδονησία"],
["Βανκούβερ", "Καναδάς"],
["Άκρα", "Γκάνα"],
["Τολούκα", "Μεξικό"],
["Τασκένδη", "Ουζμπεκιστάν"],
["Μπραζαβίλ", "Δημοκρατία του Κονγκό"],
["Λουογιάνγκ", "Κίνα"],
["Πάτνα", "Ινδία"],
["Μποπάλ", "Ινδία"],
["Δαμασκός", "Συρία"],
["Μογκαντίσου", "Σομαλία"],
["Μπρίσμπεϊν", "Αυστραλία"],
["Τάνγκερανγκ", "Ινδονησία"],
["Σαν Χουάν", "Πουέρτο Ρίκο"],
["Τύνιδα", "Τυνησία"],
["Βηρυτός", "Λίβανος"],
["Ναντόνγκ", "Κίνα"],
["Μεντάν", "Ινδονησία"],
["Μπακού", "Αζερμπαϊτζάν"],
["Μπελέμ", "Βραζιλία"],
["Γκουζρανβάλα", "Πακιστάν"],
["Πεσαβάρ", "Πακιστάν"],
["Μανάους", "Βραζιλία"],
["Σεντάι", "Ιαπωνία"],
["Μαρακαΐμπο", "Βενεζουέλα"],
["Ραβαλπίντι", "Πακιστάν"],
["Χιούστον", "Ηνωμένες Πολιτείες"],
["Μπαρρανκίγια", "Κολομβία"],
["Άγκρα", "Ινδία"],
["Χοχότ", "Κίνα"],
["Ταογιουάν", "Ταϊβάν"],
["Μπαοτού", "Κίνα"],
["Καννούρ", "Ινδία"],
["Λιουζού", "Κίνα"],
["Βιζαχαπατνάμ", "Ινδία"],
["Βαντοντάρα", "Ινδία"],
["Ξουζού", "Κίνα"],
["Τιχουάνα", "Μεξικό"],
["Εσφαχάν", "Ιράν"],
["Πνομ Πεν", "Καμπότζη"],
["Αμμάν", "Ιορδανία"],
["Νταεγκού", "Νότια Κορέα"],
["Νάπολη", "Ιταλία"],
["Νασίκ", "Ινδία"],
["Βιτζαγιαβάντα", "Ινδία"],
["Αβάνα", "Κούβα"],
["Βιτόρια", "Βραζιλία"],
["Μέκκα", "Σαουδική Αραβία"],
["Βρυξέλλες", "Βέλγιο"],
["Μουλτάν", "Πακιστάν"],
["Χαλέπι", "Συρία"],
["Πουτιάν", "Κίνα"],
["Περθ", "Αυστραλία"],
["Γιανγκζού", "Κίνα"],
["Χιροσίμα", "Ιαπωνία"],
["Μπαόντινγκ", "Κίνα"],
["Μπούρσα", "Τουρκία"],
["Ταϊζού Ζετζιάνγκ", "Κίνα"],
["Μινσκ", "Λευκορωσία"],
["Κονακρί", "Γουινέα"],
["Γουχού", "Κίνα"],
["Λινγί", "Κίνα"],
["Κόλαμ", "Ινδία"],
["Ρατζκότ", "Ινδία"],
["Χαϊκού", "Κίνα"],
["Βιέννη", "Αυστρία"],
["Βαλένθια", "Βενεζουέλα"],
["Αλμάτι", "Καζακστάν"],
["Ντακίνγκ", "Κίνα"],
["Γιαντσένγκ", "Κίνα"],
["Πόλη του Παναμά", "Παναμάς"],
["Σεμαράνγκ", "Ινδονησία"],
["Λιανιουνγκάνγκ", "Κίνα"],
["Ραμπάτ", "Μαρόκο"],
["Μπαϊσάντα Σαντίστα", "Βραζιλία"],
["Κίτο", "Εκουαδόρ"],
["Χιντεραμπάντ", "Πακιστάν"],
["Λομέ", "Τόγκο"],
["Λουντιάνα", "Ινδία"],
["Ουέστ Γιορκσάιρ", "Ηνωμένο Βασίλειο"],
["Νταβάο", "Φιλιππίνες"],
["Λα Παζ", "Βολιβία"],
["Λεόν", "Μεξικό"],
["Ζουχάι", "Κίνα"],
["Μπενίν Σίτι", "Νιγηρία"],
["Ντατόνγκ", "Κίνα"],
["Κουανζού", "Κίνα"],
["Άδανα", "Τουρκία"],
["Μαντουράι", "Ινδία"],
["Τορίνο", "Ιταλία"],
["Μάτολα", "Μοζαμβίκη"],
["Βαρσοβία", "Πολωνία"],
["Αμβούργο", "Γερμανία"],
["Καν Θο", "Βιετνάμ"],
["Σάρτζα", "Ηνωμένα Αραβικά Εμιράτα"],
["Βουκουρέστι", "Ρουμανία"],
["Πάλεμπανγκ", "Ινδονησία"],
["Σάντα Κρουζ", "Βολιβία"],
["Βουδαπέστη", "Ουγγαρία"],
["Γκαζιαντέπ", "Τουρκία"],
["Μοντεβιδέο", "Ουρουγουάη"],
["Μεερούτ", "Ινδία"],
["Ρέιπουρ", "Ινδία"],
["Φοίνιξ", "Ηνωμένες Πολιτείες"],
["Λυών", "Γαλλία"],
["Τζιανγκμέν", "Κίνα"],
["Μοσούλη", "Ιράκ"],
["Τσίσι Σιξί", "Κίνα"],
["Λα Λαγκούνα", "Μεξικό"],
["Βαρανάσι", "Ινδία"],
["Ξιανγκγιάνγκ", "Κίνα"],
["Σιράζ", "Ιράν"],
["Γλασκώβη", "Ηνωμένο Βασίλειο"],
["Νοβοσιμπίρσκ", "Ρωσία"],
["Μπατάμ", "Ινδονησία"],
["Στοκχόλμη", "Σουηδία"],
["Γιντσουάν", "Κίνα"],
["Ανσάν", "Κίνα"],
["Τζαμσεντπούρ", "Ινδία"],
["Γιτσάνγκ", "Κίνα"],
["Σριναγκάρ", "Ινδία"],
["Όκλαντ", "Νέα Ζηλανδία"],
["Τζιλίν", "Κίνα"],
["Ουλάν Μπατόρ", "Μογγολία"],
["Ταμπρίζ", "Ιράν"],
["Μακάσαρ", "Ινδονησία"],
["Ορανγκαμπάντ", "Ινδία"],
["Τσινχουανγκντάο", "Κίνα"],
["Σινίνγκ", "Κίνα"],
["Μουσκάτ", "Ομάν"],
["Μονρόβια", "Λιβερία"],
["Μασσαλία", "Γαλλία"],
["Τιρουπούρ", "Ινδία"],
["Χενγκγιάνγκ", "Κίνα"],
["Κάλγκαρι", "Καναδάς"],
["Κιτσιχάερ", "Κίνα"],
["Σαν Αντόνιο", "Ηνωμένες Πολιτείες"],
["Κόρδοβα", "Αργεντινή"],
["Σουκιάν", "Κίνα"],
["Κανάνγκα", "ΛΔ Κονγκό"],
["Καράτζ", "Ιράν"],
["Ανγιάνγκ", "Κίνα"],
["Φιλαδέλφεια", "Ηνωμένες Πολιτείες"],
["Ροσάριο", "Αργεντινή"],
["Νταετζόν", "Νότια Κορέα"],
["Μόναχο", "Γερμανία"],
["Χουάρες", "Μεξικό"],
["Χαράρε", "Ζιμπάμπουε"],
["Ονίτσα", "Νιγηρία"],
["Τζοντπούρ", "Ινδία"],
["Γκαοξιόνγκ", "Ταϊβάν"],
["Μεδίνα", "Σαουδική Αραβία"],
["Ζινίνγκ", "Κίνα"],
["Αμπού Ντάμπι", "Ηνωμένα Αραβικά Εμιράτα"],
["Ντζαμένα", "Τσαντ"],
["Τεγκουσιγκάλπα", "Ονδούρα"],
["Γκουάντζου", "Νότια Κορέα"],
["Γιεκατερίνμπουργκ", "Ρωσία"],
["Κατμαντού", "Νεπάλ"],
["Έντμοντον", "Καναδάς"],
["Νατάλ", "Βραζιλία"],
["Σαο Λούις", "Βραζιλία"],
["Ράντσι", "Ινδία"],
["Ζανγκτζιάκου", "Κίνα"],
["Μανταλέι", "Μιανμάρ"],
["Τζαλαπούρ", "Ινδία"],
["Χουαϊνάν", "Κίνα"],
["Ασανσόλ", "Ινδία"],
["Κότα", "Ινδία"],
["Τσαοζού", "Κίνα"],
["Γκουαλιόρ", "Ινδία"],
["Σαν Χοσέ", "Κόστα Ρίκα"],
["Αλλαχαμπάντ", "Ινδία"],
["Γιγού", "Κίνα"],
["Τσον Μπουρί", "Ταϊλάνδη"],
["Νουακσότ", "Μαυριτανία"],
["Σαν Ντιέγκο", "Ηνωμένες Πολιτείες"],
["Αμριτσάρ", "Ινδία"],
["Χάρκοβο", "Ουκρανία"],
["Οτάβα", "Καναδάς"],
["Ζυρίχη", "Ελβετία"],
["Ταϊζού", "Κίνα"],
["Βασόρα", "Ιράκ"],
["Ζοάο Πεσόα", "Βραζιλία"],
["Γκανζού", "Κίνα"],
["Βελιγράδι", "Σερβία"],
["Χομς", "Συρία"],
["Ταϊάν Σαντόνγκ", "Κίνα"],
["Γουεϊχάι", "Κίνα"],
["Κερέταρο", "Μεξικό"],
["Μομπάσα", "Κένυα"],
["Νιαμέι", "Νίγηρας"],
["Ικόνιο", "Τουρκία"],
["Χάι Φονγκ", "Βιετνάμ"],
["Τζιαξίνγκ", "Κίνα"],
["Κοπεγχάγη", "Δανία"],
["Κοτσαμπάμπα", "Βολιβία"],
["Ντάνμπαντ", "Ινδία"],
["Κισανγκάνι", "ΛΔ Κονγκό"],
["Μπουκαραμάνγκα", "Κολομβία"],
["Καϊφένγκ", "Κίνα"],
["Αδελαΐδα", "Αυστραλία"],
["Ταϊζόνγκ", "Ταϊβάν"],
["Ριζάο", "Κίνα"],
["Μασεϊό", "Βραζιλία"],
["Σουγόν", "Νότια Κορέα"],
["Ντάλας", "Ηνωμένες Πολιτείες"],
["Ντονγίνγκ", "Κίνα"],
["Ζουνγί", "Κίνα"],
["Ζαντζιάνγκ", "Κίνα"],
["Σαμούτ Πρακάν", "Ταϊλάνδη"],
["Ναντσόνγκ", "Κίνα"],
["Τζόινσβιλ", "Βραζιλία"],
["Κομ", "Ιράν"],
["Ελσίνκι", "Φινλανδία"],
["Μιανγιάνγκ", "Κίνα"],
["Λιουάν", "Κίνα"],
["Πόρτο", "Πορτογαλία"],
["Αττάλεια", "Τουρκία"],
["Σιγιάν", "Κίνα"],
["Πράγα", "Τσεχία"],
["Μπαρέλι", "Ινδία"],
["Λιούγιανγκ", "Κίνα"],
["Νταμάμ", "Σαουδική Αραβία"],
["Fushun Φουσούν", "Κίνα"],
["Πουάντ Νουάρ", "Δημοκρατία του Κονγκό"],
["Γινγκού", "Κίνα"],
["Σόφια", "Βουλγαρία"],
["Καζάν", "Ρωσία"],
["Τενγκζού", "Κίνα"],
["Πορτ Ελίζαμπεθ", "Νότια Αφρική"],
["Αλιγκάρ", "Ινδία"],
["Αβάζ", "Ιράν"],
["Φλοριανόπολις", "Βραζιλία"],
["Τάνγκερ", "Μαρόκο"],
["Φριτάουν", "Σιέρα Λεόνε"],
["Μαομίνγκ", "Κίνα"],
["Πεκανμπάρου", "Ινδονησία"],
["Φες", "Μαρόκο"],
["Μορανταμπάντ", "Ινδία"],
["Σουτσόου", "Κίνα"],
["Ούγιο", "Νιγηρία"],
["Μαϊσόρ", "Ινδία"],
["Δουβλίνο", "Ιρλανδία"],
["Σαν Λουίς Ποτοσί", "Μεξικό"],
["Αστάνα", "Καζακστάν"],
["Νίζνι Νόβγκοροντ", "Ρωσία"],
["Ρουιάν", "Κίνα"],
["Μουάνζα", "Τανζανία"],
["Ντάργκ ", "Ινδία"],
["Μπαρκισιμέτο", "Βενεζουέλα"],
["Τζιεγιάνγκ", "Κίνα"],
["Τσελιαμπίνσκ", "Ρωσία"],
["Ζούζχου", "Κίνα"],
["Μπάοζι", "Κίνα"],
["Μαρακάι", "Βενεζουέλα"],
["Μπουμπανεσβάρ", "Ινδία"],
["Πινγκντινγκσάν Χενάν", "Κίνα"],
["Τσεντσιάνγκ Τζιανγκσού", "Κίνα"],
["Τσιφένγκ", "Κίνα"],
["Πούνινγκ", "Κίνα"],
["Λιλόνγκβε", "Μαλάουι"],
["Τζίνχουα", "Κίνα"],
["Μεντόσα", "Αργεντινή"],
["Κιγκάλι", "Ρουάντα"],
["Μπογκόρ", "Ινδονησία"],
["Χουάιμπεϊ", "Κίνα"],
["Μέριδα", "Μεξικό"],
["Τιρουτσιραπάλι", "Ινδία"],
["Ισλαμαμπάντ", "Πακιστάν"],
["Τσιάνγκ Μάι", "Ταϊλάνδη"],
["Νανιάνγκ Χενάν", "Κίνα"],
["Σιάνγκταν Χουνάν", "Κίνα"],
["Μπενξί", "Κίνα"],
["Τζινζού", "Κίνα"],
["Τσαντιγκάρ", "Ινδία"],
["Μπουκαβού", "ΛΔ Κονγκό"],
["Αμπόμι Καλαβί", "Μπενίν"],
["Ντά Νανγκ", "Βιετνάμ"],
["Λιουπάνσουι", "Κίνα"],
["Ομσκ", "Ρωσία"],
["Ννιούι", "Νιγηρία"],
["Τρίπολη", "Λιβύη"],
["Γκουιλίν", "Κίνα"],
["Άμστερνταμ", "Ολλανδία"],
["Τασικμαλάγια", "Ινδονησία"],
["Χάιφα", "Ισραήλ"],
["Μπινζού", "Κίνα"],
["Πιζού", "Κίνα"],
["Kέτα", "Πακιστάν"],
["Μεξικάλι", "Μεξικό"],
["Κρασνογιάρσκ", "Ρωσία"],
["Χούμπλι Νταργουάντ", "Ινδία"],
["Καντούνα", "Νιγηρία"],
["Σαμάρα", "Ρωσία"],
["Γκαουχάτι", "Ινδία"],
["Άμπα", "Νιγηρία"],
["Λουοχέ", "Κίνα"],
["Σάλεμ", "Ινδία"],
["Αγουασκαλιέντες", "Μεξικό"],
["Ούφα", "Ρωσία"],
["Μπουτζουμπούρα", "Μπουρούντι"],
["Μαπούτο", "Μοζαμβίκη"],
["Μπαντάρ Λαμπούνγκ", "Ινδονησία"],
["Ροστόφ του Ντον", "Ρωσία"],
["Κολωνία", "Γερμανία"],
["Γιούεκινγκ", "Κίνα"],
["Σαχαρανπούρ", "Ινδία"],
["Σιμκέντ", "Καζακστάν"],
["Γιονγκίν", "Νότια Κορέα"],
["Σινσιάνγκ", "Κίνα"],
["Μπαζόνγκ", "Κίνα"],
["Ξιονγκάν", "Κίνα"],
["Ζαοζουάνγκ", "Κίνα"],
["Σαν Σαλβαδόρ", "Ελ Σαλβαδόρ"],
["Κουερναβάκα", "Μεξικό"],
["Γουένλινγκ", "Κίνα"],
["Παντζίν", "Κίνα"],
["Τσιουάουα", "Μεξικό"],
["Τζαλαντάρ", "Ινδία"],
["Γκογιάνγκ", "Νότια Κορέα"],
["Φουγιάνγκ", "Κίνα"],
["Ερεβάν", "Αρμενία"],
["Σιλιγκούρι", "Ινδία"],
["Μανάγκουα", "Νικαράγουα"],
["Μαανσάν", "Κίνα"],
["Μπίσκεκ", "Κιργιστάν"],
["Σανγκράο", "Κίνα"],
["Τιφλίδα", "Γεωργία"],
["Χαργκέισα", "Σομαλία"],
["Καρθαγένη", "Κολομβία"],
["Ντιγιάρμπακιρ", "Τουρκία"],
["Περμ", "Ρωσία"],
["Μπιεν Χόα", "Βιετνάμ"],
["Τζάοτσινγκ", "Κίνα"],
["Βορονέζ", "Ρωσία"],
["Μπομπό Ντιούλασο", "Μπουρκίνα Φάσο"],
["Λιλ", "Γαλλία"],
["Τζινγκτσόου", "Κίνα"],
["Σαμαρίντα", "Ινδονησία"],
["Όσλο", "Νορβηγία"],
["Κερμανσάχ", "Ιράν"],
["Φουτζόου", "Κίνα"],
["Τζόχορ Μπαρού", "Μαλαισία"],
["Λεσάν", "Κίνα"],
["Σολαπούρ", "Ινδία"],
["Τσανγκγουόν", "Νότια Κορέα"],
["Μερσίνη", "Τουρκία"],
["Αμβέρσα", "Βέλγιο"],
["Κιρκούκ", "Ιράκ"],
["Ντετζόου", "Κίνα"],
["Τουλούζη", "Γαλλία"],
["Τσεντσόου", "Κίνα"],
["Άντεν", "Υεμένη"],
["Αρακάου", "Βραζιλία"],
["Χουτσόου", "Κίνα"],
["Ικορόντου", "Νιγηρία"],
["Τερεσίνα", "Βραζιλία"],
["Σεκόντι Τακοράντ", "Γκάνα"],
["Ασμάρα", "Ερυθραία"],
["Γιουεγιάνγκ", "Κίνα"],
["Συτσάνγκ", "Κίνα"],
["Μαρακές", "Μαρόκο"],
["Ταμπίκο", "Μεξικό"],
["Ντενπασάρ", "Ινδονησία"],
["Γιτσούν", "Κίνα"],
["Όστιν", "Ηνωμένες Πολιτείες"],
["Τσικάπα", "ΛΔ Κονγκό"],
["Τσανγκσού", "Κίνα"],
["Σαλτίγιο", "Μεξικό"],
["Παντάνγκ", "Ινδονησία"],
["Ρότερνταμ", "Ολλανδία"],
["Σαν Μιγκέλ ντε Τουκουμάν", "Αργεντινή"],
["Νιάλα", "Σουδάν"],
["Σεμπού", "Φιλιππίνες"],
["Τσουτσίνγκ", "Κίνα"],
["Οδησσός", "Ουκρανία"],
["Βαράγκαλ", "Ινδία"],
["Ακαπούλκο", "Μεξικό"],
["Σαν Χοσέ", "Ηνωμένες Πολιτείες"],
["Ιλορίν", "Νιγηρία"],
["Βαλπαραΐσο", "Χιλή"],
["Καισάρεια", "Τουρκία"],
["Κανκούν", "Μεξικό"],
["Βόλγκογκραντ", "Ρωσία"],
["Ξιντάι", "Κίνα"],
["Λίμπε", "Μαλάουι"],
["Σονγκχλά", "Ταϊλάνδη"],
["Μπορντό", "Γαλλία"],
["Κρασνοντάρ", "Ρωσία"],
["Νοντάμπουρι", "Ταϊλάνδη"],
["Γκουιπίνγκ", "Κίνα"],
["Τζιξί", "Κίνα"],
["Πινγκσιάνγκ", "Κίνα"],
["Μορέλια", "Μεξικό"],
["Ντεχράντουν", "Ινδία"],
["Χάμα", "Συρία"],
["Ντουσάνμπε", "Τατζικιστάν"],
["Λαϊγού", "Κίνα"],
["Αγκαντίρ", "Μαρόκο"],
["Τζιοουτζιάνγκ", "Κίνα"],
["Ζουτσιένγκ", "Κίνα"],
["Φορτ Γουόρθ", "Ηνωμένες Πολιτείες"],
["Μουνταντζιάνγκ", "Κίνα"],
["Τσενγκντέ", "Κίνα"],
["Ιερουσαλήμ", "Ισραήλ"],
["Σαν Πέδρο Σούλα", "Ονδούρα"],
["Μισράτα", "Λιβύη"],
["Κούκουτα", "Κολομβία"],
["Χούλνα", "Μπαγκλαντές"],
["Γκουαγιάνα Σίτι", "Βενεζουέλα"],
["Αρεκίπα", "Περού"],
["Ντνίπρο", "Ουκρανία"],
["Νίκαια", "Γαλλία"],
["Ογουέρι", "Νιγηρία"],
["Ζαμποάνγκα", "Φιλιππίνες"],
["Σαουθάμπτον", "Ηνωμένο Βασίλειο"],
["Γκουιγκάνγκ", "Κίνα"],
["Γάρι", "Νιγηρία"],
["Βερακρούζ", "Μεξικό"],
["Τζος", "Νιγηρία"],
["Ραχσάχι", "Μπαγκλαντές"],
["Σιονγκνάμ", "Νότια Κορέα"],
["Λεϊγιάνγκ", "Κίνα"],
["Τζάκσονβιλ", "Ηνωμένες Πολιτείες"],
["Πάθουμ Θάνι", "Ταϊλάνδη"],
["Γιανγκτζιάνγκ", "Κίνα"],
["Ρεϊνόσα", "Μεξικό"],
["Μπανγκούι", "Κεντροαφρικανική Δημοκρατία"],
["Νατζάφ", "Ιράκ"],
["Μπενγκμπού", "Κίνα"],
["Τζανγκτζόου", "Κίνα"],
["Βιλερμόσα", "Μεξικό"],
["Σιλέτ", "Μπαγκλαντές"],
["Ναμπούλα", "Μοζαμβίκη"],
["Τιανμέν", "Κίνα"],
["Σάρλοτ", "Ηνωμένες Πολιτείες"],
["Αντιπόλο", "Φιλιππίνες"],
["Χενγκσουέι", "Κίνα"],
["Σινγιού", "Κίνα"],
["Λινφέν", "Κίνα"],
["Οράν", "Αλγερία"],
["Κολόμπους", "Ηνωμένες Πολιτείες"],
["Γουεστ Ραντ", "Νότια Αφρική"],
["Κάμπο Γκράντε", "Βραζιλία"],
["Λουμπάνγκο", "Αγκόλα"],
["Ντεγιάνγκ", "Κίνα"],
["Ουλσάν", "Νότια Κορέα"],
["Λίβερπουλ", "Ηνωμένο Βασίλειο"],
["Λοντρίνα", "Βραζιλία"],
["Ταΐζ", "Υεμένη"],
["Μπέργκαμο", "Ιταλία"],
["Μαλάνγκ", "Ινδονησία"],
["Τζιανγκιν", "Κίνα"],
["Λα Πλάτα", "Αργεντινή"],
["Νταντόνγκ", "Κίνα"],
["Κονσεπσιόν", "Χιλή"],
["Χερμοσίγιο", "Μεξικό"],
["Λίλινγκ", "Κίνα"],
["Γκουντούρ", "Ινδία"],
["Μπαϊσάν", "Κίνα"],
["Μπαχαγουαλπούρ", "Πακιστάν"],
["Ντόνετσκ", "Ουκρανία"],
["Ινδιανάπολη", "Ηνωμένες Πολιτείες"],
["Τρουχίγιο", "Περού"],
["Τσανγκζί", "Κίνα"],
["Μπιγουάντι", "Ινδία"],
["Τουμέν", "Ρωσία"],
["Λιαογιάνγκ", "Κίνα"],
["Σαν Φρανσίσκο", "Ηνωμένες Πολιτείες"],
["Ασγκαμπάτ", "Τουρκμενιστάν"],
["Τούξτλα Γκουτιέρρες", "Μεξικό"],
["Σοσανγκούβε", "Νότια Αφρική"],
["Αρμπίλ", "Ιράκ"],
["Ποντιτσέρυ", "Ινδία"],
["Τσανγκντέ", "Κίνα"],
["Σανγκιού", "Κίνα"],
["Κουλιακάν", "Μεξικό"],
["Φιροζαμπάντ", "Ινδία"],
["Σινγκτάι", "Κίνα"],
["Μπόγκρα", "Μπαγκλαντές"],
["Ταϊνάν", "Ταϊβάν"],
["Φουσίν", "Κίνα"],
["Καμπίντα", "Αγκόλα"],
["Χουανσί", "Κίνα"],
["Ουμουαχία", "Νιγηρία"],
["Χουφούφ Μουμπαράζ", "Σαουδική Αραβία"],
["Λιμπρεβίλ", "Γκαμπόν"],
["Παλέρμο", "Ιταλία"],
["Γιμπίν", "Κίνα"],
["Βεγγάζη", "Λιβύη"],
["Λουτζού", "Κίνα"],
["Ίπο", "Μαλαισία"],
["Κόρλα", "Κίνα"],
["Σινγκούα", "Κίνα"],
["Σάρατοφ", "Ρωσία"],
["Κεμπέκ", "Καναδάς"],
["Κεράλα", "Ινδία"],
["Βαλένθια", "Ισπανία"],
["Κουτσόου", "Κίνα"],
["Ξινγιάνγκ", "Κίνα"],
["Γιονγκτσού", "Κίνα"],
["Γουίνιπεγκ", "Καναδάς"],
["Γιανγκουάν", "Κίνα"],
["Σιαογκάν", "Κίνα"],
["Μπουτσεόν", "Νότια Κορέα"],
["Ούρμια", "Ιράν"],
["Μαϊντουγκούρι", "Νιγηρία"],
["Ενούγκου", "Νιγηρία"],
["Εσκισεχίρ", "Τουρκία"],
["Νιούκαστλ", "Ηνωμένο Βασίλειο"],
["Τζούζι", "Κίνα"],
["Χεζέ", "Κίνα"],
["Χουάϊχουα", "Κίνα"],
["Βαρκελώνη Πουέρτο Λα Κρουζ", "Βενεζουέλα"],
["Τιανσούι", "Κίνα"],
["Θεσσαλονίκη", "Ελλάδα"],
["Μπολόνια", "Ιταλία"],
["Χαϊτσένγκ", "Κίνα"],
["Χουλουντάο", "Κίνα"],
["Σοροκάμπα", "Βραζιλία"],
["Μποτζόου", "Κίνα"],
["Μπικάνερ", "Ινδία"],
["Νότιγχαμ", "Ηνωμένο Βασίλειο"],
["Νιιγκάτα", "Ιαπωνία"],
["Τζαλάπα", "Μεξικό"],
["Κουνσάν", "Κίνα"],
["Λιαοτσένγκ", "Κίνα"],
["Νελόρ", "Ινδία"],
["Γκέμπτζε", "Τουρκία"],
["Νακόν Ρατσασίμα", "Ταϊλάνδη"],
["Τζιντσένγκ", "Κίνα"],
["Φρανκφούρτη", "Γερμανία"],
["Ταϊξίνγκ", "Κίνα"],
["Λοκότζα", "Νιγηρία"],
["Σιάτλ", "Ηνωμένες Πολιτείες"],
["Καγκαγιάν Ντε Όρο", "Φιλιππίνες"],
["Λανγκφάνγκ", "Κίνα"],
["Βερέενιγκινγκ", "Νότια Αφρική"],
["Τσιαοτζουό", "Κίνα"],
["Ντασμαρίνας Σίτι", "Φιλιππίνες"],
["Κοταγιάμ", "Ινδία"],
["Αρ Ραϊάν", "Κατάρ"],
["Σουλεϊμανίγια", "Ιράκ"],
["Αμράβατι", "Ινδία"],
["Ζουμάντιαν", "Κίνα"],
["Μπενγκουέλα", "Αγκόλα"],
["Γκορακπούρ", "Ινδία"],
["Χάμιλτον", "Καναδάς"],
["Σαογκουάν", "Κίνα"],
["Μέισχαν", "Κίνα"],
["Γκαόμι", "Κίνα"],
["Χαντσουάν", "Κίνα"],
["Κρακοβία", "Πολωνία"],
["Μπούνια", "ΛΔ Κονγκό"],
["Ντανγιάνγκ", "Κίνα"],
["Μουτζαφαρναγκάρ", "Ινδία"],
["Ζανζιβάρη", "Τανζανία"],
["Ανσάν", "Νότια Κορέα"],
["Πορτ Σαΐντ", "Αίγυπτος"],
["Κουτάκ", "Ινδία"],
["Αντσίνγκ", "Κίνα"],
["Ντένβερ", "Ηνωμένες Πολιτείες"],
["Ανκιού", "Κίνα"],
["Μπαντζρμάσιν", "Ινδονησία"],
["Καγιαμκουλάμ", "Ινδία"],
["Ζιγκόνγκ", "Κίνα"],
["Γάζα", "Παλαιστίνη"],
["Τσινγκγιουέν", "Κίνα"],
["Λινχάι", "Κίνα"],
["Ορντος", "Κίνα"],
["Μπελγκαούμ", "Ινδία"],
["Οσόγκμπο", "Νιγηρία"],
["Ζάρια", "Νιγηρία"],
["Μαλεγκάον", "Ινδία"],
["Σαογιάνγκ", "Κίνα"],
["Μαλάνζε", "Αγκόλα"],
["Ζάρκα", "Ιορδανία"],
["Σαν Χοσέ Ντος Κάμπος", "Βραζιλία"],
["Σέφιλντ", "Ηνωμένο Βασίλειο"],
["Κουμαμότο", "Ιαπωνία"],
["Γιάναν", "Κίνα"],
["Ματούριν", "Βενεζουέλα"],
["Τονγκλιάο", "Κίνα"],
["Τζιαμούσι", "Κίνα"],
["Γιάντζι", "Κίνα"],
["Σιαλκότ", "Πακιστάν"],
["Σαραγόσα", "Ισπανία"],
["Μπανγκαλόρ", "Ινδία"],
["Κίτουε", "Ζάμπια"],
["Τονγκλίνγκ", "Κίνα"],
["Γουτσόου", "Κίνα"],
["Σουίνινγκ Σιτσουάν", "Κίνα"],
["Ριμπεράου Πρέτο", "Βραζιλία"],
["Ζιαν Γιανγκ", "Κίνα"],
["Ντενγκτσόου", "Κίνα"],
["Ήμπ", "Υεμένη"],
["Ραστ", "Ιράν"],
["Γιουντσένγκ", "Κίνα"],
["Τιρουπάτι", "Ινδία"],
["Ζαπορίζια", "Ουκρανία"],
["Μάρκα", "Σομαλία"],
["Νταζόου", "Κίνα"],
["Παντζιχούα", "Κίνα"],
["Σαργκόντα", "Πακιστάν"],
["Μπάφαλο", "Νότια Αφρική"],
["Οαχάκα", "Μεξικό"],
["Τσεονγκού", "Νότια Κορέα"],
["Μπχάβναγκαρ", "Ινδία"],
["Οκαγιάμα", "Ιαπωνία"],
["Γιουξί", "Κίνα"],
["Μπακούρ", "Φιλιππίνες"],
["Ναντέντ", "Ινδία"],
["Χρυσή Ακτή", "Αυστραλία"],
["Λβιβ", "Ουκρανία"],
["Ντονγκτάι", "Κίνα"],
["Ουάσινγκτον", "Ηνωμένες Πολιτείες"],
["Γιουλίν", "Κίνα"],
["Ακούρ", "Νιγηρία"],
["Τζαμού", "Ινδία"],
["Λονγκγιάν", "Κίνα"],
["Γιουγιάο", "Κίνα"],
["Αλ Χουνταϊντά", "Υεμένη"],
["Μπαλί", "Ινδονησία"],
["Φλωρεντία", "Ιταλία"],
["Τσανγκτζιαγκάνγκ", "Κίνα"],
["Χάγη", "Ολλανδία"],
["Κοτονού", "Μπενίν"],
["Σάλτα", "Αργεντινή"],
["Γκόμα", "ΛΔ Κονγκό"],
["Χουάμπο", "Αγκόλα"],
["Βιεντιάν", "Λάος"],
["Κουρνουάλ", "Ινδία"],
["Αμάρα", "Ιράκ"],
["Ταϊτσάνγκ", "Κίνα"],
["Ουμπερλάντια", "Βραζιλία"],
["Γκουλμπάργκα", "Ινδία"],
["Ταΐφ", "Σαουδική Αραβία"],
["Σεβίλλη", "Ισπανία"],
["Ταμάλ", "Γκάνα"],
["Μπρίστολ", "Ηνωμένο Βασίλειο"],
["Μπουράιντα", "Σαουδική Αραβία"],
["Σελάγια", "Μεξικό"],
["Ντούργκαπουρ", "Ινδία"],
["Ζουντιάι", "Βραζιλία"],
["Βοστώνη", "Ηνωμένες Πολιτείες"],
["Τσεονάν", "Νότια Κορέα"],
["Άνκανγκ", "Κίνα"],
["Τολιάτι", "Ρωσία"],
["Ποντιάνακ", "Ινδονησία"],
["Ναντ", "Γαλλία"],
["Ζουκού", "Κίνα"],
["Πάντοβα", "Ιταλία"],
["Μανάμα", "Μπαχρέιν"],
["Ελ Πάσο", "Ηνωμένες Πολιτείες"],
["Λουντί", "Κίνα"],
["Ρενκιού", "Κίνα"],
["Μπιτζιέ", "Κίνα"],
["Λαττάκεια", "Συρία"],
["Ετζόου", "Κίνα"],
["Σοκότο", "Νιγηρία"],
["Ζάγκρεμπ", "Κροατία"],
["Νάι Πι Τάου", "Μιανμάρ"],
["Λιέγη", "Βέλγιο"],
["Νάσβιλ", "Ηνωμένες Πολιτείες"],
["Χετσόου", "Κίνα"],
["Τονγκσιάνγκ", "Κίνα"],
["Σαντιάγο", "Δομινικανή Δημοκρατία"],
["Σιντσόου", "Κίνα"],
["Μαρ ντελ Πλάτα", "Αργεντινή"],
["Στρατηγός Σάντος", "Φιλιππίνες"],
["Σαμψούντα", "Τουρκία"],
["Λονγκχάι", "Κίνα"],
["Ταμπούκ", "Σαουδική Αραβία"],
["Οκλαχόμα Σίτι", "Ηνωμένες Πολιτείες"],
["Λας Βέγκας", "Ηνωμένες Πολιτείες"],
["Ντενιζλί", "Τουρκία"],
["Γένοβα", "Ιταλία"],
["Πουγιάνγκ", "Κίνα"],
["Τσοουσάν", "Κίνα"],
["Μιλούο", "Κίνα"],
["Μακάο", "Μακάο"],
["Πόρτλαντ", "Ηνωμένες Πολιτείες"],
["Λοτζ", "Πολωνία"],
["Τζάνσι", "Ινδία"],
["Χεράτ", "Αφγανιστάν"],
["Χαϊμέν", "Κίνα"],
["Γεονγού", "Νότια Κορέα"],
["Σανυά", "Κίνα"],
["Νεϊτζιάνγκ", "Κίνα"],
["Ερόντ", "Ινδία"],
["Ντιτρόιτ", "Ηνωμένες Πολιτείες"],
["Σουέζ", "Αίγυπτος"],
["Μπούστο Αρζίτσιο", "Ιταλία"],
["Γουχάι", "Κίνα"],
["Τζαμναγκάρ", "Ινδία"],
["Πατσούκα", "Μεξικό"],
["Ούβιρα", "ΛΔ Κονγκό"],
["Τζουμπάίλ", "Σαουδική Αραβία"],
["Ντουράνγκο", "Μεξικό"],
["Τσικλάγιο", "Περού"],
["Νασιρίγια", "Ιράκ"],
["Χεγκάνγκ", "Κίνα"],
["Ιζέβσκ", "Ρωσία"],
["Μποκάρο", "Ινδία"],
["Ντόχα", "Κατάρ"],
["Μπερ Σεβά", "Ισραήλ"],
["Μέμφις", "Ηνωμένες Πολιτείες"],
["Ένσι", "Κίνα"],
["Τσονγκτζίν", "Βόρεια Κορέα"],
["Τζαμπί", "Ινδονησία"],
["Μπαντάρ Αμπάς", "Ιράν"],
["Σιχούι", "Κίνα"],
["Μπαουτσί", "Νιγηρία"],
["Ιρκούτσκ", "Ρωσία"],
["Μπουλαβάγιο", "Ζιμπάμπουε"],
["Σαφάκις", "Τυνησία"],
["Μπισάου", "Γουινέα Μπισσάου"],
["Βρότσλαβ", "Πολωνία"],
["Ρουρκέλα", "Ινδία"],
["Μπαρνάουλ", "Ρωσία"],
["Βενετία", "Ιταλία"],
["Χαμπάροφσκ", "Ρωσία"],
["Μπέλφαστ", "Ηνωμένο Βασίλειο"],
["Ντίσελντορφ", "Γερμανία"],
["Άνσουν", "Κίνα"],
["Μπακολόντ", "Φιλιππίνες"],
["Βερόνα", "Ιταλία"],
["Κολχάπουρ", "Ινδία"],
["Στουτγάρδη", "Γερμανία"],
["Τζιντσόνγκ", "Κίνα"],
["Αλ-Άυν", "Ηνωμένα Αραβικά Εμιράτα"],
["Πατιάλα", "Ινδία"],
["Μπιλασπούρ", "Ινδία"],
["Αμπακαλίκι", "Νιγηρία"],
["Σάνχε", "Κίνα"],
["Γιούλιν", "Κίνα"],
["Κούτσινγκ", "Μαλαισία"],
["Χάνζονγκ", "Κίνα"],
["Καλαμπάρ", "Νιγηρία"],
["Ατζμέρ", "Ινδία"],
["Κομίλα", "Μπαγκλαντές"],
["Ουτζαίν", "Ινδία"],
["Σερέγκνο", "Ιταλία"],
["Χίλα", "Ιράκ"],
["Γενεύη", "Ελβετία"],
["Κολόμπο", "Σρι Λάνκα"],
["Σίνμι", "Κίνα"],
["Ρίγα", "Λετονία"],
["Γκέτεμποργκ", "Σουηδία"],
["Σαν Χοσέ Ντελ Μόντε", "Φιλιππίνες"],
["Ουλιανόβσκ", "Ρωσία"],
["Ζαεντάν", "Ιράν"],
["Μπάρι", "Ιταλία"],
["Μπέγια", "Τανζανία"],
["Τζινγκτζιάνγκ", "Κίνα"],
["Mατούρα", "Ινδία"],
["Τσενσί", "Κίνα"],
["Μπράιτον", "Ηνωμένο Βασίλειο"],
["Φεϊρά ντε Σαντάνα", "Βραζιλία"],
["Τλαξκάλα", "Μεξικό"],
["Σίπινγκ", "Κίνα"],
["Λούισβιλ", "Ηνωμένες Πολιτείες"],
["Αγκαρτάλα", "Ινδία"],
["Γιάροσλαβλ", "Ρωσία"],
["Σίσι", "Κίνα"],
["Ιμπχάλ", "Ινδία"],
["Φουκίνγκ", "Κίνα"],
["Βλαδιβοστόκ", "Ρωσία"],
["Κρύβιι Ρι", "Ουκρανία"],
["Νταγιέ", "Κίνα"],
["Σκόπια", "Βόρεια Μακεδονία"],
["Λίκασι", "ΛΔ Κονγκό"],
["Τομσκ", "Ρωσία"],
["Σουοζού", "Κίνα"],
["Κουίτο", "Αγκόλα"],
["Σαμαρκάνδη", "Ουζμπεκιστάν"],
["Σανλιούρφα", "Τουρκία"],
["Ογκμπομόσο", "Νιγηρία"],
["Μπέιρα", "Μοζαμβίκη"],
["Σανγκλί", "Ινδία"],
["Μαχατσκάλα", "Ρωσία"],
["Σιαντάο", "Κίνα"],
["Λειψία", "Γερμανία"],
["Ντενφένγκ", "Κίνα"],
["Καμπίμας", "Βενεζουέλα"],
["Τσιτάιχε", "Κίνα"],
["Σανμενσιά", "Κίνα"],
["Τόνγκουα", "Κίνα"],
["Ιβαγιέ", "Κολομβία"],
["Τουτουκούντι", "Ινδία"],
["Κουιαμπά", "Βραζιλία"],
["Σινιγι", "Κίνα"],
["Μαζάρι Σαρίφ", "Αφγανιστάν"],
["Κίνγκστον", "Τζαμάικα"],
["Σάμουτ Σάκον", "Ταϊλάνδη"],
["Ζάοντονγκ", "Κίνα"],
["Γιγιάνγκ", "Κίνα"],
["Μάλαγα", "Ισπανία"],
["Γιτσούν", "Κίνα"],
["Ουνταϊπούρ", "Ινδία"],
["Χαμαντάν", "Ιράν"],
["Τζιμπουτί", "Τζιμπουτί"],
["Ντονγκγιάνγκ", "Κίνα"],
["Μπουακέ", "Ακτή Ελεφαντοστού"],
["Ντόρτμουντ", "Γερμανία"],
["Ζαογιάνγκ", "Κίνα"],
["Βελόρε", "Ινδία"],
["Τζαλγκαόν", "Ινδία"],
["Αρνταμπίλ", "Ιράν"],
["Μπλουμφοντέιν", "Νότια Αφρική"],
["Χέμπι", "Κίνα"],
["Γκάγια", "Ινδία"],
["Μιλγουόκι", "Ηνωμένες Πολιτείες"],
["Κατάνια", "Ιταλία"],
["Χουίζ ντε Φόρα", "Βραζιλία"],
["Καγκοσίμα", "Ιαπωνία"],
["Δρέσδη", "Γερμανία"],
["Γιαζντ", "Ιράν"],
["Τζιαοζού", "Κίνα"],
["Γκαοζού", "Κίνα"],
["Τουλόν", "Γαλλία"],
["Ουντόν Θάνι", "Ταϊλάνδη"],
["Τρουνέλβελι", "Ινδία"],
["Ουίγκε", "Αγκόλα"],
["Ούτζα", "Μαρόκο"],
["Περέιρα", "Κολομβία"],
["Έσσεν", "Γερμανία"],
["Ματαμόρος", "Μεξικό"],
["Κίτσενερ", "Καναδάς"],
["Ίμους", "Φιλιππίνες"],
["Τσανγκτσόου", "Κίνα"],
["Πόζα Ρίκα Ντε Χιντάλγκο", "Μεξικό"],
["Σάντα Φε", "Αργεντινή"],
["Καρμπάλα", "Ιράκ"],
["Γουινάν", "Κίνα"],
["Κότα Κιναμπαλού", "Μαλαισία"],
["Ελ Μανσούρα", "Αίγυπτος"],
["Γκουανγκιουάν", "Κίνα"],
["Μπαμέντα", "Καμερούν"],
["Πάνιπατ", "Ινδία"],
["Καχραμανμάρας", "Τουρκία"],
["Ντόλα", "Ζάμπια"],
["Φέιτσενγκ", "Κίνα"],
["Τεπίκ", "Μεξικό"],
["Όρενμπουργκ", "Ρωσία"],
["Μεκνές", "Μαρόκο"],
["Κεμέροβο", "Ρωσία"],
["Αράκ", "Ιράν"],
["Βρέμη", "Γερμανία"],
["Γκόμελ", "Λευκορωσία"],
["Βαλτιμόρη", "Ηνωμένες Πολιτείες"],
["Τονγκτσουάν", "Κίνα"],
["Σακάρια", "Τουρκία"],
["Βασιλεία", "Ελβετία"],
["Αλ Μουκάλα", "Υεμένη"],
["Μεκέλε", "Αιθιοπία"],
["Τσιάνγκ Ράι", "Ταϊλάνδη"],
["Λαρκάνα", "Πακιστάν"],
["Χαμίς Μουσχάιτ", "Σαουδική Αραβία"],
["Μπασιλάν", "Φιλιππίνες"],
["Αλμπουκέρκη", "Ηνωμένες Πολιτείες"],
["Οσούρ", "Ινδία"],
["Ανγιάνγκ", "Νότια Κορέα"],
["Βιλιαβισένσιο", "Κολομβία"],
["Ρουπγκάντζ", "Μπαγκλαντές"],
["Λέστερ", "Ηνωμένο Βασίλειο"],
["Σουγκουάνγκ", "Κίνα"],
["Ιρμπίντ", "Ιορδανία"],
["Βαγιεντουπάρ", "Κολομβία"],
["Ραχανμουντρί", "Ινδία"],
["Γιονγκκάνγκ", "Κίνα"],
["Ουτρέχτη", "Ολλανδία"],
["Τουσόν", "Ηνωμένες Πολιτείες"],
["Σουκούρ", "Πακιστάν"],
["Χάινινγκ", "Κίνα"],
["Αμπεκούτα", "Νιγηρία"],
["Γιάνσι", "Κίνα"],
["Τσαογιάνγκ", "Κίνα"],
["Ράστενμπεργκ", "Νότια Αφρική"],
["Ταϊσάν", "Κίνα"],
["Καλάμπα", "Φιλιππίνες"],
["Αμπόν", "Ινδονησία"],
["Ντιβανίγια", "Ιράκ"],
["Ράγιονγκ", "Ταϊλάνδη"],
["Τσουτζόου", "Κίνα"],
["Γκόμπε", "Νιγηρία"],
["Τσινγκζού", "Κίνα"],
["Τσανγκνίνγκ", "Κίνα"],
["Λονγκού", "Κίνα"],
["Τζέλφα", "Αλγερία"],
["Άντζελες", "Φιλιππίνες"],
["Λουμ", "Καμερούν"],
["Νοβοκουζνέτσκ", "Ρωσία"],
["Μέσα", "Ηνωμένες Πολιτείες"],
["Εδιμβούργο", "Ηνωμένο Βασίλειο"],
["Πινγκντού", "Κίνα"],
["Νταλί", "Κίνα"],
["Κεμάν", "Ιράν"],
["Κικγουίτ", "ΛΔ Κονγκό"],
["Μπελάρι", "Ινδία"],
["Σαν Χουάν", "Αργεντινή"],
["Μπουντά", "Καμερούν"],
["Αλ Ράκα", "Συρία"],
["Μπερμπέρα", "Σομαλία"],
["Γκαογιού", "Κίνα"],
["Πορτ Οφ Σπέιν", "Τρινιντάντ και Τομπάγκο"],
["Σεϊκουπούρα", "Πακιστάν"],
["Ναμανγκάν", "Ουζμπεκιστάν"],
["Χάμχουνγκ", "Βόρεια Κορέα"],
["Γκονγκί", "Κίνα"],
["Πουέρτο Βαγιάρτα", "Μεξικό"],
["Μπαλασίκα", "Ρωσία"],
["Ζάιντερ", "Νίγηρας"],
["Βαν", "Τουρκία"],
["Χεγιουέν", "Κίνα"],
["Βίλνιους", "Λιθουανία"],
["Λαΐσι", "Κίνα"],
["Ραζάν", "Ρωσία"],
["Σάντα Μάρτα", "Κολομβία"],
["Φρέσνο", "Ηνωμένες Πολιτείες"],
["Σιζουισάν", "Κίνα"],
["Πητερμάριτζμπουργκ", "Νότια Αφρική"],
["Τσουξιόνγκ", "Κίνα"],
["Τσανγκέ", "Κίνα"],
["Σινγκίνγ", "Κίνα"],
["Ανόβερο", "Γερμανία"],
["Σανγκιού", "Κίνα"],
["Σουρακάρτα", "Ινδονησία"],
["Καμπίντα", "ΛΔ Κονγκό"],
["Ναμπερέζνι Τσέλνι", "Ρωσία"],
["Αστραχάν", "Ρωσία"],
["Κουαούτλα", "Μεξικό"],
["Γκρενόμπλ", "Γαλλία"],
["Ατλάντα", "Ηνωμένες Πολιτείες"],
["Νακόν Πατόμ", "Ταϊλάνδη"],
["Κακινάδα", "Ινδία"],
["Καλάσιν", "Ταϊλάνδη"],
["Σακραμέντο", "Ηνωμένες Πολιτείες"],
["Πόρτο Βέλιο", "Βραζιλία"],
["Αλ Μαχαλά Αλ Κούμπρα", "Αίγυπτος"],
["Νταβάνγκερε", "Ινδία"],
["Τσιαντζιάνγκ", "Κίνα"],
["Βάλε Ντο Άκο", "Βραζιλία"],
["Μουζαφαρπούρ", "Ινδία"],
["Ζιγιάνγκ", "Κίνα"],
["Ματαράμ", "Ινδονησία"],
["Αρ Ρουσάιφα", "Ιορδανία"],
["Κανταχάρ", "Αφγανιστάν"],
["Τσανγκί", "Κίνα"],
["Σονγκιουάν", "Κίνα"],
["Πόζναν", "Πολωνία"],
["Κουαντάν", "Μαλαισία"],
["Εσλαμσάχρ", "Ιράν"],
["Ντούισμπουργκ", "Γερμανία"],
["Γκουανγκ Αν", "Κίνα"],
["Πένζα", "Ρωσία"],
["Τζιντζιάνγκ", "Κίνα"],
["Ουτσουνομίγια", "Ιαπωνία"],
["Μπεκουσαράι", "Ινδία"],
["Αρούσα", "Τανζανία"],
["Κίροφ", "Ρωσία"],
["Μπάρισαλ", "Μπαγκλαντές"],
["Άντο Εκίτι", "Νιγηρία"],
["Κόν Καέν", "Ταϊλάνδη"],
["Πούρνια", "Ινδία"],
["Τάντα", "Αίγυπτος"],
["Λονδίνο Καναδά", "Καναδάς"],
["Τζιανιάνγκ", "Κίνα"],
["Μπόρνμουθ", "Ηνωμένο Βασίλειο"],
["Κισμάγιο", "Σομαλία"],
["Σουανγκγιασάν", "Κίνα"],
["Νυρεμβέργη", "Γερμανία"],
["Μαλάτεια", "Τουρκία"],
["Τσεμποξάρι", "Ρωσία"],
["Τίρανα", "Αλβανία"],
["Κολγουέζι", "ΛΔ Κονγκό"],
["Νανπίνγκ", "Κίνα"],
["Ελ Ομπέιντ", "Σουδάν"],
["Τσινγκμέν", "Κίνα"],
["Σουράτ Τανί", "Ταϊλάνδη"],
["Μούρθια", "Ισπανία"],
["Ουμπόν Ρατσατάνι", "Ταϊλάνδη"],
["Ματσουγιάμα", "Ιαπωνία"],
["Γιονγκτσένγκ", "Κίνα"],
["Καραγάντα", "Καζακστάν"],
["Ζονγκσιάνγκ", "Κίνα"],
["Κάνσας Σίτι", "Ηνωμένες Πολιτείες"],
["Κατσίνα", "Νιγηρία"],
["Λίπεκ", "Ρωσία"],
["Πορτ Σουδάν", "Σουδάν"],
["Μακαπά", "Βραζιλία"],
["Τσαοχού", "Κίνα"],
["Λα Σερένα", "Χιλή"],
["Ζουάνγκε", "Κίνα"],
["Λατούρ", "Ινδία"],
["Λανς", "Γαλλία"],
["Συαντσένγκ", "Κίνα"]
]
