[
["Κίνα", "9,388,211"],
["Ινδία", "2,973,190"],
["Ηνωμένες Πολιτείες", "9,147,420"],
["Ινδονησία", "1,811,570"],
["Πακιστάν", "770,88"],
["Βραζιλία", "8,358,140"],
["Νιγηρία", "910,77"],
["Μπαγκλαντές", "130,17"],
["Ρωσία", "16,376,870"],
["Μεξικό", "1,943,950"],
["Ιαπωνία", "364,555"],
["Αιθιοπία", "1,000,000"],
["Φιλιππίνες", "298,17"],
["Αίγυπτος", "995,45"],
["Βιετνάμ", "310,07"],
["ΛΔ Κονγκό", "2,267,050"],
["Τουρκία", "769,63"],
["Ιράν", "1,628,550"],
["Γερμανία", "348,56"],
["Ταϊλάνδη", "510,89"],
["Ηνωμένο Βασίλειο", "241,93"],
["Γαλλία", "547,557"],
["Ιταλία", "294,14"],
["Τανζανία", "885,8"],
["Νότια Αφρική", "1,213,090"],
["Μιανμάρ", "653,29"],
["Κένυα", "569,14"],
["Νότια Κορέα", "97,23"],
["Κολομβία", "1,109,500"],
["Ισπανία", "498,8"],
["Ουγκάντα", "199,81"],
["Αργεντινή", "2,736,690"],
["Αλγερία", "2,381,740"],
["Σουδάν", "1,765,048"],
["Ουκρανία", "579,32"],
["Ιράκ", "434,32"],
["Αφγανιστάν", "652,86"],
["Πολωνία", "306,23"],
["Καναδάς", "9,093,510"],
["Μαρόκο", "446,3"],
["Σαουδική Αραβία", "2,149,690"],
["Ουζμπεκιστάν", "425,4"],
["Περού", "1,280,000"],
["Αγκόλα", "1,246,700"],
["Μαλαισία", "328,55"],
["Μοζαμβίκη", "786,38"],
["Γκάνα", "227,54"],
["Υεμένη", "527,97"],
["Νεπάλ", "143,35"],
["Βενεζουέλα", "882,05"],
["Μαδαγασκάρη", "581,795"],
["Καμερούν", "472,71"],
["Ακτή Ελεφαντοστού", "318"],
["Βόρεια Κορέα", "120,41"],
["Αυστραλία", "7,682,300"],
["Νίγηρας", "1,266,700"],
["Ταϊβάν", "35,41"],
["Σρι Λάνκα", "62,71"],
["Μπουρκίνα Φάσο", "273,6"],
["Μάλι", "1,220,190"],
["Ρουμανία", "230,17"],
["Μαλάουι", "94,28"],
["Χιλή", "743,532"],
["Καζακστάν", "2,699,700"],
["Ζάμπια", "743,39"],
["Γουατεμάλα", "107,16"],
["Εκουαδόρ", "248,36"],
["Συρία", "183,63"],
["Ολλανδία", "33,72"],
["Σενεγάλη", "192,53"],
["Καμπότζη", "176,52"],
["Τσαντ", "1,259,200"],
["Σομαλία", "627,34"],
["Ζιμπάμπουε", "386,85"],
["Γουινέα", "245,72"],
["Ρουάντα", "24,67"],
["Μπενίν", "112,76"],
["Μπουρούντι", "25,68"],
["Τυνησία", "155,36"],
["Βολιβία", "1,083,300"],
["Βέλγιο", "30,28"],
["Αϊτή", "27,56"],
["Κούβα", "106,44"],
["Νότιο Σουδάν", "610,952"],
["Δομινικανή Δημοκρατία", "48,32"],
["Τσεχική Δημοκρατία (Τσεχία)", "77,24"],
["Ελλάδα", "128,9"],
["Ιορδανία", "88,78"],
["Πορτογαλία", "91,59"],
["Αζερμπαϊτζάν", "82,658"],
["Σουηδία", "410,34"],
["Ονδούρα", "111,89"],
["Ηνωμένα Αραβικά Εμιράτα", "83,6"],
["Ουγγαρία", "90,53"],
["Τατζικιστάν", "139,96"],
["Λευκορωσία", "202,91"],
["Αυστρία", "82,409"],
["Παπούα Νέα Γουινέα", "452,86"],
["Σερβία", "87,46"],
["Ισραήλ", "21,64"],
["Ελβετία", "39,516"],
["Τόγκο", "54,39"],
["Σιέρα Λεόνε", "72,18"],
["Χονγκ Κονγκ", "1,05"],
["Λάος", "230,8"],
["Παραγουάη", "397,3"],
["Βουλγαρία", "108,56"],
["Λιβύη", "1,759,540"],
["Λίβανος", "10,23"],
["Νικαράγουα", "120,34"],
["Κιργιστάν", "191,8"],
["Ελ Σαλβαδόρ", "20,72"],
["Τουρκμενιστάν", "469,93"],
["Σιγκαπούρη", "700"],
["Δανία", "42,43"],
["Φινλανδία", "303,89"],
["Δημοκρατία του Κονγκό", "341,5"],
["Σλοβακία", "48,088"],
["Νορβηγία", "365,268"],
["Ομάν", "309,5"],
["Παλαιστίνη", "6,02"],
["Κόστα Ρίκα", "51,06"],
["Λιβερία", "96,32"],
["Ιρλανδία", "68,89"],
["Κεντροαφρικανική Δημοκρατία", "622,98"],
["Νέα Ζηλανδία", "263,31"],
["Μαυριτανία", "1,030,700"],
["Παναμάς", "74,34"],
["Κουβέιτ", "17,82"],
["Κροατία", "55,96"],
["Μολδαβία", "32,85"],
["Γεωργία", "69,49"],
["Ερυθραία", "101"],
["Ουρουγουάη", "175,02"],
["Βοσνία-Ερζεγοβίνη", "51"],
["Μογγολία", "1,553,560"],
["Αρμενία", "28,47"],
["Τζαμάικα", "10,83"],
["Κατάρ", "11,61"],
["Αλβανία", "27,4"],
["Πουέρτο Ρίκο", "8,87"],
["Λιθουανία", "62,674"],
["Ναμίμπια", "823,29"],
["Γκάμπια", "10,12"],
["Μποτσουάνα", "566,73"],
["Γκαμπόν", "257,67"],
["Λεσότο", "30,36"],
["Βόρεια Μακεδονία", "25,22"],
["Σλοβενία", "20,14"],
["Γουινέα-Μπισσάου", "28,12"],
["Λετονία", "62,2"],
["Μπαχρέιν", "760"],
["Ισημερινή Γουινέα", "28,05"],
["Τρινιντάντ και Τομπάγκο", "5,13"],
["Εσθονία", "42,39"],
["Ανατολικό Τιμόρ", "14,87"],
["Μαυρίκιος", "2,03"],
["Κύπρος", "9,24"],
["Εσουατίνι", "17,2"],
["Τζιμπουτί", "23,18"],
["Φίτζι", "18,27"],
["Ρεϋνιόν", "2,5"],
["Κομόρες", "1,861"],
["Γουιάνα", "196,85"],
["Μπουτάν", "38,117"],
["Νήσοι Σολομώντα", "27,99"],
["Μακάου", "30"],
["Μαυροβούνιο", "13,45"],
["Λουξεμβούργο", "2,59"],
["Σουρινάμ", "156"],
["Πράσινο Ακρωτήριο", "4,03"],
["Μικρονησία", "700"],
["Μαλδίβες", "300"],
["Μάλτα", "320"],
["Μπρουνέι", "5,27"],
["Γουαδελούπη", "1,69"],
["Μπελίζ", "22,81"],
["Μπαχάμες", "10,01"],
["Μαρτινίκα", "1,06"],
["Ισλανδία", "100,25"],
["Βανουάτου", "12,19"],
["Μπαρμπάντος", "430"],
["Νέα Καληδονία", "18,28"],
["Μαγιότ", "375"],
["Σάο Τομέ και Πρίνσιπε", "960"],
["Σαμόα", "2,83"],
["Αγία Λουκία", "610"],
["Γκουάμ", "540"],
["Κουρασάο", "444"],
["Κιριμπάτι", "810"],
["Γρενάδα", "340"],
["Άγιος Βικέντιος και Γρεναδίνες", "390"],
["Αρούμπα", "180"],
["Τόνγκα", "720"],
["Αμερικανικές Παρθένοι Νήσοι", "350"],
["Σεϋχέλλες", "460"],
["Αντίγκουα και Μπαρμπούντα", "440"],
["Ανδόρρα", "470"],
["Δομινίκα", "750"],
["Νήσοι Κέιμαν", "240"],
["Βερμούδες", "50"],
["Νήσοι Μάρσαλ", "180"],
["Βόρειες Μαριάνες", "460"],
["Γροιλανδία", "410,45"],
["Αμερικανική Σαμόα", "200"],
["Άγιος Χριστόφορος και Νέβις", "260"],
["Νήσοι Φερόες", "1,396"],
["Αγιος Μαρτίνος", "34"],
["Μονακό", "1"],
["Τερκς και Κάικος", "950"],
["Λιχτενστάιν", "160"],
["Άγιος Μαρίνος", "60"],
["Γιβραλτάρ", "10"],
["Βρετανικές Παρθένοι Νήσοι", "150"],
["Παλάου", "460"],
["Νήσοι Κουκ", "240"],
["Ανγκουίλα", "90"],
["Τουβαλού", "30"],
["Ουαλίς και Φουτουνά", "140"],
["Ναούρου", "20"],
["Αγία Ελένη", "390"],
["Άγιος Πιερ & Μικελόν", "230"],
["Μοντσερράτ", "100"],
["Νήσοι Φόκλαντ", "12,17"],
["Τοκελάου", "10"],
["Αγία Έδρα", "0"]
]
