[
[" Αφγανιστάν ", " Αφγάνι "],
[" Αλβανία ", " Λεκ "],
[" Αλγερία ", " Δηνάριο Αλγερίας "],
[" Ανδόρα ", " Ευρώ "],
[" Ανγκόλα ", " Κουάνζα "],
["Αντίγκουα και Μπαρμπούντα", "Δολάριο Ανατολικής Καραϊβικής"],
["Αργεντινή", " Πέσο Αργεντινής"],
[" Αρμενία ", " Ντραμ "],
["Αυστραλία", " Δολάριο Αυστραλίας"],
["Αυστρία", " Ευρώ"],
["Αζερμπαϊτζάν", "Μανάτ του Αζερμπαϊτζάν"],
[" Μπαχάμες ", "Δολάριο Μπαχαμών"],
[" Μπαχρέιν ", "Δηνάριο Μπαχρέιν"],
["Μπαγκλαντές", "Τάκα του Μπαγκλαντές"],
["Μπαρμπάντος", " Δολάριο Μπαρμπάντος"],
["Λευκορωσία", "Λευκορωσικό ρούβλι"],
["Βέλγιο", " Ευρώ"],
["Μπελίζ", " Δολάριο Μπελίζ"],
["Μπενίν", "Φράγκο CFA Δυτικής Αφρικής"],
["Μπουτάν", "Νγκούλτρουμ"],
[" Βολιβία", "Μπολιβιάνο"],
["Βοσνία-Ερζεγοβίνη", "Μετατρέψιμο μάρκο Βοσνίας-Ερζεγοβίνης"],
["Μποτσουάνα", " Πούλα "],
[" Βραζιλία", "Βραζιλιάνικο ρεάλ"],
[" Μπρουνέι", " Δολάριο Μπρουνέι"],
[" Βουλγαρία", " Λεβ "],
["Μπουρκίνα Φάσο", " Φράγκο CFA Δυτικής Αφρικής"],
[" Μπουρούντι ", "Φράγκο Μπουρούντι"],
[" Καμπότζη", "Ριέλ Καμπότζης"],
["Καμερούν", "Φράγκο CFA Κεντρικής Αφρικής"],
["Καναδάς", "Καναδικό δολάριο"],
["Πράσινο Ακρωτήριο", "Εσκούδο του Πράσινου Ακρωτηρίου"],
["Κεντροαφρικανική Δημοκρατία", "Μπιτκόιν, Φράγκο CFA Κεντρικής Αφρικής"],
["Τσαντ", "Φράγκο CFA Κεντρικής Αφρικής"],
[" Χιλή ", " Χιλιανό πέσο "],
[" Κίνα ", " Κινεζικό γουάν "],
["Κολομβία", "Κολομβιανό πέσο"],
["Κομόρες", "Φράγκο Κομορών"],
[" Κόστα Ρίκα ", " Κολόν της Κόστα Ρίκα "],
[" Κροατία ", " Κούνα Κροατίας "],
["Κούβα", "Πέσο Κούβας"],
["Κύπρος", " Ευρώ"],
["Τσεχική Δημοκρατία", "Τσεχική κορώνα"],
["Λαϊκή Δημοκρατία του Κονγκό", "Φράγκο του Κονγκό"],
["Δανία", "Κορόνα Δανίας"],
["Τζιμπουτί", "Φράγκο του Τζιμπουτί"],
["Ντομίνικα", "Δολάριο Ανατολικής Καραϊβικής"],
["Δομινικανή Δημοκρατία", "Δομινικανό πέσο"],
["Ανατολικό Τιμόρ", "Δολάριο ΗΠΑ"],
["Εκουαδόρ", "Δολάριο ΗΠΑ"],
["Αίγυπτος", "Αιγυπτιακή λίρα"],
["Ελ Σαλβαδόρ", " Δολάριο ΗΠΑ"],
[" Ισημερινή Γουινέα ", " Φράγκο CFA Κεντρικής Αφρικής "],
[" Ερυθραία ", " Νάκφα"],
["Εσθονία", " Ευρώ"],
[" Εσουατίνι ", "Ραντ, Λιλανγκένι"],
[" Αιθιοπία ", "Αιθιοπικό μπιρ"],
["Φίτζι", " Δολάριο Φίτζι"],
["Φινλανδία", " Ευρώ"],
["Γαλλία", "Ευρώ"],
["Γκαμπόν", "Κεντρικό αφρικανικό φράγκο CFA"],
["Γκάμπια", "Νταλάζι"],
[" Γεωργία", " Γεωργιανό λάρι"],
["Γερμανία", " Ευρώ"],
[" Γκάνα ", "Σέντι της Γκάνας"],
["Ελλάδα", " Ευρώ"],
["Γρενάδα", "Δολάριο Ανατολικής Καραϊβικής"],
["Γουατεμάλα", "Κετσάλ"],
["Γουινέα", "Φράγκο Γουινέας"],
["Γουινέα-Μπισσάου", " Φράγκο CFA Δυτικής Αφρικής"],
["Γουιάνα", " Δολάριο Γουιάνας"],
["Αϊτή", "Γκουρντ"],
[" Ονδούρα ", "Λεμπίρα"],
["Ουγγαρία", "Ουγγρικό φιορίνι"],
[" Ισλανδία ", "Κορόνα Ισλανδίας"],
["Ινδία", "Ινδική ρουπία"],
[" Ινδονησία", "Ινδονησιακή ρουπία"],
[" Ιράν", " Ιρανικό ριάλ"],
[" Ιράκ ", " Ιρακινό δηνάριο "],
[" Ιρλανδία ", " Ευρώ "],
["Ισραήλ", "Νέο ισραηλινό σεκέλ"],
["Ιταλία", " Ευρώ"],
["Ακτή Ελεφαντοστού", "Φράγκο CFA Δυτικής Αφρικής"],
[" Τζαμάικα ", " Τζαμαϊκανό δολάριο "],
["Ιαπωνία", " Ιαπωνικό γεν"],
["Ιορδανία", "Ιορδανικό δηνάριο"],
["Καζακστάν", "Τένγκε"],
[" Κένυα", "Σελίνι της Κένυας"],
["Κιριμπάτι", " Δολάριο Αυστραλίας"],
[" Βόρεια Κορέα ", "Βόρειο κορεατικό γουόν"],
[" Νότια Κορέα", "Νότιο κορεατικό γουόν"],
["Κοσσυφοπέδιο", " Ευρώ"],
["Κουβέιτ", "Δηνάριο Κουβέιτ"],
[" Κιργιστάν ", "Σομ Κιργιζίας"],
["Λάος", "Κιπ"],
[" Λετονία ", " Ευρώ "],
["Λίβανος", "Λιβανέζικη λίρα"],
[" Λεσότο", "Λότι, Ραντ"],
["Λιβερία", " Δολάριο Λιβερίας"],
["Λιβύη", "Λιβυκό δηνάριο"],
["Λιχτενστάιν", "Ελβετικό φράγκο"],
["Λιθουανία", " Ευρώ"],
["Λουξεμβούργο", " Ευρώ"],
["Μαδαγασκάρη", "Αριάρι"],
[" Μαλάουι", "Κουάτσα του Μαλάουι"],
[" Μαλαισία", "Μαλαισιανό ρινγκίτ"],
[" Μαλδίβες", "Δολάριο ΗΠΑ, Ρουφίγια"],
["Μάλι", " Φράγκο CFA Δυτικής Αφρικής"],
["Μάλτα", " Ευρώ"],
["Νήσοι Μάρσαλ", " Δολάριο Ηνωμένων Πολιτειών"],
["Μαυριτανία", "Ουγκίγια"],
["Μαυρίκιος", "Ρουπία Μαυρικίου"],
["Μεξικό", "Μεξικάνικο πέσο"],
["Μικρονησία", " Δολάριο ΗΠΑ"],
["Μολδαβία", "Λέου Μολδαβίας"],
["Μονακό", " Ευρώ"],
[" Μογγολία", "Τουγκρίκ"],
["Μαυροβούνιο", " Ευρώ"],
["Μαρόκο", "Ντιρχάμ Μαρόκου"],
["Μοζαμβίκη", "Μετικάλ"],
[" Μιανμάρ", "Κυάτ της Μιανμάρ"],
["Ναμίμπια", " Δολάριο Ναμίμπιας, Ραντ"],
["Ναουρού", " Δολάριο Αυστραλίας"],
["Νεπάλ", "Ρουπία του Νεπάλ"],
["Ολλανδία", "Ευρώ"],
["Νέα Ζηλανδία", "Δολάριο Νέας Ζηλανδίας"],
["Νικαράγουα", "Κόρδοβα Νικαράγουας"],
["Νίγηρας", " Φράγκο CFA Δυτικής Αφρικής"],
["Νιγηρία", "Νάιρα Νιγηρίας"],
["Βόρεια Μακεδονία", "Μακεδονικό δηνάριο"],
["Νορβηγία", "Νορβηγική κορώνα"],
[" Ομάν ", "Ομανικό ριάλ"],
["Πακιστάν", "Πακιστανική ρουπία"],
["Παλάου", " Δολάριο Ηνωμένων Πολιτειών"],
["Παλαιστίνη", "Νέο ισραηλινό σεκέλ, Ιορδανικό δηνάριο, Λίρα "],
["Παναμάς", "Μπαλμπόα Παναμά"],
["Παπούα Νέα Γουινέα", "Κίνα Παπούα Νέας Γουινέας"],
[" Παραγουάη", "Γκουαρανί"],
[" Περού ", " Περουβιανό Σολ "],
["Φιλιππίνες", "Φιλιππινέζικο πέσο"],
[" Πολωνία", "Πολωνικό ζλότυ"],
[" Πορτογαλία", " Ευρώ"],
["Κατάρ", "Ριγιάλ του Κατάρ"],
["Δημοκρατία του Κονγκό", "Κεντρικό αφρικανικό φράγκο CFA"],
["Ρουμανία", "Λέου Ρουμανίας"],
["Ρωσία", "Ρωσικό ρούβλι"],
["Ρουάντα", "Φράγκο Ρουάντα"],
["Άγιος Χριστόφορος και Νέβις", " Δολάριο Ανατολικής Καραϊβικής"],
["Αγία Λουκία", " Δολάριο Ανατολικής Καραϊβικής"],
["Άγιος Βικέντιος και Γρεναδίνες", " Δολάριο Ανατολικής Καραϊβικής"],
[" Σαμόα ", " Τάλα Σαμόα "],
["Άγιος Μαρίνος", " Ευρώ"],
["Σάο Τομέ και Πρίνσιπε", "Ντόμπρα"],
["Σαουδική Αραβία", "Ριάλ Σαουδικής Αραβίας"],
["Σενεγάλη", "Φράγκο CFA Δυτικής Αφρικής"],
["Σερβία", "Σερβικό δηνάριο"],
[" Σεϋχέλλες ", " Ρουπία Σεϋχελλών "],
["Σιέρα Λεόνε", "Λεόνε της Σιέρα Λεόνε"],
["Σιγκαπούρη", "Δολάριο Σιγκαπούρης"],
["Σλοβακία", " Ευρώ"],
[" Σλοβενία", " Ευρώ"],
["Νήσοι Σολοµώντος", " ∆ολάριο Νήσων Σολοµώντος"],
[" Σομαλία ", "Σομαλικό σελίνι"],
["Νότια Αφρική", "Ραντ"],
["Νότιο Σουδάν", "Λίρα Νοτίου Σουδάν"],
["Ισπανία", " Ευρώ"],
["Σρι Λάνκα", "Ρουπία Σρι Λάνκα"],
["Σουδάν", "Σουδανική λίρα"],
["Σουρινάμ", " Δολάριο Σουρινάμ"],
["Σουηδία", "Σουηδική κορώνα"],
["Ελβετία", "Ελβετικό φράγκο"],
[" Συρία ", "Συριακή λίρα"],
["Ταϊβάν", "Νέο δολάριο Ταϊβάν"],
[" Τατζικιστάν", "Σομόνι"],
[" Τανζανία", "Τανζανικό σελίνι"],
[" Ταϊλάνδη", "Ταϊλανδικό μπατ"],
[" Τόγκο ", "Φράγκο CFA Δυτικής Αφρικής"],
[" Τόνγκα", "Παάνγκα"],
["Τρινιντάντ και Τομπάγκο", " Δολάριο Τρινιντάντ και Τομπάγκο"],
["Τυνησία", "Τυνησιακό δηνάριο"],
[" Τουρκία ", " Τούρκικη λίρα "],
["Τουρκμενιστάν", "Μανάτ του Τουρκμενιστάν"],
["Τουβαλού", "Δολάριο Αυστραλίας"],
[" Ουγκάντα ", "Ουγκαντέζικο σελίνι"],
["Ουκρανία", " Ουκρανική γρίβνα"],
["Ηνωμένα Αραβικά Εμιράτα", "Ντιρχάμ Ηνωμένων Αραβικών Εμιράτων"],
[" Ηνωμένο Βασίλειο", " Βρετανική λίρα"],
["Ηνωμένες Πολιτείες", " Δολάριο ΗΠΑ"],
["Ουρουγουάη", " Πέσο Ουρουγουάης"],
["Ουζμπεκιστάν", "Σομ του Ουζμπεκιστάν"],
[" Βανουάτου", "Βάτου"],
[" Πόλη του Βατικανού", " Ευρώ"],
["Βενεζουέλα", "Μπολίβαρ Βενεζουέλας"],
["Βιετνάμ", "Ντονγκ"],
[" Υεμένη", "Ριαλ Υεμένης"],
[" Ζάμπια", "Κουάτσα της Ζάμπιας"],
["Ζιμπάμπουε", "δολάριο ΗΠΑ"]
]
