[
["Κίνα", "Γενικός Γραμματέας Σι Τζινπίνγκ"],
["Ινδία", "Ραμ Ναθ Κοβίντ"],
["Ηνωμένες Πολιτείες", "Τζο Μπάιντεν"],
["Ινδονησία", "Τζόκο Ουιντόντο"],
["Πακιστάν", "Αρίφ Αλβί"],
["Βραζιλία", "Ζαΐρ Μπολσονάρου"],
["Νιγηρία", "Μουχαμάντου Μπουχάρι"],
["Μπαγκλαντές", "Αμπντούλ Χαμίντ"],
["Ρωσία", "Βλαντίμιρ Πούτιν"],
["Μεξικό", "Αντρές Μανουέλ Λόπες Ομπραδόρ"],
["Ιαπωνία", "Αυτοκράτορας Ναρουχίτο"],
["Αιθιοπία", "Σάλε Γουόρκ Ζέουντα"],
["Φιλιππίνες", "Ροντρίγκο Ντουτέρτε"],
["Αίγυπτος", "Αμπντέλ Φατάχ αλ Σίσι"],
["Βιετνάμ", "Νγκουγιέν Σουάν Φουκ"],
["ΛΔ Κονγκό", "Φέλιξ Τσισεκέντι"],
["Τουρκία", "Ρετζέπ Ταγίπ Ερντογάν"],
["Ιράν", "Υπέρτατος Ηγέτης - Αλί Χαμενεΐ Πρόεδρος - Εμπραχίμ Ραΐσι"],
["Γερμανία", "Φρανκ Βάλτερ Σταινμάιερ"],
["Ταιλάνδη", "Βασιλιάς Μάχα Βαγιραλονγκόρν"],
["Ηνωμένο Βασίλειο", "Ελισάβετ Β"],
["Γαλλία", "Εμανουέλ Μακρόν"],
["Ιταλία", "Σέρτζιο Ματαρέλα"],
["Τανζανία", "Σάμια Σουλούχου Χασάν"],
["Νότια Αφρική", "Σίριλ Ραμαφόζα"],
["Μιανμάρ", "Μίιντ Σουέ"],
["Κένυα", "Ουχούρου Κενυάτα"],
["Νότια Κορέα", "Μουν Τζε-ιν"],
["Κολομβία", "Ιβάν Ντούκε Μάρκες"],
["Ισπανία", "Βασιλιάς Φίλιππος ΣΤ"],
["Ουγκάντα", "Γιουέρι Μουσέβενι"],
["Αργεντινή", "Αλμπέρτο Φερνάντες"],
["Αλγερία", "Αμπντελματζίντ Τεμπούν"],
["Σουδάν", "Αμπντέλ Φατάχ Αλ Μπουρχάν"],
["Ουκρανία", "Βολοντίμιρ Ζελένσκι"],
["Ιράκ", "Μπαρχάμ Σαλίχ"],
["Αφγανιστάν", "Χαϊμπατουλάχ Αχουντζάντα"],
["Πολωνία", "Άντζεϊ Ντούντα"],
["Καναδάς", "Βασίλισσα Ελισάβετ Β Γενική Κυβερνήτρια-Μαίρη Σάιμον"],
["Μαρόκο", "Βασιλιάς Μοχάμετ ΣΤ"],
["Σαουδική Αραβία", "Βασιλιάς Σαλμάν μπιν Αμπντουλαζίζ αλ Σαούντ"],
["Ουζμπεκιστάν", "Σαβκάτ Μιρζιγιάγιεφ"],
["Περού", "Πέδρο Καστίγιο"],
["Αγκόλα", "Ζοάο Λουρένσο"],
["Μαλαισία", "Βασιλιάς Αμπντουλάχ του Παχάνγκ"],
["Μοζαμβίκη", "Φιλίπε Νιούζ"],
["Γκάνα", "Νάνα Ακούφο-Άντο"],
["Υεμένη", "Ρασάντ αλ Αλιμί"],
["Νεπάλ", "Μπίντια Ντεβί Μπαντάρι"],
["Βενεζουέλα", "Νίκολας Μαδούρο"],
["Μαδαγασκάρη", "Αντρί Ραζοελίνα"],
["Καμερούν", "Πολ Μπιγιά"],
["Ακτή Ελεφαντοστού", "Αλασάν Ουαταρά"],
["Βόρεια Κορέα", "Ανώτατος Ηγέτης - Κιμ Γιονγκ-ουν"],
["Αυστραλία", "Βασίλισσα-Ελισάβετ Β Γενικός Κυβερνήτης-Ντέιβιντ Χάρλεϊ"],
["Νίγηρας", "Μοχάμεντ Μπαζούμ"],
["Ταϊβάν", "Τσάι Ινγκ Γουέν"],
["Σρι Λάνκα", "Γκοταμπάγια Ραγιαπάκσε"],
["Μπουρκίνα Φάσο", "Πωλ-Ανρί Σανταογκό Νταμιμπά"],
["Μάλι", "Ασιμί Γκοϊτά"],
["Ρουμανία", "Κλάους Γιοχάνις"],
["Μαλάουι", "Λαζάρους Τσακουέρα"],
["Χιλή", "Γκάμπριελ Μπόριτς"],
["Καζακστάν", "Κασίμ-Τζομάρτ Τοκάγιεφ"],
["Ζάμπια", "Χακαΐντε Χιτσιλέμα"],
["Γουατεμάλα", "Αλεχάντρο Γιαματέι"],
["Εκουαδόρ", "Γκιγέρμο Λάσο"],
["Συρία", "Μπασάρ αλ Άσαντ"],
["Ολλανδία", "Βασιλιάς Γουλιέλμος-Αλέξανδρος"],
["Σενεγάλη", "Μακί Σαλ"],
["Καμπότζη", "Βασιλιάς Νοροντόμ Σιχαμόνι"],
["Τσαντ", "Μαχαμάτ Ντεμπί"],
["Σομαλία", "Μοχάμεντ Αμπντουλαχί Μοχάμεντ"],
["Ζιμπάμπουε", "Έμερσον Μανανγκάγκουα"],
["Γουινέα", "Μαμαντί Ντουμπουγιά"],
["Ρουάντα", "Πολ Καγκάμε"],
["Μπενίν", "Πατρίς Ταλόν"],
["Μπουρούντι", "Εβαρίτ Ενταγισιμιγιέ"],
["Τυνησία", "Καΐς Σαγιέντ"],
["Βολιβία", "Λουίς Άρσε"],
["Βέλγιο", "Βασιλιάς Φίλιππος"],
["Αϊτή", "Αριέλ Ανρί"],
["Κούβα", "Μιγκέλ Ντίας-Κανέλ"],
["Νότιο Σουδάν", "Σάλβα Κιίρ Μαγιαρντίτ"],
["Δομινικανή Δημοκρατία", "Λουίς Αμπιναδέρ"],
["Τσεχία", "Μίλος Ζέμαν"],
["Ελλάδα", "Κατερίνα Σακελλαροπούλου "],
["Ιορδανία", "Βασιλιάς Αμπντάλα Β"],
["Πορτογαλία", "Μαρτσέλο Ρεμπέλο ντε Σόουζα"],
["Αζερμπαϊτζάν", "Ιλχάμ Αλίγιεφ"],
["Σουηδία", "Βασιλιάς Κάρολος ΙΣΤ Γουσταύος"],
["Ονδούρα", "Σιομάρα Κάστρο"],
["Ηνωμένα Αραβικά Εμιράτα", "Χαλίφα μπιν Ζαγέντ αλ Ναχαγιάν"],
["Ουγγαρία", "Γιάνος Άντερ"],
["Τατζικιστάν", "Ιμομάλι Ραχμόν"],
["Λευκορωσία", "Αλεξάντερ Λουκασένκο"],
["Αυστρία", "Αλεξάντερ Φαν ντερ Μπέλεν"],
["Παπούα Νέα Γουινέα", "Βασίλισσα Ελισάβετ Β Γενική Κυβερνήτης-Μπομπ Νταντάε"],
["Σερβία", "Αλεξάνταρ Βούτσιτς"],
["Ισραήλ", "Ισαάκ Χέρτζογκ"],
["Ελβετία", "Ινιάτσιο Κασίς"],
["Τόγκο", "Φόρε Γκνασίνγκμπε"],
["Σιέρα Λεόνε", "Τζούλιους Μαάντα Μπίο"],
["Χονγκ Κονγκ", "Κυβερνήτρια Κάρι Λαμ"],
["Λάος", "Γενική Γραμματέας Θόνγκλουν Σισουλίθ"],
["Παραγουάη", "Μάριο Άμπντο Μπενίτες"],
["Βουλγαρία", "Ρούμεν Ράντεφ"],
["Λιβύη", "Μοχάμεντ αλ Μενφί"],
["Λίβανος", "Μισέλ Αούν"],
["Νικαράγουα", "Ντανιέλ Ορτέγκα"],
["Κιργιστάν", "Σαντίρ Τζαπάροφ"],
["Ελ Σαλβαδόρ", "Ναγίμπ Μπουκέλε"],
["Τουρκμενιστάν", "Σερντάρ Μπερντιμουχαμέντοφ"],
["Σιγκαπούρη", "Χαλιμά Γιακόμπ"],
["Δανία", "Βασίλισσα Μαργαρίτα Β"],
["Φινλανδία", "Σάουλι Νιινίστο"],
["Δημοκρατία του Κονγκό", "Ντενί Σασού Νγκουέσσο"],
["Σλοβακία", "Ζουζάνα Τσαπούτοβα"],
["Νορβηγία", "Βασιλιάς Χάραλντ Ε"],
["Ομάν", "Σουλτάνος Χαϊθάμ μπιν Ταρίκ"],
["Παλαιστίνη", "Μαχμούντ Αμπάς"],
["Κόστα Ρίκα", "Κάρλος Αλβαράδο"],
["Λιβερία", "Τζορτζ Γουεά"],
["Ιρλανδία", "Μάικλ Ντ. Χίγκινς"],
["Κεντροαφρικανική Δημοκρατία", "Φοστέν-Αρκάνζ Τουαντερά"],
["Νέα Ζηλανδία", "Βασίλισσα Ελισάβετ Β Κυβερνήτρια Σίντι Κίρο"],
["Μαυριτανία", "Μοχάμετ Ουλντ Γκαζουανί"],
["Παναμάς", "Λαουρεντίνο Κορτίσο"],
["Κουβέιτ", "Εμίρης Νάουαφ Αλ-Αχμάντ Αλ-Τζαμπρ Αλ-Σαμπάχ"],
["Κροατία", "Ζόραν Μιλάνοβιτς"],
["Μολδαβία", "Μάγια Σάντου"],
["Γεωργία", "Σαλομέ Ζουραμπισβίλι"],
["Ερυθραία", "Ισάιας Αφεγουέρκι"],
["Ουρουγουάη", "Λουίς Λακάγιε Πόου"],
["Βοσνία-Ερζεγοβίνη", "Βαλεντιν Ίνζκο"],
["Μογγολία", "Ουχναγκίν Χουρελσούχ"],
["Αρμενία", "Βαχάγκν Χατσατουριάν"],
["Τζαμάικα", "Βασίλισσα Ελισάβετ Β Κυβερνήτης-Πάτρικ Άλεν"],
["Κατάρ", "Εμίρης Ταμίμ μπιν Χαμάντ αλ Θανί"],
["Αλβανία", "Ιλίρ Μέτα"],
["Πουέρτο Ρίκο", "Πρόεδρος Τζο Μπάιντεν Κυβερνήτης-Πέδρο Πιερλουίσι"],
["Λιθουανία", "Γκιτάνας Ναουσέντα"],
["Ναμίμπια", "Χάγκε Γκέινγκομπ"],
["Γκάμπια", "Αντάμα Μπάροου"],
["Μποτσουάνα", "Μογκουέτσι Μασίσι"],
["Γκαμπόν", "Αλί Μπεν Μπόνγκο"],
["Λεσότο", "Βασιλιάς Λετσίε Γ"],
["Βόρεια Μακεδονία", "Στέβο Πενταρόφσκι"],
["Σλοβενία", "Μπόρουτ Πάχορ"],
["Γουινέα-Μπισσάου", "Ουμάρου Σισόκο Εμπαλό"],
["Λετονία", "Έγκιλς Λέβιτς"],
["Μπαχρέιν", "Βασιλιάς Χαμάντ μπιν Ίσα Αλ Χαλίφα"],
["Ισημερινή Γουινέα", "Τεόντορο Ομπιάνγκ"],
["Τρινιντάντ και Τομπάγκο", "Πόλα-Μέι Γουίκς"],
["Εσθονία", "Άλαρ Κάρις"],
["Ανατολικό Τιμόρ", "Φρανσίσκο Γκουτέρες"],
["Μαυρίκιος", "Πριθβιράισινγκ Ρούπουν"],
["Κύπρος", "Νίκος Αναστασιάδης"],
["Εσουατίνι", "Βασιλιάς Μσουάτι Γ"],
["Τζιμπουτί", "Ισμαήλ Ομάρ Γκουέλεχ"],
["Φίτζι", "Ουίλιαμ Κατονίβερε"],
["Ρεϋνιόν", "Ιγκέτ Μπεγιό"],
["Κομόρες", "Αζαλί Ασουμανί"],
["Γουιάνα", "Ιρφάαν Αλί"],
["Μπουτάν", "Βασιλιάς Γίγκμε Κεσάρ Ναμγκιάλ Βανγκτσούκ"],
["Νήσοι Σολομώντα", "Βασίλισσα Ελισάβετ Β -Γενική Κυβερνήτρια-Ντέιβιντ Βουνάγκι"],
["Μακάου", "Κυβερνήτης Χο Ιάτ Σεν"],
["Μαυροβούνιο", "Μίλο Τζουκάνοβιτς"],
["Λουξεμβούργο", "Μέγας Δούκας Ερρίκος"],
["Σουρινάμ", "Τσαν Σαντόχι"],
["Πράσινο Ακρωτήριο", "Ζοζέ Μαρία Νέβες"],
["Μικρονησία", "Ντέιβιντ  Πανουέλο"],
["Μαλδίβες", "Ιμπραΐμ Μοχάμετ Σολίχ"],
["Μάλτα", "Τζορτζ Βέλλα"],
["Μπρουνέι", "Σουλτάνος Χασανάλ Μπολκιάχ"],
["Γουαδελούπη", "Αρί Σαλίς"],
["Μπελίζ", "Βασίλισσα Ελισάβετ Β Γενική Κυβερνήτρια-Φρόιλα Τζαλάμ"],
["Μπαχάμες", "Βασίλισσα Ελισάβετ Β Κυβερνήτης-Κορνέλιους Σμιθ"],
["Μαρτινίκα", "Σερζ Λετσιμί"],
["Ισλανδία", "Γκούντνι Θορλάσιους Γιοχάνεσον"],
["Βανουάτου", "Τάλις Ομπέντ Μόουζες"],
["Μπαρμπάντος", "Σάντρα Μέισον"],
["Νέα Καληδονία", "Πρόεδρος Εμμανουήλ Μακρόν Κυβερνήτης-Λουί Μαπού"],
["Μαγιότ", "Πρόεδρος Εμμανουήλ Μακρόν"],
["Σάο Τομέ και Πρίνσιπε", "Κάρλος Βίλα Νόβα"],
["Σαμόα", "Βαλετόα Σουαλαούβι Β"],
["Αγία Λουκία", "Βασίλισσα Ελισάβετ Β Γενική Κυβερνήτρια-Σίριλ Τσαρλς"],
["Γκουάμ", "Πρόεδρος Τζο Μπάιντεν Κυβερνήτρια-Λου Λέον Γκερέρο"],
["Κουρασάο", "Βασίλιας Γουλιέλμος-Αλέξανδρος Κυβερνήτης-Λουσίλ Τζορτζ-Γουτ"],
["Κιριμπάτι", "Τανέτι Μαμάου"],
["Γρενάδα", "Βασίλισσα Ελισάβετ Β Γενική Κυβερνήτρια-Σεσίλ Λα Γκρενάντ"],
["Άγιος Βικέντιος και Γρεναδίνες", "Βασίλισσα Ελισάβετ Β Γενική Κυβερνήτρια-Σούζαν Ντούγκαν"],
["Αρούμπα", "Βασίλιας Γουλιέλμος-Αλέξανδρος Κυβερνήτης-Αλφόνσο Μπούκχαουτ"],
["Τόνγκα", "Βασιλιάς Τουπόου ΣΤ"],
["Αμερικανικές Παρθένοι Νήσοι", "Πρόεδρος Τζο Μπάιντεν Κυβερνήτης-Άλμπερτ Μπράιαν"],
["Σεϋχέλλες", "Γουάβελ Ραμκαλάουαν"],
["Αντίγκουα και Μπαρμπούντα", "Βασίλισσα Ελισάβετ Β Κυβερνήτης-Ρόντνεϊ Ουίλιαμς"],
["Ανδόρρα", "Πρόεδρος Εμμανουήλ Μακρόν "],
["Δομινίκα", "Τσαρλς Σάβαριν"],
["Νήσοι Κέιμαν", "Βασίλισσα Ελισάβετ Β Κυβερνήτης-Μάρτιν Ρόπερ"],
["Βερμούδες", "Βασίλισσα Ελισάβετ Β Γενική Κυβερνήτρια-Ρένα Λάλτζι"],
["Νήσοι Μάρσαλ", "Ντέιβιντ Καμπούα"],
["Βόρειες Μαριάνες", "Πρόεδρος Τζο Μπάιντεν Κυβερνήτης-Ραλφ Τόρες"],
["Γροιλανδία", "Βασίλισσα Μαργαρίτα Β Γενική Κυβερνήτρια-Μικαέλα Ένγκελλ"],
["Αμερικανική Σαμόα", "Πρόεδρος Τζο Μπάιντεν Κυβερνήτης-Πελέτι Μάουγκα"],
[" Άγιος Χριστόφορος και Νέβις", "Βασίλισσα Ελισάβετ Β Κυβερνήτης-Τάπλεϊ Σίτον"],
["Νήσοι Φερόες", "Βασίλισσα Μαργαρίτα Β Κυβερνήτης Λένε Μόγιελ Γιόχανσεν"],
["Άγιος Μαρτίνος", "Βασίλιας Γουλιέλμος-Αλέξανδρος Κυβερνήτης-Γιουτζίν Χόλιντεϊ"],
["Μονακό", "Πρίγκηπας Αλβέρτος Β"],
["Τερκς και Κάικος", "Βασίλισσα Ελισάβετ Β Κυβερνήτης-Νάιτζελ Ντέικιν"],
["Λιχτενστάιν", "Πρίγκηπας Χανς Άνταμ Β"],
["Άγιος Μαρίνος", "Όσκαρ Μίνα,Πάολο Ροντέλι"],
["Γιβραλτάρ", "Βασίλισσα Ελισάβετ Β Κυβερνήτης-Ντέιβιντ Στιλ"],
["Βρετανικές Παρθένοι Νήσοι", "Βασίλισσα Ελισάβετ Β Κυβερνήτης-Τζον Ράνκιν"],
["Παλάου", "Σουρέιντζελ Γουίπς"],
["Νήσοι Κουκ", "Βασίλισσα Ελισάβετ Β Κυβερνήτης-Τομ Μάρστερς"],
["Ανγκουίλα", "Βασίλισσα Ελισάβετ Β Κυβερνήτης-Ντιλίνι Ντάνιελ-Σεβαράτναμ"],
["Τουβαλού", "Βασίλισσα Ελισάβετ Β Κυβερνήτης-Τοφίγκα Βαεβάλου Φαλάνι"],
["Ουαλίς και Φουτουνά", "Πρόεδρος Εμμανουήλ Μακρόν Κυβερνήτης-Ερβέ Ζονατά"],
["Ναούρου", "Λάιονελ Αϊνγκιμέα"],
["Αγία Ελένη", "Βασίλισσα Ελισάβετ Β Κυβερνήτης-Φίλιπ Ράσμπρουκ"],
["Άγιος Πιερ & Μικελόν", "Πρόεδρος Εμμανουήλ Μακρόν Κυβερνήτης-Μπερνάρ Μπριάν"],
["Μοντσερράτ", "Βασίλισσα Ελισάβετ Β Γενική Κυβερνήτρια-Σάρα Τούκερ"],
["Νήσοι Φόκλαντ", "Βασίλισσα Ελισάβετ Β Κυβερνήτης-Νάιτζελ Φίλιπς"],
["Τοκελάου", "Βασίλισσα Ελισάβετ Β Κυβερνήτης-Ρος Άρντερν"],
["Αγία Έδρα", "Πάπας Φραγκίσκος"]
]
