[
["Αλγερία", "Αφρική"],
["Αγκόλα", "Αφρική"],
[" Μπενίν ", " Αφρική "],
["Μποτσουάνα", "Αφρική"],
[" Μπουρκίνα Φάσο ", " Αφρική "],
[" Μπουρούντι ", " Αφρική "],
[" Πράσινο Ακρωτήριο", "Αφρική"],
["Καμερούν", "Αφρική"],
["Κεντροαφρικανική Δημοκρατία ", " Αφρική "],
["Τσαντ", "Αφρική"],
["Κομόρες", "Αφρική"],
["Δημοκρατία του Κονγκό", "Αφρική"],
["Λαϊκή Δημοκρατία του Κονγκό", "Αφρική"],
[" Τζιμπουτί ", " Αφρική "],
["Αίγυπτος", "Αφρική"],
["Ισημερινή Γουινέα", "Αφρική"],
["Ερυθραία", "Αφρική"],
[" Εσουατίνι (πρώην Σουαζιλάνδη)", "Αφρική"],
["Αιθιοπία", "Αφρική"],
["Γκαμπόν", "Αφρική"],
["Γκάμπια", "Αφρική"],
["Γκάνα", "Αφρική"],
[" Γουινέα ", " Αφρική "],
[" Γουινέα-Μπισάου ", " Αφρική "],
["Ακτή Ελεφαντοστού", "Αφρική"],
[" Κένυα ", " Αφρική "],
[" Λεσότο ", " Αφρική "],
["Λιβερία", "Αφρική"],
["Λιβύη", "Αφρική"],
["Μαδαγασκάρη", "Αφρική"],
[" Μαλάουι ", " Αφρική "],
[" Μάλι ", " Αφρική "],
["Μαυριτανία", "Αφρική"],
[" Μαυρίκιος ", " Αφρική "],
["Μαρόκο", "Αφρική"],
["Μοζαμβίκη", "Αφρική"],
["Ναμίμπια", "Αφρική"],
["Νίγηρας", " Αφρική"],
["Νιγηρία", "Αφρική"],
["Ρουάντα", "Αφρική"],
["Σάο Τομέ και Πρίνσιπε", "Αφρική"],
["Σενεγάλη", "Αφρική"],
["Σεϋχέλλες", "Αφρική"],
["Σιέρα Λεόνε", "Αφρική"],
["Σομαλία", "Αφρική"],
["Νότια Αφρική", "Αφρική"],
["Νότιο Σουδάν", "Αφρική"],
[" Σουδάν ", " Αφρική "],
["Τανζανία", "Αφρική"],
[" Τόγκο ", " Αφρική "],
["Τυνησία", "Αφρική"],
[" Ουγκάντα ", " Αφρική "],
["Ζάμπια", "Αφρική"],
["Ζιμπάμπουε", "Αφρική"],
["Αφγανιστάν", "Ασία"],
["Αρμενία", "Ασία"],
["Αζερμπαϊτζάν", "Ασία"],
["Μπαχρέιν", "Ασία"],
["Μπαγκλαντές", "Ασία"],
["Μπουτάν", "Ασία"],
[" Μπρουνέι ", " Ασία "],
["Καμπότζη", "Ασία"],
["Κίνα", "Ασία"],
["Κύπρος", "Ασία"],
["Αίγυπτος", "Ασία"],
["Γεωργία", "Ασία"],
["Χονγκ Κονγκ", "Ασία"],
["Ινδία", "Ασία"],
["Ινδονησία", "Ασία"],
["Ιράν", "Ασία"],
[" Ιράκ ", " Ασία "],
["Ισραήλ", "Ασία"],
["Ιαπωνία", "Ασία"],
["Ιορδανία", "Ασία"],
["Καζακστάν", "Ασία"],
["Κουβέιτ", "Ασία"],
[" Κιργιστάν ", " Ασία "],
[" Λάος ", " Ασία "],
["Λίβανος", "Ασία"],
[" Μακάου ", " Ασία "],
[" Malαισία ", " Ασία "],
["Μαλδίβες", "Ασία"],
["Μογγολία", "Ασία"],
[" Μιανμάρ ", " Ασία "],
["Νεπάλ", "Ασία"],
["Βόρεια Κορέα", "Ασία"],
["Ομάν", "Ασία"],
["Πακιστάν", "Ασία"],
["Παλαιστίνη", "Ασία"],
["Φιλιππίνες", "Ασία"],
["Κατάρ", "Ασία"],
["Ρωσία", "Ασία"],
["Σαουδική Αραβία", "Ασία"],
["Σιγκαπούρη", "Ασία"],
["Νότια Κορέα", "Ασία"],
["Σρι Λάνκα", "Ασία"],
["Συρία", "Ασία"],
["Ταϊβάν", "Ασία"],
["Τατζικιστάν", "Ασία"],
["Ταϊλάνδη", "Ασία"],
["Ανατολικό Τιμόρ", "Ασία"],
["Τουρκία", "Ασία"],
["Τουρκμενιστάν", "Ασία"],
["Ηνωμένα Αραβικά Εμιράτα", "Ασία"],
["Ουζμπεκιστάν", "Ασία"],
["Βιετνάμ ", "Asia"],
["Υεμένη", "Ασία"],
["Αλβανία", "Ασία"],
["Ανδόρα", "Ευρώπη"],
["Αυστρία", "Ευρώπη"],
["Λευκορωσία", "Ευρώπη"],
["Βέλγιο", "Ευρώπη"],
["Βοσνία-Ερζεγοβίνη", "Ευρώπη"],
["Βουλγαρία", "Ευρώπη"],
["Κροατία", "Ευρώπη"],
["Κύπρος", "Ευρώπη"],
["Τσεχία ", "Ευρώπη"],
["Δανία", "Ευρώπη"],
["Εσθονία", "Ευρώπη"],
["Φινλανδία", "Ευρώπη"],
["Γαλλία", "Ευρώπη"],
["Γερμανία", "Ευρώπη"],
["Ελλάδα", "Ευρώπη"],
["Ουγγαρία", "Ευρώπη"],
["Ισλανδία", "Ευρώπη"],
["Ιρλανδία", "Ευρώπη"],
["Ιταλία", "Ευρώπη"],
["Λετονία", "Ευρώπη"],
["Λιχτενστάιν", "Ευρώπη"],
["Λιθουανία", "Ευρώπη"],
["Λουξεμβούργο", "Ευρώπη"],
["Μάλτα", "Ευρώπη"],
["Μολδαβία", "Ευρώπη"],
["Μονακό", "Ευρώπη"],
["Μαυροβούνιο", "Ευρώπη"],
["Ολλανδία", "Ευρώπη"],
["Βόρεια Μακεδονία", "Ευρώπη"],
["Νορβηγία", "Ευρώπη"],
["Πολωνία", "Ευρώπη"],
["Πορτογαλία", "Ευρώπη"],
["Ρουμανία", "Ευρώπη"],
["Σαν Μαρίνο", "Ευρώπη"],
["Σερβία", "Ευρώπη"],
["Σλοβακία", "Ευρώπη"],
["Σλοβενία", "Ευρώπη"],
["Ισπανία", "Ευρώπη"],
["Σουηδία", "Ευρώπη"],
["Ελβετία", "Ευρώπη"],
["Ουκρανία", "Ευρώπη"],
["Ηνωμένο Βασίλειο", "Ευρώπη"],
[" Αγία Έδρα", "Ευρώπη"],
["Αντίγκουα και Μπαρμπούντα", "Βόρεια Αμερική"],
["Μπαχάμες", "Βόρεια Αμερική"],
["Μπαρμπάντος", "Βόρεια Αμερική"],
["Μπελίζ", "Βόρεια Αμερική"],
["Καναδάς", "Βόρεια Αμερική"],
["Κόστα Ρίκα", "Βόρεια Αμερική"],
["Κούβα", "Βόρεια Αμερική"],
["Ντομίνικα", " Βόρεια Αμερική"],
["Δομινικανή Δημοκρατία", "Βόρεια Αμερική"],
[" Ελ Σαλβαδόρ ", " Βόρεια Αμερική "],
["Γρενάδα", "Βόρεια Αμερική"],
["Γουατεμάλα", " Βόρεια Αμερική"],
["Αϊτή", "Βόρεια Αμερική"],
[" Ονδούρα ", " Βόρεια Αμερική "],
["Τζαμάικα", "Βόρεια Αμερική"],
["Μεξικό", "Βόρεια Αμερική"],
["Νικαράγουα", "Βόρεια Αμερική"],
["Παναμάς", "Βόρεια Αμερική"],
["Άγιος Χριστόφορος και Νέβις ", " Βόρεια Αμερική "],
["Αγία Λουκία", "Βόρεια Αμερική"],
["Άγιος Βικέντιος και Γρεναδίνες", "Βόρεια Αμερική"],
[" Τρινιντάντ και Τομπάγκο ", " Βόρεια Αμερική "],
["Ηνωμένες Πολιτείες της Αμερικής", "Βόρεια Αμερική"],
["Αυστραλία", "Ωκεανία"],
["Φίτζι", "Ωκεανία"],
[" Κιριμπάτι ", " Ωκεανία "],
["Νήσοι Μάρσαλ", "Ωκεανία"],
[" Μικρονησία ", "Ωκεανία"],
[" Ναουρού ", " Ωκεανία "],
["Νέα Ζηλανδία", "Ωκεανία"],
["Παλάου", "Ωκεανία"],
["Παπούα Νέα Γουινέα", "Ωκεανία"],
[" Σαμόα ", " Ωκεανία "],
["Νησιά Σολομώντα", "Ωκεανία"],
[" Τόνγκα ", " Ωκεανία "],
[" Τουβαλού ", " Ωκεανία "],
[" Βανουάτου ", " Ωκεανία "],
["Αργεντινή", "Νότια Αμερική"],
[" Βολιβία ", " Νότια Αμερική "],
[" Βραζιλία ", " Νότια Αμερική "],
[" Χιλή ", " Νότια Αμερική "],
["Κολομβία", "Νότια Αμερική"],
["Εκουαδόρ", "Νότια Αμερική"],
["Γουιάνα", "Νότια Αμερική"],
["Παραγουάη", "Νότια Αμερική"],
[" Περού ", " Νότια Αμερική "],
[" Σουρινάμ ", " Νότια Αμερική "],
["Ουρουγουάη", "Νότια Αμερική"],
["Βενεζουέλα", " Νότια Αμερική"],
[" Ανταρκτική ", " Ανταρκτική "]
]
