[
["Αφγανιστάν", "AF"],
["Νήσοι Άλαντ", "AX"],
["Αλβανία", "AL"],
[" Αλγερία ", " DZ "],
[" Αμερικανική Σαμόα ", " AS "],
[" Ανδόρα ", " AD "],
[" Ανγκόλα ", " AO "],
[" Ανγκουίλα ", " AI "],
[" Ανταρκτική ", " AQ "],
[" Αντίγκουα και Μπαρμπούντα ", " AG "],
["Αργεντινή", "AR"],
["Αρμενία", "AM"],
[" Αρούμπα ", " AW "],
[" Αυστραλία ", " AU "],
[" Αυστρία ", " AT "],
["Αζερμπαϊτζάν", "AZ"],
[" Μπαχάμες ", " BS "],
[" Μπαχρέιν ", " BH "],
[" Μπαγκλαντές", "BD"],
[" Μπαρμπάντος ", " BB "],
["Λευκορωσία", "BY"],
["Βέλγιο", "BE"],
[" Μπελίζ ", " BZ "],
[" Μπενίν", "BJ"],
[" Βερμούδες", "BM"],
[" Μπουτάν ", " BT "],
[" Βολιβία ", " BO "],
["Μποναίρ", "BQ"],
[" Βοσνία και Ερζεγοβίνη ", " BA "],
["Μποτσουάνα", "BW"],
["Νησί Μπουβέ", "BV"],
[" Βραζιλία ", " BR "],
[" Βρετανικά Εδάφη Ινδικού Ωκεανού ", " IO "],
[" Μπρουνέι  ", " BN "],
[" Βουλγαρία", "BG"],
[" Μπουρκίνα Φάσο ", " BF "],
[" Μπουρουντί ", " BI "],
["Καμπότζη", "KH"],
["Καμερούν", "CM"],
["Καναδάς", "CA"],
["Πράσινο Ακρωτήριο", "CV"],
[" Νησιά Κέιμαν ", " KY "],
["Κεντροαφρικανική Δημοκρατία", "CF"],
[" Τσαντ ", " TD "],
[" Χιλή", "CL"],
[" Κίνα ", " CN "],
[" Νησί των Χριστουγέννων", "CX"],
["Νησιά Κόκος", "CC"],
["Κολομβία", "CO"],
["Κομόρες", "KM"],
["Λαϊκή Δημοκρατία του Κονγκό", "CG"],
["Δημοκρατία του Κονγκό", "CD"],
[" Νησιά Κουκ ", " CK "],
[" Κόστα Ρίκα", "CR"],
["Ακτή Ελεφαντοστού", "CI"],
[" Κροατία ", " HR "],
["Κούβα", "CU"],
["Κουρασάο", "CW"],
["Κύπρος", "CY"],
["Τσεχική Δημοκρατία", "CZ"],
["Δανία", "DK"],
[" Τζιμπουτί ", " DJ "],
["Ντομίνικα", "DM"],
["Δομινικανή Δημοκρατία", "DO"],
[" Εκουαδόρ ", " EC "],
[" Αίγυπτος ", " EG "],
[" Ελ Σαλβαδόρ ", " SV "],
[" Ισημερινή Γουινέα ", " GQ "],
[" Ερυθραία ", " ER "],
[" Εσθονία", "EE"],
[" Αιθιοπία", "ET"],
[" Νήσοι Φώκλαντ ", " FK "],
["Νήσοι Φερόες", "FO"],
["Φίτζι", "FJ"],
["Φινλανδία", "FI"],
[" Γαλλία ", " FR "],
["Γαλλική Γουιάνα", "GF"],
["Γαλλική Πολυνησία", "PF"],
["Γαλλικά νότια και ανταρκτικά νησιά", "TF"],
[" Γκαμπόν ", " GA "],
["Γκάμπια", "GM"],
[" Γεωργία", "GE"],
["Γερμανία", "DE"],
[" Γκάνα ", " GH "],
["Γιβραλτάρ", "GI"],
[" Ελλάδα ", " GR "],
[" Γροιλανδία ", " GL "],
["Γρενάδα", "GD"],
[" Γουαδελούπη ", " GP "],
["Γκουάμ", "GU"],
["Γουατεμάλα", "GT"],
[" Γκέρνσεϊ ", " GG "],
[" Γουινέα ", " GN "],
[" Γουινέα-Μπισάου", "GW"],
["Γουιάνα", "GY"],
["Αϊτή", "HT"],
["Νήσοι Χερντ και Μακ Ντόναλντ ", "HM"],
["Αγία Έδρα", "VA"],
["Ονδούρα", "HN"],
[" Χονγκ Κονγκ ", " HK "],
["Ουγγαρία", "HU"],
[" Ισλανδία ", " IS "],
[" Ινδία ", " IN "],
[" Ινδονησία", "ID"],
[" Ιράν ", " IR "],
[" Ιράκ ", " IQ "],
[" Ιρλανδία ", " IE "],
["Νήσος Μαν", "IM"],
[" Ισραήλ ", " IL "],
[" Ιταλία ", " IT "],
[" Τζαμάικα ", " JM "],
[" Ιαπωνία ", " JP "],
["Τζέρσεϊ", "JE"],
[" Ιορδανία ", " JO "],
["Καζακστάν ", "KZ"],
[" Κένυα", "KE"],
[" Κιριμπάτι", "KI"],
[" Βόρεια Κορέα", "KP"],
[" Νότια Κορέα", "KR"],
["Κουβέιτ", "KW"],
[" Κιργιστάν", "KG"],
["Λάος", "LA"],
[" Λετονία ", " LV "],
["Λίβανος", "LB"],
[" Λεσότο ", " LS "],
["Λιβερία", "LR"],
["Λιβύη ", "LY"],
["Λίχτενσταϊν", "LI"],
[" Λιθουανία", "LT"],
["Λουξεμβούργο", "LU"],
["Μακάου", "MO"],
[" Βόρεια Μακεδονία ", " MK "],
["Μαδαγασκάρη", "MG"],
[" Μαλάουι", "MW"],
[" Μαλαισία ", " MY "],
["Μαλδίβες", "MV"],
[" Μάλι ", " ML "],
[" Μάλτα", "MT"],
[" Νήσοι Μάρσαλ ", " MH "],
[" Μαρτινίκα ", " MQ "],
["Μαυριτανία", "MR"],
["Μαυρίκιος", "MU"],
[" Μαγιότ ", " YT "],
[" Μεξικό ", " MX "],
[" Μικρονησία ", " FM "],
[" Μολδαβία", " MD "],
[" Μονακό ", " MC "],
[" Μογγολία ", "MN"],
[" Μαυροβούνιο ", " ME "],
[" Μοντσερά", " MS "],
[" Μαρόκο", "MA"],
["Μοζαμβίκη", "MZ"],
[" Μιανμάρ", "MM"],
["Ναμίμπια", "NA"],
[" Ναουρού ", " NR "],
["Νεπάλ", "NP"],
[" Ολλανδία ", " NL "],
["Νέα Καληδονία", "NC"],
["Νέα Ζηλανδία", "NZ"],
["Νικαράγουα", "NI"],
["Νίγηρας", "NE"],
["Νιγηρία ", "NG"],
["Νίουε", "NU"],
["Νησί Νόρφολκ", "NF"],
["Βόρειες Μαριάνες Νήσοι ", "MP"],
[" Νορβηγία", "NO"],
[" Ομάν ", " OM "],
["Πακιστάν", "PK"],
[" Παλάου ", " PW "],
[" Παλαιστίνη ", " PS "],
[" Παναμάς ", " PA "],
["Παπούα Νέα Γουινέα", "PG"],
[" Παραγουάη", "PY"],
[" Περού", "PE"],
["Φιλιππίνες", "PH"],
["Νήσοι Πίτκαιρν", "PN"],
[" Πολωνία", "PL"],
[" Πορτογαλία", "PT"],
[" Πουέρτο Ρίκο ", " PR "],
[" Κατάρ ", " QA "],
["Ρεουνιόν ", "RE"],
[" Ρουμανία", "RO"],
[" Ρωσία", "RU"],
["Ρουάντα", "RW"],
["Άγιος Βαρθολομαίος", "BL"],
["Αγία Ελένη", "SH"],
["Άγιος Χριστόφορος και Νέβις ", "KN"],
["Αγία Λουκία", "LC"],
["Άγιος Μαρτίνος (Γαλλικό τμήμα)", "MF"],
[" Άγιος Πιερ και Μικελόν ", " PM "],
["Άγιος Βικέντιος και Γρεναδίνες", "VC"],
[" Σαμόα ", " WS "],
[" Σαν Μαρίνο", "SM"],
[" Σάο Τομέ και Πρίνσιπε ", "ST"],
["Σαουδική Αραβία", "SA"],
["Σενεγάλη", "SN"],
[" Σερβία", "RS"],
["Σεϋχέλλες", "SC"],
[" Σιέρα Λεόνε ", " SL "],
["Σιγκαπούρη", "SG"],
["Άγιος Μαρτίνος (ολλανδικό τμήμα)", "SX"],
["Σλοβακία", "SK"],
["Σλοβενία", "SI"],
["Νήσοι Σολομώντος", "SB"],
["Σομαλία", "SO"],
[" Νότια Αφρική", "ZA"],
["Νότιος Γεωργία και Νότιοι Νήσοι Σάντουιτς", "GS"],
["Νότιο Σουδάν", "SS"],
["Ισπανία", "ES"],
["Σρι Λάνκα", "LK"],
["Σουδάν", "SD"],
["Σουρινάμ", "SR"],
["Σβάλμπαρντ και Γιαν Μάγεν", "SJ"],
["Σουαζιλάνδη", "SZ"],
["Σουηδία", "SE"],
["Ελβετία", "CH"],
["Συρία", "SY"],
["Ταϊβάν", "TW"],
[" Τατζικιστάν ", " TJ "],
[" Τανζανία", "TZ"],
["Ταϊλάνδη", "TH"],
[" Ανατολικό Τιμόρ ", " TL "],
[" Τόγκο", "TG"],
[" Τοκελάου ", " TK "],
[" Τόνγκα", "TO"],
[" Τρινιντάντ και Τομπάγκο ", " TT "],
["Τυνησία", "TN"],
[" Τουρκία", "TR"],
[" Τουρκμενιστάν", "TM"],
[" Νήσοι Τερκς και Κάικος", "TC"],
[" Τουβαλού ", " TV "],
[" Ουγκάντα", "UG"],
["Ουκρανία", "UA"],
["Ηνωμένα Αραβικά Εμιράτα", "AE"],
[" Ηνωμένο Βασίλειο", "GB"],
["Ηνωμένες Πολιτείες", "US"],
["Απομακρυσμένες Νησίδες ΗΠΑ", "UM"],
["Ουρουγουάη", "UY"],
["Ουζμπεκιστάν", "UZ"],
[" Βανουάτου ", " VU "],
["Βενεζουέλα", "VE"],
["Βιετνάμ", "VN"],
["Βρετανικές Παρθένοι Νήσοι ", "VG"],
["Αμερικανικές Παρθένοι Νήσοι", "VI"],
["Ουώλλις και Φουτούνα", "WF"],
["Δυτική Σαχάρα", "EH"],
[" Υεμένη", "YE"],
["Ζάμπια", "ZM"],
["Ζιμπάμπουε", "ZW"]
]
