[
["Κίνα", "Λι Κεσιάν"],
["Ινδία", "Ναρέντρα Μόντι"],
["Ηνωμένες Πολιτείες", "Αυτή η χώρα δεν έχει πρωθυπουργό"],
["Ινδονησία", "Αυτή η χώρα δεν έχει πρωθυπουργό"],
["Πακιστάν", "Σεχμπάζ Σαρίφ"],
["Βραζιλία", "Αυτή η χώρα δεν έχει πρωθυπουργό"],
["Νιγηρία", "Αυτή η χώρα δεν έχει πρωθυπουργό"],
["Μπαγκλαντές", "Σεΐχ Χασίνα"],
["Ρωσία", "Μιχαήλ Μισούστιν"],
["Μεξικό", "Αυτή η χώρα δεν έχει πρωθυπουργό"],
["Ιαπωνία", "Φουμίο Κισίντα"],
["Αιθιοπία", "Άμπιι Αχμέτ"],
["Φιλιππίνες", "Αυτή η χώρα δεν έχει πρωθυπουργό"],
["Αίγυπτος", "Μουσταφά Μαντμπουλί"],
["Βιετνάμ", "Φαμ Μιν Τσιν"],
["ΛΔ Κονγκό", "Ζαν Μισέλ Σαμά Λικόντ"],
["Τουρκία", "Αυτή η χώρα δεν έχει πρωθυπουργό"],
["Ιράν", "Αυτή η χώρα δεν έχει πρωθυπουργό"],
["Γερμανία", "Καγκελάριος Όλαφ Σολτς"],
["Ταϊλάνδη", "Πραγιούθ Τσαν-ότσα"],
["Ηνωμένο Βασίλειο", "Μπόρις Τζόνσον"],
["Γαλλία", "Ζαν Καστέξ"],
["Ιταλία", "Μάριο Ντράγκι"],
["Τανζανία", "Κασίμ Ματζαλίουα"],
["Νότια Αφρική", "Αυτή η χώρα δεν έχει πρωθυπουργό"],
["Μιανμάρ", "Μιν Αούνγκ Χλάινγκ"],
["Κένυα", "Αυτή η χώρα δεν έχει πρωθυπουργό"],
["Νότια Κορέα", "Κιμ Μπου-κιουμ"],
["Κολομβία", "Αυτή η χώρα δεν έχει πρωθυπουργό"],
["Ισπανία", "Πέδρο Σάντσεθ"],
["Ουγκάντα", "Ρομπίνα Ναμπάντζα"],
["Αργεντινή", "Αυτή η χώρα δεν έχει πρωθυπουργό"],
["Αλγερία", "Αϊμέν Μπεναμπντεραμάν"],
["Σουδάν", "Οσμάν Χουσεΐν"],
["Ουκρανία", "Ντενίς Σμιγκάλ"],
["Ιράκ", "Μουσταφά Αλ-Καντίμι"],
["Αφγανιστάν", "Χασάν Ακχούντ"],
["Πολωνία", "Ματέους Μοραβιέτσκι"],
["Καναδάς", "Τζάστιν Τρυντώ"],
["Μαρόκο", "Αζίζ Αχανούς"],
["Σαουδική Αραβία", "Πρίγκηπας Μοχάμεντ Μπιν Σαλμάν αλ Σαουντ"],
["Ουζμπεκιστάν", "Αμπντουλά Aρίποφ"],
["Περού", "Ανίμπαλ Τόρες"],
["Αγκόλα", "Αυτή η χώρα δεν έχει πρωθυπουργό"],
["Μαλαισία", "Ισμαήλ Σαμπρί Γιαακόμπ"],
["Μοζαμβίκη", "Αντριάνο Μαλεγιάνε"],
["Γκάνα", "Νάνα Ακούφο-Άντο"],
["Υεμένη", "Μαΐν Αμπντουλμαλίκ Σαΐντ"],
["Νεπάλ", "Σερ Μπαχαντούρ Ντέουμπα"],
["Βενεζουέλα", "Ντέλσι Ροδρίγκες"],
["Μαδαγασκάρη", "Κριστιάν Εντσαΐ"],
["Καμερούν", "Τζόζεφ Ενγκούτε"],
["Ακτή Ελεφαντοστού", "Πατρίκ Ασί"],
["Βόρεια Κορέα", "Κιμ Τόκ-ουν"],
["Αυστραλία", "Σκοτ Μόρισον"],
["Νίγηρας", "Ουχουμουντού Μαχαμαντού"],
["Ταϊβάν", "Σου Τσεν Τσαν"],
["Σρι Λάνκα", "Μαχίντα Ραγιαπάκσε"],
["Μπουρκίνα Φάσο", "Αλμπέρ Ουεντραογκό"],
["Μάλι", "Σογκέλ Κοκαλά Μαϊγκά"],
["Ρουμανία", "Νικολάε Τσιούκα"],
["Μαλάουι", "Αυτή η χώρα δεν έχει πρωθυπουργό"],
["Χιλή", "Αυτή η χώρα δεν έχει πρωθυπουργό"],
["Καζακστάν", "Αλιχάν Σμαΐλοφ"],
["Ζάμπια", "Αυτή η χώρα δεν έχει πρωθυπουργό"],
["Γουατεμάλα", "Αυτή η χώρα δεν έχει πρωθυπουργό"],
["Εκουαδόρ", "Αυτή η χώρα δεν έχει πρωθυπουργό"],
["Συρία", "Χουσεΐν Αρνούς"],
["Ολλανδία", "Μαρκ Ρούτε"],
["Σενεγάλη", "Αυτή η χώρα δεν έχει πρωθυπουργό"],
["Καμπότζη", "Χουν Σεν"],
["Τσαντ", "Αλμπέρ Παϊμί Παντακέ"],
["Σομαλία", "Μοχάμεντ Χουσεΐν Ρόμπλε"],
["Ζιμπάμπουε", "Αυτή η χώρα δεν έχει πρωθυπουργό"],
["Γουινέα", "Μοχάμεντ Μπεαβογκί"],
["Ρουάντα", "Εντουάρ Ενζιράντ"],
["Μπενίν", "Αυτή η χώρα δεν έχει πρωθυπουργό"],
["Μπουρούντι", "Αλέν-Γκιγιόμ Μπουνιονί"],
["Τυνησία", "Χισέμ Μεσισί"],
["Βολιβία", "Αυτή η χώρα δεν έχει πρωθυπουργό"],
["Βέλγιο", "Αλεξάντερ Ντε Κρο"],
["Αϊτή", "Αριέλ Ανρί"],
["Κούβα", "Μανουέλ Μαρέλλο Κρούζ"],
["Νότιο Σουδάν", "Αυτή η χώρα δεν έχει πρωθυπουργό"],
["Δομινικανή Δημοκρατία", "Αυτή η χώρα δεν έχει πρωθυπουργό"],
["Τσεχική Δημοκρατία (Τσεχία)", "Πετρ Φίαλα"],
["Ελλάδα", "Κυριάκος Μητσοτάκης"],
["Ιορδανία", "Μπισέρ Αλ Χασάουνεχ"],
["Πορτογαλία", "Αντόνιο Κόστα"],
["Αζερμπαϊτζάν", "Αλί Ασάντοφ"],
["Σουηδία", "Μαγκνταλένα Άντερσον"],
["Ονδούρα", "Αυτή η χώρα δεν έχει πρωθυπουργό"],
["Ηνωμένα Αραβικά Εμιράτα", "Μοχάμεντ μπιν Ρασίντ αλ Μακτούμ"],
["Ουγγαρία", "Βίκτορ Όρμπαν"],
["Τατζικιστάν", "Κοχίρ Ρασουλζόντα"],
["Λευκορωσία", "Ρόμαν Γκολοβτσένκο"],
["Αυστρία", "Καγκελάριος Καρλ Νεχάμερ"],
["Παπούα Νέα Γουινέα", "Τζέιμς Μαράπε"],
["Σερβία", "Άνα Μπρνάμπιτς"],
["Ισραήλ", "Ναφτάλι Μπένετ"],
["Ελβετία", "Καγκελάριος Βάλτερ Τούρνχερ"],
["Τόγκο", "Βικτουάρ Τομεγκά Ντογκμπέ"],
["Σιέρα Λεόνε", "Αυτή η χώρα δεν έχει πρωθυπουργό"],
["Χονγκ Κονγκ", "Αυτή η χώρα δεν έχει πρωθυπουργό"],
["Λάος", "Αυτή η χώρα δεν έχει πρωθυπουργό"],
["Παραγουάη", "Αυτή η χώρα δεν έχει πρωθυπουργό"],
["Βουλγαρία", "Κίριλ Πέτκοφ"],
["Λιβύη", "Αυτή η χώρα δεν έχει πρωθυπουργό"],
["Λίβανος", "Νατζίμπ Μικάτι"],
["Νικαράγουα", "Αυτή η χώρα δεν έχει πρωθυπουργό"],
["Κιργιστάν", "Ακιλμπέκ Τζαπάροφ"],
["Ελ Σαλβαδόρ", "Αυτή η χώρα δεν έχει πρωθυπουργό"],
["Τουρκμενιστάν", "Αυτή η χώρα δεν έχει πρωθυπουργό"],
["Σιγκαπούρη", "Λι Χσιε Λουνγκ"],
["Δανία", "Μέττε Φρεντέρικσεν"],
["Φινλανδία", "Σάνα Μάριν"],
["Δημοκρατία του Κονγκό", "Ανατόλ Κολινέ Μακοσό"],
["Σλοβακία", "Έντουαρντ Χέγκερ"],
["Νορβηγία", "Γιούνας Γκαρ Στόρε"],
["Ομάν", "Σουλτάνος Χαϊθάμ μπιν Ταρίκ"],
["Παλαιστίνη", "Μοχάμαντ Σταγιέχ"],
["Κόστα Ρίκα", "Αυτή η χώρα δεν έχει πρωθυπουργό"],
["Λιβερία", "Αυτή η χώρα δεν έχει πρωθυπουργό"],
["Ιρλανδία", "Μιχόλ Μάρτιν"],
["Κεντροαφρικανική Δημοκρατία", "Φελίξ Μολουά"],
["Νέα Ζηλανδία", "Τζασίντα Άρντερν"],
["Μαυριτανία", "Μοχάμεντ Ουλντ Μπιλάλ"],
["Παναμάς", "Αυτή η χώρα δεν έχει πρωθυπουργό"],
["Κουβέιτ", "Σαμπαχ Αλ-Καλιντ Αλ-Σαμπάχ"],
["Κροατία", "Αντρέι Πλένκοβιτς"],
["Μολδαβία", "Νατάλια Γκαβριλίτσα"],
["Γεωργία", "Ιρακλί Γκαριμπασβίλι"],
["Ερυθραία", "Αυτή η χώρα δεν έχει πρωθυπουργό"],
["Ουρουγουάη", "Αυτή η χώρα δεν έχει πρωθυπουργό"],
["Βοσνία-Ερζεγοβίνη", "Ζόραν Τεγκελτιζα"],
["Μογγολία", "Λουβσαναμσράιν Ογιούν-Έρντενε"],
["Αρμενία", "Νικόλ Πασινιάν"],
["Τζαμάικα", "Άντριου Χόλνες"],
["Κατάρ", "Σεϊχης Χαλίντ μπιν Χαλίφα"],
["Αλβανία", "Έντι Ράμα"],
["Πουέρτο Ρίκο", "Αυτή η χώρα δεν έχει πρωθυπουργό"],
["Λιθουανία", "Ίνγκριτα Σιμονιτέ"],
["Ναμίμπια", "Σάρα Κουγκονγκέλουα"],
["Γκάμπια", "Αυτή η χώρα δεν έχει πρωθυπουργό"],
["Μποτσουάνα", "Αυτή η χώρα δεν έχει πρωθυπουργό"],
["Γκαμπόν", "Ροζ Κριστιάν Ραποντά"],
["Λεσότο", "Μοκέτσι Ματζόρο"],
["Βόρεια Μακεδονία", "Ντίμιταρ Κοβατσέφσκι"],
["Σλοβενία", "Γιάνεζ Γιάνσα"],
["Γουινέα-Μπισσάου", "Νούνο Γκόμες Ναμπιάμ"],
["Λετονία", "Κριστιάνις Κάρινς"],
["Μπαχρέιν", "Πρίγκηπας Σαλμάν μπιν Χαμάντ αλ Χαλίφα"],
["Ισημερινή Γουινέα", "Φρανσίσκο Πασκουάλ Ομπάμα Ασούε"],
["Τρινιντάντ και Τομπάγκο", "Κιθ Ρόουλι"],
["Εσθονία", "Κάγια Κάλας"],
["Ανατολικό Τιμόρ", "Ταούρ Ματάν Ρουάκ"],
["Μαυρίκιος", "Πράβιντ Τζάγκνοτ"],
["Κύπρος", "Αυτή η χώρα δεν έχει πρωθυπουργό"],
["Εσουατίνι", "Κλεόπας Ντλαμίνι"],
["Τζιμπουτί", "Αμπντουλκαντέρ Καμίλ Μοχάμεντ"],
["Φίτζι", "Φρανκ Μπαϊνιμαράμα"],
["Ρεϋνιόν", "Αυτή η χώρα δεν έχει πρωθυπουργό"],
["Κομόρες", "Αυτή η χώρα δεν έχει πρωθυπουργό"],
["Γουιάνα", "Μαρκ Φίλιπς"],
["Μπουτάν", "Λοτάι Τσέρινγκ"],
["Νήσοι Σολομώντα", "Μανάσε Σογκαβάρε"],
["Μακάου", "Αυτή η χώρα δεν έχει πρωθυπουργό"],
["Μαυροβούνιο", "Ζντράβκο Κριβοκάπιτς"],
["Λουξεμβούργο", "Σαβιέ Μπετέλ"],
["Σουρινάμ", "Αυτή η χώρα δεν έχει πρωθυπουργό"],
["Πράσινο Ακρωτήριο", "Ουλίσες Κορέια ε Σίλβα"],
["Μικρονησία", "Αυτή η χώρα δεν έχει πρωθυπουργό"],
["Μαλδίβες", "Αυτή η χώρα δεν έχει πρωθυπουργό"],
["Μάλτα", "Ρόμπερτ Αμπέλα"],
["Μπρουνέι", "Αυτή η χώρα δεν έχει πρωθυπουργό"],
["Γουαδελούπη", "Αυτή η χώρα δεν έχει πρωθυπουργό"],
["Μπελίζ", "Τζόνι Μπρικένιο"],
["Μπαχάμες", "Φίλιπ Ντέιβις"],
["Μαρτινίκα", "Αυτή η χώρα δεν έχει πρωθυπουργό"],
["Ισλανδία", "Κατρίν Γιακομπσντότιρ"],
["Βανουάτου", "Μπομπ Λάφμαν"],
["Μπαρμπάντος", "Μία Μότλεϊ"],
["Νέα Καληδονία", "Αυτή η χώρα δεν έχει πρωθυπουργό"],
["Μαγιότ", "Αυτή η χώρα δεν έχει πρωθυπουργό"],
["Σάο Τομέ και Πρίνσιπε", "Ζορζέ Μπομ Ζεσούς"],
["Σαμόα", "Αυτή η χώρα δεν έχει πρωθυπουργό"],
["Αγία Λουκία", "Φίλιπ Τζόζεφ Πιερ"],
["Γκουάμ", "Αυτή η χώρα δεν έχει πρωθυπουργό"],
["Κουρασάο", "Αυτή η χώρα δεν έχει πρωθυπουργό"],
["Κιριμπάτι", "Αυτή η χώρα δεν έχει πρωθυπουργό"],
["Γρενάδα", "Κιθ Μίτσελ"],
["Άγιος Βικέντιος και Γρεναδίνες", "Ραλφ Γκονσάλβες"],
["Αρούμπα", "Έβελιν Γουέβερ-Κρους"],
["Τόνγκα", "Σιαόσι Σοβαλένι"],
["Αμερικανικές Παρθένοι Νήσοι", ""],
["Σεϋχέλλες", "Αυτή η χώρα δεν έχει πρωθυπουργό"],
["Αντίγκουα και Μπαρμπούντα", "Γκαστόν Μπράουν"],
["Ανδόρρα", "Ζαβιέρ Εσπότ Ζαμόρα"],
["Δομινίκα", "Ρούζβελτ Σκέριτ"],
["Νήσοι Κέιμαν", "Ουέιν Πάντον"],
["Βερμούδες", "Έντουαρντ Ντέιβιντ Μπαρτ"],
["Νήσοι Μάρσαλ", "Αυτή η χώρα δεν έχει πρωθυπουργό"],
["Βόρειες Μαριάνες", "Αυτή η χώρα δεν έχει πρωθυπουργό"],
["Γροιλανδία", "Μούτσι Μπούροπ Έγκεντε"],
["Αμερικανική Σαμόα", "Αυτή η χώρα δεν έχει πρωθυπουργό"],
["Άγιος Χριστόφορος και Νέβις", "Τίμοθι Χάρις"],
["Νήσοι Φερόες", "Μπάρδουρ α Στέιγκ Νίλσεν"],
["Αγιος Μαρτίνος", "Σιλβέρια Γιάκομπς"],
["Μονακό", "Πιερ Νταρτού"],
["Τερκς και Κάικος", "Ουάσινγκτον Μίσικ"],
["Λιχτενστάιν", "Ντάνιελ Ρις"],
["Άγιος Μαρίνος", "Αυτή η χώρα δεν έχει πρωθυπουργό"],
["Γιβραλτάρ", "Φάμπιαν Πικάρντο"],
["Βρετανικές Παρθένοι Νήσοι", "Άντριου Φόι"],
["Παλάου", "Αυτή η χώρα δεν έχει πρωθυπουργό"],
["Νήσοι Κουκ", "Μαρκ Μπράουν"],
["Ανγκουίλα", "Έλις Ουέμπστερ"],
["Τουβαλού", "Καουσέα Νατάνο"],
["Ουαλίς και Φουτουνά", ""],
["Ναούρου", "Αυτή η χώρα δεν έχει πρωθυπουργό"],
["Αγία Ελένη", "Τζούλι Τόμας"],
["Άγιος Πιερ & Μικελόν", "Αυτή η χώρα δεν έχει πρωθυπουργό"],
["Μοντσερράτ", "Ίστον Τέιλορ-Φάρελ"],
["Νήσοι Φόκλαντ", "Άντι Κίλινγκ"],
["Τοκελάου", "Κελιχιάνο Καλόλο"],
["Αγία Έδρα", "Καρδινάλιος Πιέτρο Παρολίν"]
]
